[0.060s] Invoking command in '/home/lzy/lbot_ws/build/lbot_camera_motion': AMENT_PREFIX_PATH=/home/lzy/lbot_ws/install/lbot_arm_interfaces:${AMENT_PREFIX_PATH} CMAKE_PREFIX_PATH=/home/lzy/lbot_ws/install/lbot_arm_interfaces:/opt/ros/jazzy/opt/gz_math_vendor:/opt/ros/jazzy/opt/gz_utils_vendor:/opt/ros/jazzy/opt/gz_cmake_vendor:/opt/ros/jazzy LD_LIBRARY_PATH=/home/lzy/lbot_ws/install/lbot_arm_interfaces/lib:${LD_LIBRARY_PATH} PYTHONPATH=/home/lzy/lbot_ws/install/lbot_arm_interfaces/lib/python3.12/site-packages:${PYTHONPATH} /usr/bin/cmake --build /home/lzy/lbot_ws/build/lbot_camera_motion -- -j24 -l24
[0.087s] [100%] Built target camera_motion_node
[0.091s] Invoked command in '/home/lzy/lbot_ws/build/lbot_camera_motion' returned '0': AMENT_PREFIX_PATH=/home/lzy/lbot_ws/install/lbot_arm_interfaces:${AMENT_PREFIX_PATH} CMAKE_PREFIX_PATH=/home/lzy/lbot_ws/install/lbot_arm_interfaces:/opt/ros/jazzy/opt/gz_math_vendor:/opt/ros/jazzy/opt/gz_utils_vendor:/opt/ros/jazzy/opt/gz_cmake_vendor:/opt/ros/jazzy LD_LIBRARY_PATH=/home/lzy/lbot_ws/install/lbot_arm_interfaces/lib:${LD_LIBRARY_PATH} PYTHONPATH=/home/lzy/lbot_ws/install/lbot_arm_interfaces/lib/python3.12/site-packages:${PYTHONPATH} /usr/bin/cmake --build /home/lzy/lbot_ws/build/lbot_camera_motion -- -j24 -l24
[0.095s] Invoking command in '/home/lzy/lbot_ws/build/lbot_camera_motion': AMENT_PREFIX_PATH=/home/lzy/lbot_ws/install/lbot_arm_interfaces:${AMENT_PREFIX_PATH} CMAKE_PREFIX_PATH=/home/lzy/lbot_ws/install/lbot_arm_interfaces:/opt/ros/jazzy/opt/gz_math_vendor:/opt/ros/jazzy/opt/gz_utils_vendor:/opt/ros/jazzy/opt/gz_cmake_vendor:/opt/ros/jazzy LD_LIBRARY_PATH=/home/lzy/lbot_ws/install/lbot_arm_interfaces/lib:${LD_LIBRARY_PATH} PYTHONPATH=/home/lzy/lbot_ws/install/lbot_arm_interfaces/lib/python3.12/site-packages:${PYTHONPATH} /usr/bin/cmake --install /home/lzy/lbot_ws/build/lbot_camera_motion
[0.098s] -- Install configuration: ""
[0.098s] -- Execute custom install script
[0.098s] -- Up-to-date symlink: /home/lzy/lbot_ws/install/lbot_camera_motion/lib/lbot_camera_motion/camera_motion_node
[0.099s] -- Up-to-date symlink: /home/lzy/lbot_ws/install/lbot_camera_motion/share/lbot_camera_motion/launch/__pycache__/camera_motion.launch.cpython-312.pyc
[0.099s] -- Up-to-date symlink: /home/lzy/lbot_ws/install/lbot_camera_motion/share/lbot_camera_motion/launch/__pycache__/camera_motion_retract.launch.cpython-312.pyc
[0.099s] -- Up-to-date symlink: /home/lzy/lbot_ws/install/lbot_camera_motion/share/lbot_camera_motion/launch/camera_motion.launch.py
[0.099s] -- Up-to-date symlink: /home/lzy/lbot_ws/install/lbot_camera_motion/share/lbot_camera_motion/launch/camera_motion_retract.launch.py
[0.099s] -- Up-to-date symlink: /home/lzy/lbot_ws/install/lbot_camera_motion/share/ament_index/resource_index/package_run_dependencies/lbot_camera_motion
[0.099s] -- Up-to-date symlink: /home/lzy/lbot_ws/install/lbot_camera_motion/share/ament_index/resource_index/parent_prefix_path/lbot_camera_motion
[0.099s] -- Up-to-date symlink: /home/lzy/lbot_ws/install/lbot_camera_motion/share/lbot_camera_motion/environment/ament_prefix_path.sh
[0.099s] -- Up-to-date symlink: /home/lzy/lbot_ws/install/lbot_camera_motion/share/lbot_camera_motion/environment/ament_prefix_path.dsv
[0.099s] -- Up-to-date symlink: /home/lzy/lbot_ws/install/lbot_camera_motion/share/lbot_camera_motion/environment/path.sh
[0.099s] -- Up-to-date symlink: /home/lzy/lbot_ws/install/lbot_camera_motion/share/lbot_camera_motion/environment/path.dsv
[0.100s] -- Up-to-date symlink: /home/lzy/lbot_ws/install/lbot_camera_motion/share/lbot_camera_motion/local_setup.bash
[0.100s] -- Up-to-date symlink: /home/lzy/lbot_ws/install/lbot_camera_motion/share/lbot_camera_motion/local_setup.sh
[0.100s] -- Up-to-date symlink: /home/lzy/lbot_ws/install/lbot_camera_motion/share/lbot_camera_motion/local_setup.zsh
[0.100s] -- Up-to-date symlink: /home/lzy/lbot_ws/install/lbot_camera_motion/share/lbot_camera_motion/local_setup.dsv
[0.100s] -- Symlinking: /home/lzy/lbot_ws/install/lbot_camera_motion/share/lbot_camera_motion/package.dsv
[0.103s] -- Up-to-date symlink: /home/lzy/lbot_ws/install/lbot_camera_motion/share/ament_index/resource_index/packages/lbot_camera_motion
[0.103s] -- Up-to-date symlink: /home/lzy/lbot_ws/install/lbot_camera_motion/share/lbot_camera_motion/cmake/lbot_camera_motionConfig.cmake
[0.103s] -- Up-to-date symlink: /home/lzy/lbot_ws/install/lbot_camera_motion/share/lbot_camera_motion/cmake/lbot_camera_motionConfig-version.cmake
[0.103s] -- Up-to-date symlink: /home/lzy/lbot_ws/install/lbot_camera_motion/share/lbot_camera_motion/package.xml
[0.104s] Invoked command in '/home/lzy/lbot_ws/build/lbot_camera_motion' returned '0': AMENT_PREFIX_PATH=/home/lzy/lbot_ws/install/lbot_arm_interfaces:${AMENT_PREFIX_PATH} CMAKE_PREFIX_PATH=/home/lzy/lbot_ws/install/lbot_arm_interfaces:/opt/ros/jazzy/opt/gz_math_vendor:/opt/ros/jazzy/opt/gz_utils_vendor:/opt/ros/jazzy/opt/gz_cmake_vendor:/opt/ros/jazzy LD_LIBRARY_PATH=/home/lzy/lbot_ws/install/lbot_arm_interfaces/lib:${LD_LIBRARY_PATH} PYTHONPATH=/home/lzy/lbot_ws/install/lbot_arm_interfaces/lib/python3.12/site-packages:${PYTHONPATH} /usr/bin/cmake --install /home/lzy/lbot_ws/build/lbot_camera_motion
