[0.075s] Invoking command in '/home/lzy/lbot_ws/build/lbot_camera_motion': AMENT_PREFIX_PATH=/home/lzy/lbot_ws/install/lbot_arm_interfaces:${AMENT_PREFIX_PATH} CMAKE_PREFIX_PATH=/home/lzy/lbot_ws/install/lbot_arm_interfaces:/opt/ros/jazzy/opt/gz_math_vendor:/opt/ros/jazzy/opt/gz_utils_vendor:/opt/ros/jazzy/opt/gz_cmake_vendor:/opt/ros/jazzy LD_LIBRARY_PATH=/home/lzy/lbot_ws/install/lbot_arm_interfaces/lib:${LD_LIBRARY_PATH} PYTHONPATH=/home/lzy/lbot_ws/install/lbot_arm_interfaces/lib/python3.12/site-packages:${PYTHONPATH} /usr/bin/cmake /home/lzy/lbot_ws/src/lbot_camera_motion -DAMENT_CMAKE_SYMLINK_INSTALL=1 -DCMAKE_INSTALL_PREFIX=/home/lzy/lbot_ws/install/lbot_camera_motion
[0.210s] -- The C compiler identification is GNU 13.3.0
[0.484s] -- The CXX compiler identification is GNU 13.3.0
[0.723s] -- Detecting C compiler ABI info
[0.839s] -- Detecting C compiler ABI info - done
[0.843s] -- Check for working C compiler: /usr/bin/cc - skipped
[0.844s] -- Detecting C compile features
[0.845s] -- Detecting C compile features - done
[0.885s] -- Detecting CXX compiler ABI info
[0.999s] -- Detecting CXX compiler ABI info - done
[1.003s] -- Check for working CXX compiler: /usr/bin/c++ - skipped
[1.003s] -- Detecting CXX compile features
[1.003s] -- Detecting CXX compile features - done
[1.006s] -- Found ament_cmake: 2.5.6 (/opt/ros/jazzy/share/ament_cmake/cmake)
[1.087s] -- Found Python3: /usr/bin/python3 (found version "3.12.3") found components: Interpreter 
[1.133s] -- Override CMake install command with custom implementation using symlinks instead of copying resources
[1.164s] -- Found rclcpp: 28.1.21 (/opt/ros/jazzy/share/rclcpp/cmake)
[1.269s] -- Found rosidl_generator_c: 4.6.9 (/opt/ros/jazzy/share/rosidl_generator_c/cmake)
[1.278s] -- Found rosidl_generator_cpp: 4.6.9 (/opt/ros/jazzy/share/rosidl_generator_cpp/cmake)
[1.293s] -- Using all available rosidl_typesupport_c: rosidl_typesupport_fastrtps_c;rosidl_typesupport_introspection_c
[1.305s] -- Using all available rosidl_typesupport_cpp: rosidl_typesupport_fastrtps_cpp;rosidl_typesupport_introspection_cpp
[1.363s] -- Found rmw_implementation_cmake: 7.3.3 (/opt/ros/jazzy/share/rmw_implementation_cmake/cmake)
[1.365s] -- Found rmw_fastrtps_cpp: 8.4.4 (/opt/ros/jazzy/share/rmw_fastrtps_cpp/cmake)
[1.416s] -- Found OpenSSL: /usr/lib/x86_64-linux-gnu/libcrypto.so (found version "3.0.13")  
[1.503s] -- Found FastRTPS: /opt/ros/jazzy/include (Required is at least version "2.13") 
[1.549s] -- Using RMW implementation 'rmw_fastrtps_cpp' as default
[1.664s] -- Found sensor_msgs: 5.3.8 (/opt/ros/jazzy/share/sensor_msgs/cmake)
[1.710s] -- Found lbot_arm_interfaces: 0.0.0 (/home/lzy/lbot_ws/install/lbot_arm_interfaces/share/lbot_arm_interfaces/cmake)
[1.791s] -- Configuring done (1.7s)
[1.797s] -- Generating done (0.0s)
[1.799s] -- Build files have been written to: /home/lzy/lbot_ws/build/lbot_camera_motion
[1.804s] Invoked command in '/home/lzy/lbot_ws/build/lbot_camera_motion' returned '0': AMENT_PREFIX_PATH=/home/lzy/lbot_ws/install/lbot_arm_interfaces:${AMENT_PREFIX_PATH} CMAKE_PREFIX_PATH=/home/lzy/lbot_ws/install/lbot_arm_interfaces:/opt/ros/jazzy/opt/gz_math_vendor:/opt/ros/jazzy/opt/gz_utils_vendor:/opt/ros/jazzy/opt/gz_cmake_vendor:/opt/ros/jazzy LD_LIBRARY_PATH=/home/lzy/lbot_ws/install/lbot_arm_interfaces/lib:${LD_LIBRARY_PATH} PYTHONPATH=/home/lzy/lbot_ws/install/lbot_arm_interfaces/lib/python3.12/site-packages:${PYTHONPATH} /usr/bin/cmake /home/lzy/lbot_ws/src/lbot_camera_motion -DAMENT_CMAKE_SYMLINK_INSTALL=1 -DCMAKE_INSTALL_PREFIX=/home/lzy/lbot_ws/install/lbot_camera_motion
[1.805s] Invoking command in '/home/lzy/lbot_ws/build/lbot_camera_motion': AMENT_PREFIX_PATH=/home/lzy/lbot_ws/install/lbot_arm_interfaces:${AMENT_PREFIX_PATH} CMAKE_PREFIX_PATH=/home/lzy/lbot_ws/install/lbot_arm_interfaces:/opt/ros/jazzy/opt/gz_math_vendor:/opt/ros/jazzy/opt/gz_utils_vendor:/opt/ros/jazzy/opt/gz_cmake_vendor:/opt/ros/jazzy LD_LIBRARY_PATH=/home/lzy/lbot_ws/install/lbot_arm_interfaces/lib:${LD_LIBRARY_PATH} PYTHONPATH=/home/lzy/lbot_ws/install/lbot_arm_interfaces/lib/python3.12/site-packages:${PYTHONPATH} /usr/bin/cmake --build /home/lzy/lbot_ws/build/lbot_camera_motion -- -j24 -l24
[1.830s] [ 50%] Building CXX object CMakeFiles/camera_motion_node.dir/src/camera_motion_node.cpp.o
[6.197s] [100%] Linking CXX executable camera_motion_node
[6.476s] [100%] Built target camera_motion_node
[6.481s] Invoked command in '/home/lzy/lbot_ws/build/lbot_camera_motion' returned '0': AMENT_PREFIX_PATH=/home/lzy/lbot_ws/install/lbot_arm_interfaces:${AMENT_PREFIX_PATH} CMAKE_PREFIX_PATH=/home/lzy/lbot_ws/install/lbot_arm_interfaces:/opt/ros/jazzy/opt/gz_math_vendor:/opt/ros/jazzy/opt/gz_utils_vendor:/opt/ros/jazzy/opt/gz_cmake_vendor:/opt/ros/jazzy LD_LIBRARY_PATH=/home/lzy/lbot_ws/install/lbot_arm_interfaces/lib:${LD_LIBRARY_PATH} PYTHONPATH=/home/lzy/lbot_ws/install/lbot_arm_interfaces/lib/python3.12/site-packages:${PYTHONPATH} /usr/bin/cmake --build /home/lzy/lbot_ws/build/lbot_camera_motion -- -j24 -l24
[6.486s] Invoking command in '/home/lzy/lbot_ws/build/lbot_camera_motion': AMENT_PREFIX_PATH=/home/lzy/lbot_ws/install/lbot_arm_interfaces:${AMENT_PREFIX_PATH} CMAKE_PREFIX_PATH=/home/lzy/lbot_ws/install/lbot_arm_interfaces:/opt/ros/jazzy/opt/gz_math_vendor:/opt/ros/jazzy/opt/gz_utils_vendor:/opt/ros/jazzy/opt/gz_cmake_vendor:/opt/ros/jazzy LD_LIBRARY_PATH=/home/lzy/lbot_ws/install/lbot_arm_interfaces/lib:${LD_LIBRARY_PATH} PYTHONPATH=/home/lzy/lbot_ws/install/lbot_arm_interfaces/lib/python3.12/site-packages:${PYTHONPATH} /usr/bin/cmake --install /home/lzy/lbot_ws/build/lbot_camera_motion
[6.490s] -- Install configuration: ""
[6.490s] -- Execute custom install script
[6.490s] -- Symlinking: /home/lzy/lbot_ws/install/lbot_camera_motion/lib/lbot_camera_motion/camera_motion_node
[6.495s] -- Symlinking: /home/lzy/lbot_ws/install/lbot_camera_motion/share/lbot_camera_motion/launch/camera_motion.launch.py
[6.499s] -- Symlinking: /home/lzy/lbot_ws/install/lbot_camera_motion/share/ament_index/resource_index/package_run_dependencies/lbot_camera_motion
[6.504s] -- Symlinking: /home/lzy/lbot_ws/install/lbot_camera_motion/share/ament_index/resource_index/parent_prefix_path/lbot_camera_motion
[6.508s] -- Symlinking: /home/lzy/lbot_ws/install/lbot_camera_motion/share/lbot_camera_motion/environment/ament_prefix_path.sh
[6.512s] -- Symlinking: /home/lzy/lbot_ws/install/lbot_camera_motion/share/lbot_camera_motion/environment/ament_prefix_path.dsv
[6.517s] -- Symlinking: /home/lzy/lbot_ws/install/lbot_camera_motion/share/lbot_camera_motion/environment/path.sh
[6.522s] -- Symlinking: /home/lzy/lbot_ws/install/lbot_camera_motion/share/lbot_camera_motion/environment/path.dsv
[6.526s] -- Symlinking: /home/lzy/lbot_ws/install/lbot_camera_motion/share/lbot_camera_motion/local_setup.bash
[6.530s] -- Symlinking: /home/lzy/lbot_ws/install/lbot_camera_motion/share/lbot_camera_motion/local_setup.sh
[6.534s] -- Symlinking: /home/lzy/lbot_ws/install/lbot_camera_motion/share/lbot_camera_motion/local_setup.zsh
[6.538s] -- Symlinking: /home/lzy/lbot_ws/install/lbot_camera_motion/share/lbot_camera_motion/local_setup.dsv
[6.543s] -- Symlinking: /home/lzy/lbot_ws/install/lbot_camera_motion/share/lbot_camera_motion/package.dsv
[6.547s] -- Symlinking: /home/lzy/lbot_ws/install/lbot_camera_motion/share/ament_index/resource_index/packages/lbot_camera_motion
[6.551s] -- Symlinking: /home/lzy/lbot_ws/install/lbot_camera_motion/share/lbot_camera_motion/cmake/lbot_camera_motionConfig.cmake
[6.556s] -- Symlinking: /home/lzy/lbot_ws/install/lbot_camera_motion/share/lbot_camera_motion/cmake/lbot_camera_motionConfig-version.cmake
[6.560s] -- Symlinking: /home/lzy/lbot_ws/install/lbot_camera_motion/share/lbot_camera_motion/package.xml
[6.564s] Invoked command in '/home/lzy/lbot_ws/build/lbot_camera_motion' returned '0': AMENT_PREFIX_PATH=/home/lzy/lbot_ws/install/lbot_arm_interfaces:${AMENT_PREFIX_PATH} CMAKE_PREFIX_PATH=/home/lzy/lbot_ws/install/lbot_arm_interfaces:/opt/ros/jazzy/opt/gz_math_vendor:/opt/ros/jazzy/opt/gz_utils_vendor:/opt/ros/jazzy/opt/gz_cmake_vendor:/opt/ros/jazzy LD_LIBRARY_PATH=/home/lzy/lbot_ws/install/lbot_arm_interfaces/lib:${LD_LIBRARY_PATH} PYTHONPATH=/home/lzy/lbot_ws/install/lbot_arm_interfaces/lib/python3.12/site-packages:${PYTHONPATH} /usr/bin/cmake --install /home/lzy/lbot_ws/build/lbot_camera_motion
