[0.058s] Invoking command in '/home/lzy/lbot_ws/build/lbot_camera_motion': AMENT_PREFIX_PATH=/home/lzy/lbot_ws/install/lbot_arm_interfaces:${AMENT_PREFIX_PATH} CMAKE_PREFIX_PATH=/home/lzy/lbot_ws/install/lbot_arm_interfaces:/opt/ros/jazzy/opt/gz_math_vendor:/opt/ros/jazzy/opt/gz_utils_vendor:/opt/ros/jazzy/opt/gz_cmake_vendor:/opt/ros/jazzy LD_LIBRARY_PATH=/home/lzy/lbot_ws/install/lbot_arm_interfaces/lib:${LD_LIBRARY_PATH} PYTHONPATH=/home/lzy/lbot_ws/install/lbot_arm_interfaces/lib/python3.12/site-packages:${PYTHONPATH} /usr/bin/cmake --build /home/lzy/lbot_ws/build/lbot_camera_motion -- -j24 -l24
[0.089s] [ 50%] Building CXX object CMakeFiles/camera_motion_node.dir/src/camera_motion_node.cpp.o
[4.942s] [100%] Linking CXX executable camera_motion_node
[5.160s] [100%] Built target camera_motion_node
[5.165s] Invoked command in '/home/lzy/lbot_ws/build/lbot_camera_motion' returned '0': AMENT_PREFIX_PATH=/home/lzy/lbot_ws/install/lbot_arm_interfaces:${AMENT_PREFIX_PATH} CMAKE_PREFIX_PATH=/home/lzy/lbot_ws/install/lbot_arm_interfaces:/opt/ros/jazzy/opt/gz_math_vendor:/opt/ros/jazzy/opt/gz_utils_vendor:/opt/ros/jazzy/opt/gz_cmake_vendor:/opt/ros/jazzy LD_LIBRARY_PATH=/home/lzy/lbot_ws/install/lbot_arm_interfaces/lib:${LD_LIBRARY_PATH} PYTHONPATH=/home/lzy/lbot_ws/install/lbot_arm_interfaces/lib/python3.12/site-packages:${PYTHONPATH} /usr/bin/cmake --build /home/lzy/lbot_ws/build/lbot_camera_motion -- -j24 -l24
[5.170s] Invoking command in '/home/lzy/lbot_ws/build/lbot_camera_motion': AMENT_PREFIX_PATH=/home/lzy/lbot_ws/install/lbot_arm_interfaces:${AMENT_PREFIX_PATH} CMAKE_PREFIX_PATH=/home/lzy/lbot_ws/install/lbot_arm_interfaces:/opt/ros/jazzy/opt/gz_math_vendor:/opt/ros/jazzy/opt/gz_utils_vendor:/opt/ros/jazzy/opt/gz_cmake_vendor:/opt/ros/jazzy LD_LIBRARY_PATH=/home/lzy/lbot_ws/install/lbot_arm_interfaces/lib:${LD_LIBRARY_PATH} PYTHONPATH=/home/lzy/lbot_ws/install/lbot_arm_interfaces/lib/python3.12/site-packages:${PYTHONPATH} /usr/bin/cmake --install /home/lzy/lbot_ws/build/lbot_camera_motion
[5.174s] -- Install configuration: ""
[5.174s] -- Execute custom install script
[5.174s] -- Up-to-date symlink: /home/lzy/lbot_ws/install/lbot_camera_motion/lib/lbot_camera_motion/camera_motion_node
[5.174s] -- Symlinking: /home/lzy/lbot_ws/install/lbot_camera_motion/share/lbot_camera_motion/launch/__pycache__/camera_motion.launch.cpython-312.pyc
[5.179s] -- Symlinking: /home/lzy/lbot_ws/install/lbot_camera_motion/share/lbot_camera_motion/launch/__pycache__/camera_motion_retract.launch.cpython-312.pyc
[5.183s] -- Up-to-date symlink: /home/lzy/lbot_ws/install/lbot_camera_motion/share/lbot_camera_motion/launch/camera_motion.launch.py
[5.183s] -- Up-to-date symlink: /home/lzy/lbot_ws/install/lbot_camera_motion/share/lbot_camera_motion/launch/camera_motion_retract.launch.py
[5.183s] -- Up-to-date symlink: /home/lzy/lbot_ws/install/lbot_camera_motion/share/ament_index/resource_index/package_run_dependencies/lbot_camera_motion
[5.183s] -- Up-to-date symlink: /home/lzy/lbot_ws/install/lbot_camera_motion/share/ament_index/resource_index/parent_prefix_path/lbot_camera_motion
[5.183s] -- Up-to-date symlink: /home/lzy/lbot_ws/install/lbot_camera_motion/share/lbot_camera_motion/environment/ament_prefix_path.sh
[5.183s] -- Up-to-date symlink: /home/lzy/lbot_ws/install/lbot_camera_motion/share/lbot_camera_motion/environment/ament_prefix_path.dsv
[5.183s] -- Up-to-date symlink: /home/lzy/lbot_ws/install/lbot_camera_motion/share/lbot_camera_motion/environment/path.sh
[5.183s] -- Up-to-date symlink: /home/lzy/lbot_ws/install/lbot_camera_motion/share/lbot_camera_motion/environment/path.dsv
[5.184s] -- Up-to-date symlink: /home/lzy/lbot_ws/install/lbot_camera_motion/share/lbot_camera_motion/local_setup.bash
[5.184s] -- Up-to-date symlink: /home/lzy/lbot_ws/install/lbot_camera_motion/share/lbot_camera_motion/local_setup.sh
[5.184s] -- Up-to-date symlink: /home/lzy/lbot_ws/install/lbot_camera_motion/share/lbot_camera_motion/local_setup.zsh
[5.184s] -- Up-to-date symlink: /home/lzy/lbot_ws/install/lbot_camera_motion/share/lbot_camera_motion/local_setup.dsv
[5.184s] -- Symlinking: /home/lzy/lbot_ws/install/lbot_camera_motion/share/lbot_camera_motion/package.dsv
[5.188s] -- Up-to-date symlink: /home/lzy/lbot_ws/install/lbot_camera_motion/share/ament_index/resource_index/packages/lbot_camera_motion
[5.188s] -- Up-to-date symlink: /home/lzy/lbot_ws/install/lbot_camera_motion/share/lbot_camera_motion/cmake/lbot_camera_motionConfig.cmake
[5.188s] -- Up-to-date symlink: /home/lzy/lbot_ws/install/lbot_camera_motion/share/lbot_camera_motion/cmake/lbot_camera_motionConfig-version.cmake
[5.188s] -- Up-to-date symlink: /home/lzy/lbot_ws/install/lbot_camera_motion/share/lbot_camera_motion/package.xml
[5.189s] Invoked command in '/home/lzy/lbot_ws/build/lbot_camera_motion' returned '0': AMENT_PREFIX_PATH=/home/lzy/lbot_ws/install/lbot_arm_interfaces:${AMENT_PREFIX_PATH} CMAKE_PREFIX_PATH=/home/lzy/lbot_ws/install/lbot_arm_interfaces:/opt/ros/jazzy/opt/gz_math_vendor:/opt/ros/jazzy/opt/gz_utils_vendor:/opt/ros/jazzy/opt/gz_cmake_vendor:/opt/ros/jazzy LD_LIBRARY_PATH=/home/lzy/lbot_ws/install/lbot_arm_interfaces/lib:${LD_LIBRARY_PATH} PYTHONPATH=/home/lzy/lbot_ws/install/lbot_arm_interfaces/lib/python3.12/site-packages:${PYTHONPATH} /usr/bin/cmake --install /home/lzy/lbot_ws/build/lbot_camera_motion
