[0.069s] Invoking command in '/home/lzy/lbot_ws/build/lbot_demo': AMENT_PREFIX_PATH=/home/lzy/lbot_ws/install/lbot_arm_interfaces:${AMENT_PREFIX_PATH} CMAKE_PREFIX_PATH=/home/lzy/lbot_ws/install/lbot_arm_interfaces:/opt/ros/jazzy/opt/gz_math_vendor:/opt/ros/jazzy/opt/gz_utils_vendor:/opt/ros/jazzy/opt/gz_cmake_vendor:/opt/ros/jazzy LD_LIBRARY_PATH=/home/lzy/lbot_ws/install/lbot_arm_interfaces/lib:${LD_LIBRARY_PATH} PYTHONPATH=/home/lzy/lbot_ws/install/lbot_arm_interfaces/lib/python3.12/site-packages:${PYTHONPATH} /usr/bin/cmake --build /home/lzy/lbot_ws/build/lbot_demo -- -j24 -l24
[0.190s] [ 13%] Built target demo_lkrs_movej
[0.191s] [ 13%] Built target demo_lkls_i1_movejp
[0.191s] [ 20%] Built target demo_lkls_movej
[0.191s] [ 26%] Built target demo_lkrs_movejp
[0.191s] [ 33%] Built target demo_lkls_movel
[0.191s] [ 43%] Built target demo_lkrs_movel
[0.191s] [ 46%] Built target demo_lkls_i1_movej
[0.191s] [ 56%] Built target demo_lkls_movejp
[0.191s] [ 60%] Built target demo_fk
[0.192s] [ 66%] Built target demo_ik
[0.192s] [ 73%] Built target demo_hand_l6_control
[0.192s] [ 80%] Built target demo_lkls_i1_movel
[0.192s] [ 86%] Built target demo_tool_frame
[0.193s] [ 93%] Built target demo_emergency_enable
[0.193s] [100%] Built target demo_hand_l10_control
[0.199s] Invoked command in '/home/lzy/lbot_ws/build/lbot_demo' returned '0': AMENT_PREFIX_PATH=/home/lzy/lbot_ws/install/lbot_arm_interfaces:${AMENT_PREFIX_PATH} CMAKE_PREFIX_PATH=/home/lzy/lbot_ws/install/lbot_arm_interfaces:/opt/ros/jazzy/opt/gz_math_vendor:/opt/ros/jazzy/opt/gz_utils_vendor:/opt/ros/jazzy/opt/gz_cmake_vendor:/opt/ros/jazzy LD_LIBRARY_PATH=/home/lzy/lbot_ws/install/lbot_arm_interfaces/lib:${LD_LIBRARY_PATH} PYTHONPATH=/home/lzy/lbot_ws/install/lbot_arm_interfaces/lib/python3.12/site-packages:${PYTHONPATH} /usr/bin/cmake --build /home/lzy/lbot_ws/build/lbot_demo -- -j24 -l24
[0.206s] Invoking command in '/home/lzy/lbot_ws/build/lbot_demo': AMENT_PREFIX_PATH=/home/lzy/lbot_ws/install/lbot_arm_interfaces:${AMENT_PREFIX_PATH} CMAKE_PREFIX_PATH=/home/lzy/lbot_ws/install/lbot_arm_interfaces:/opt/ros/jazzy/opt/gz_math_vendor:/opt/ros/jazzy/opt/gz_utils_vendor:/opt/ros/jazzy/opt/gz_cmake_vendor:/opt/ros/jazzy LD_LIBRARY_PATH=/home/lzy/lbot_ws/install/lbot_arm_interfaces/lib:${LD_LIBRARY_PATH} PYTHONPATH=/home/lzy/lbot_ws/install/lbot_arm_interfaces/lib/python3.12/site-packages:${PYTHONPATH} /usr/bin/cmake --install /home/lzy/lbot_ws/build/lbot_demo
[0.210s] -- Install configuration: ""
[0.211s] -- Up-to-date: /home/lzy/lbot_ws/install/lbot_demo/lib/lbot_demo/demo_lkrs_movel
[0.212s] -- Up-to-date: /home/lzy/lbot_ws/install/lbot_demo/lib/lbot_demo/demo_lkrs_movej
[0.212s] -- Up-to-date: /home/lzy/lbot_ws/install/lbot_demo/lib/lbot_demo/demo_lkrs_movejp
[0.213s] -- Up-to-date: /home/lzy/lbot_ws/install/lbot_demo/lib/lbot_demo/demo_lkls_movel
[0.214s] -- Up-to-date: /home/lzy/lbot_ws/install/lbot_demo/lib/lbot_demo/demo_lkls_movej
[0.215s] -- Up-to-date: /home/lzy/lbot_ws/install/lbot_demo/lib/lbot_demo/demo_lkls_movejp
[0.215s] -- Up-to-date: /home/lzy/lbot_ws/install/lbot_demo/lib/lbot_demo/demo_lkls_i1_movel
[0.216s] -- Up-to-date: /home/lzy/lbot_ws/install/lbot_demo/lib/lbot_demo/demo_lkls_i1_movej
[0.217s] -- Up-to-date: /home/lzy/lbot_ws/install/lbot_demo/lib/lbot_demo/demo_lkls_i1_movejp
[0.217s] -- Up-to-date: /home/lzy/lbot_ws/install/lbot_demo/lib/lbot_demo/demo_fk
[0.218s] -- Up-to-date: /home/lzy/lbot_ws/install/lbot_demo/lib/lbot_demo/demo_ik
[0.219s] -- Up-to-date: /home/lzy/lbot_ws/install/lbot_demo/lib/lbot_demo/demo_tool_frame
[0.220s] -- Up-to-date: /home/lzy/lbot_ws/install/lbot_demo/lib/lbot_demo/demo_emergency_enable
[0.220s] -- Up-to-date: /home/lzy/lbot_ws/install/lbot_demo/lib/lbot_demo/demo_hand_l6_control
[0.221s] -- Up-to-date: /home/lzy/lbot_ws/install/lbot_demo/lib/lbot_demo/demo_hand_l10_control
[0.221s] -- Up-to-date: /home/lzy/lbot_ws/install/lbot_demo/share/lbot_demo/launch
[0.221s] -- Installing: /home/lzy/lbot_ws/install/lbot_demo/share/lbot_demo/launch/lbot_start_smoke_test.launch.py
[0.221s] -- Up-to-date: /home/lzy/lbot_ws/install/lbot_demo/share/lbot_demo/launch/__pycache__
[0.221s] -- Up-to-date: /home/lzy/lbot_ws/install/lbot_demo/share/lbot_demo/launch/__pycache__/lbot_start_smoke_test.launch.cpython-312.pyc
[0.222s] -- Up-to-date: /home/lzy/lbot_ws/install/lbot_demo/share/lbot_demo/launch/lbot_start_demo.launch.py
[0.222s] -- Up-to-date: /home/lzy/lbot_ws/install/lbot_demo/share/ament_index/resource_index/package_run_dependencies/lbot_demo
[0.222s] -- Up-to-date: /home/lzy/lbot_ws/install/lbot_demo/share/ament_index/resource_index/parent_prefix_path/lbot_demo
[0.222s] -- Up-to-date: /home/lzy/lbot_ws/install/lbot_demo/share/lbot_demo/environment/ament_prefix_path.sh
[0.222s] -- Up-to-date: /home/lzy/lbot_ws/install/lbot_demo/share/lbot_demo/environment/ament_prefix_path.dsv
[0.222s] -- Up-to-date: /home/lzy/lbot_ws/install/lbot_demo/share/lbot_demo/environment/path.sh
[0.222s] -- Up-to-date: /home/lzy/lbot_ws/install/lbot_demo/share/lbot_demo/environment/path.dsv
[0.222s] -- Up-to-date: /home/lzy/lbot_ws/install/lbot_demo/share/lbot_demo/local_setup.bash
[0.222s] -- Up-to-date: /home/lzy/lbot_ws/install/lbot_demo/share/lbot_demo/local_setup.sh
[0.222s] -- Up-to-date: /home/lzy/lbot_ws/install/lbot_demo/share/lbot_demo/local_setup.zsh
[0.222s] -- Up-to-date: /home/lzy/lbot_ws/install/lbot_demo/share/lbot_demo/local_setup.dsv
[0.222s] -- Installing: /home/lzy/lbot_ws/install/lbot_demo/share/lbot_demo/package.dsv
[0.222s] -- Up-to-date: /home/lzy/lbot_ws/install/lbot_demo/share/ament_index/resource_index/packages/lbot_demo
[0.222s] -- Up-to-date: /home/lzy/lbot_ws/install/lbot_demo/share/lbot_demo/cmake/lbot_demoConfig.cmake
[0.222s] -- Up-to-date: /home/lzy/lbot_ws/install/lbot_demo/share/lbot_demo/cmake/lbot_demoConfig-version.cmake
[0.223s] -- Up-to-date: /home/lzy/lbot_ws/install/lbot_demo/share/lbot_demo/package.xml
[0.224s] Invoked command in '/home/lzy/lbot_ws/build/lbot_demo' returned '0': AMENT_PREFIX_PATH=/home/lzy/lbot_ws/install/lbot_arm_interfaces:${AMENT_PREFIX_PATH} CMAKE_PREFIX_PATH=/home/lzy/lbot_ws/install/lbot_arm_interfaces:/opt/ros/jazzy/opt/gz_math_vendor:/opt/ros/jazzy/opt/gz_utils_vendor:/opt/ros/jazzy/opt/gz_cmake_vendor:/opt/ros/jazzy LD_LIBRARY_PATH=/home/lzy/lbot_ws/install/lbot_arm_interfaces/lib:${LD_LIBRARY_PATH} PYTHONPATH=/home/lzy/lbot_ws/install/lbot_arm_interfaces/lib/python3.12/site-packages:${PYTHONPATH} /usr/bin/cmake --install /home/lzy/lbot_ws/build/lbot_demo
