-- The C compiler identification is GNU 13.3.0
-- The CXX compiler identification is GNU 13.3.0
-- Detecting C compiler ABI info
-- Detecting C compiler ABI info - done
-- Check for working C compiler: /usr/bin/cc - skipped
-- Detecting C compile features
-- Detecting C compile features - done
-- Detecting CXX compiler ABI info
-- Detecting CXX compiler ABI info - done
-- Check for working CXX compiler: /usr/bin/c++ - skipped
-- Detecting CXX compile features
-- Detecting CXX compile features - done
-- Found ament_cmake: 2.5.6 (/opt/ros/jazzy/share/ament_cmake/cmake)
-- Found Python3: /usr/bin/python3 (found version "3.12.3") found components: Interpreter 
-- Found rclcpp: 28.1.21 (/opt/ros/jazzy/share/rclcpp/cmake)
-- Found rosidl_generator_c: 4.6.9 (/opt/ros/jazzy/share/rosidl_generator_c/cmake)
-- Found rosidl_generator_cpp: 4.6.9 (/opt/ros/jazzy/share/rosidl_generator_cpp/cmake)
-- Using all available rosidl_typesupport_c: rosidl_typesupport_fastrtps_c;rosidl_typesupport_introspection_c
-- Using all available rosidl_typesupport_cpp: rosidl_typesupport_fastrtps_cpp;rosidl_typesupport_introspection_cpp
-- Found rmw_implementation_cmake: 7.3.3 (/opt/ros/jazzy/share/rmw_implementation_cmake/cmake)
-- Found rmw_fastrtps_cpp: 8.4.4 (/opt/ros/jazzy/share/rmw_fastrtps_cpp/cmake)
-- Found OpenSSL: /usr/lib/x86_64-linux-gnu/libcrypto.so (found version "3.0.13")  
-- Found FastRTPS: /opt/ros/jazzy/include (Required is at least version "2.13") 
-- Using RMW implementation 'rmw_fastrtps_cpp' as default
-- Found std_msgs: 5.3.8 (/opt/ros/jazzy/share/std_msgs/cmake)
-- Found std_srvs: 5.3.8 (/opt/ros/jazzy/share/std_srvs/cmake)
-- Found sensor_msgs: 5.3.8 (/opt/ros/jazzy/share/sensor_msgs/cmake)
-- Found tf2: 0.36.21 (/opt/ros/jazzy/share/tf2/cmake)
-- Found tf2_geometry_msgs: 0.36.21 (/opt/ros/jazzy/share/tf2_geometry_msgs/cmake)
-- Found eigen3_cmake_module: 0.3.1 (/opt/ros/jazzy/share/eigen3_cmake_module/cmake)
-- Found Eigen3: TRUE (found version "3.4.0") 
-- Ensuring Eigen3 include directory is part of orocos-kdl CMake target
-- Found lbot_arm_interfaces: 0.0.0 (/home/lzy/lbot_ws/install/lbot_arm_interfaces/share/lbot_arm_interfaces/cmake)
-- Found ament_lint_auto: 0.17.5 (/opt/ros/jazzy/share/ament_lint_auto/cmake)
-- Added test 'cppcheck' to perform static code analysis on C / C++ code
-- Configured cppcheck include dirs: /home/lzy/lbot_ws/src/lbot_teleop/include;/home/lzy/lbot_ws/src/lbot_teleop/include/lbot_teleop
-- Configured cppcheck exclude dirs and/or files: 
-- Added test 'flake8' to check Python code syntax and style conventions
-- Configured 'flake8' exclude dirs and/or files: 
-- Added test 'lint_cmake' to check CMake code style
-- Added test 'pep257' to check Python code against some of the docstring style conventions in PEP 257
-- Added test 'uncrustify' to check C / C++ code style
-- Configured uncrustify additional arguments: 
-- Added test 'xmllint' to check XML markup files
-- Configuring done (1.5s)
-- Generating done (0.0s)
-- Build files have been written to: /home/lzy/lbot_ws/build/lbot_teleop
[ 50%] [32mBuilding CXX object CMakeFiles/demo_teleop.dir/src/lbot_teleoperation.cpp.o[0m
[ 50%] [32mBuilding CXX object CMakeFiles/demo_teleop.dir/src/canbus.cpp.o[0m
[ 75%] [32mBuilding CXX object CMakeFiles/demo_teleop.dir/src/teleopmasterarm.cpp.o[0m
[100%] [32m[1mLinking CXX executable demo_teleop[0m
[100%] Built target demo_teleop
-- Install configuration: ""
-- Installing: /home/lzy/lbot_ws/install/lbot_teleop/lib/lbot_teleop/demo_teleop
-- Set non-toolchain portion of runtime path of "/home/lzy/lbot_ws/install/lbot_teleop/lib/lbot_teleop/demo_teleop" to ""
-- Installing: /home/lzy/lbot_ws/install/lbot_teleop/share/lbot_teleop/launch
-- Installing: /home/lzy/lbot_ws/install/lbot_teleop/share/lbot_teleop/launch/lbot_start_teleop.launch.py
-- Installing: /home/lzy/lbot_ws/install/lbot_teleop/share/ament_index/resource_index/package_run_dependencies/lbot_teleop
-- Installing: /home/lzy/lbot_ws/install/lbot_teleop/share/ament_index/resource_index/parent_prefix_path/lbot_teleop
-- Installing: /home/lzy/lbot_ws/install/lbot_teleop/share/lbot_teleop/environment/ament_prefix_path.sh
-- Installing: /home/lzy/lbot_ws/install/lbot_teleop/share/lbot_teleop/environment/ament_prefix_path.dsv
-- Installing: /home/lzy/lbot_ws/install/lbot_teleop/share/lbot_teleop/environment/path.sh
-- Installing: /home/lzy/lbot_ws/install/lbot_teleop/share/lbot_teleop/environment/path.dsv
-- Installing: /home/lzy/lbot_ws/install/lbot_teleop/share/lbot_teleop/local_setup.bash
-- Installing: /home/lzy/lbot_ws/install/lbot_teleop/share/lbot_teleop/local_setup.sh
-- Installing: /home/lzy/lbot_ws/install/lbot_teleop/share/lbot_teleop/local_setup.zsh
-- Installing: /home/lzy/lbot_ws/install/lbot_teleop/share/lbot_teleop/local_setup.dsv
-- Installing: /home/lzy/lbot_ws/install/lbot_teleop/share/lbot_teleop/package.dsv
-- Installing: /home/lzy/lbot_ws/install/lbot_teleop/share/ament_index/resource_index/packages/lbot_teleop
-- Installing: /home/lzy/lbot_ws/install/lbot_teleop/share/lbot_teleop/cmake/lbot_teleopConfig.cmake
-- Installing: /home/lzy/lbot_ws/install/lbot_teleop/share/lbot_teleop/cmake/lbot_teleopConfig-version.cmake
-- Installing: /home/lzy/lbot_ws/install/lbot_teleop/share/lbot_teleop/package.xml
