[0.086s] Invoking command in '/home/lzy/lbot_ws/build/lbot_motion': CMAKE_PREFIX_PATH=/home/lzy/lbot_ws/install/lbot_arm_interfaces:/home/lzy/lbot_ws/install/lbot_motion:/home/lzy/lbot_ws/install/lbot_teleop:/home/lzy/lbot_ws/install/lbot_driver:/home/lzy/lbot_ws/install/lbot_demo:/home/lzy/lbot_ws/install/lbot_camera_motion:/opt/ros/jazzy/opt/gz_math_vendor:/opt/ros/jazzy/opt/gz_utils_vendor:/opt/ros/jazzy/opt/gz_cmake_vendor:/home/lzy/lbot_ws/install/nut_sorting_task:/opt/ros/jazzy LD_LIBRARY_PATH=/home/lzy/lbot_ws/install/lbot_arm_interfaces/lib:/home/lzy/lbot_ws/install/lbot_motion/lib:/home/lzy/lbot_ws/install/lbot_driver/lib:/opt/ros/jazzy/opt/rviz_ogre_vendor/lib:/opt/ros/jazzy/lib/x86_64-linux-gnu:/opt/ros/jazzy/opt/gz_math_vendor/lib:/opt/ros/jazzy/opt/gz_utils_vendor/lib:/opt/ros/jazzy/opt/gz_cmake_vendor/lib:/opt/ros/jazzy/lib PYTHONPATH=/home/lzy/lbot_ws/install/lbot_arm_interfaces/lib/python3.12/site-packages:/home/lzy/lbot_ws/build/nut_sorting_task:/home/lzy/lbot_ws/install/nut_sorting_task/lib/python3.12/site-packages:/opt/ros/jazzy/lib/python3.12/site-packages /usr/bin/cmake --build /home/lzy/lbot_ws/build/lbot_motion -- -j24 -l24
[0.205s] [ 66%] Built target lbot_motion
[0.223s] [100%] Built target motion_demo_node
[0.228s] Invoked command in '/home/lzy/lbot_ws/build/lbot_motion' returned '0': CMAKE_PREFIX_PATH=/home/lzy/lbot_ws/install/lbot_arm_interfaces:/home/lzy/lbot_ws/install/lbot_motion:/home/lzy/lbot_ws/install/lbot_teleop:/home/lzy/lbot_ws/install/lbot_driver:/home/lzy/lbot_ws/install/lbot_demo:/home/lzy/lbot_ws/install/lbot_camera_motion:/opt/ros/jazzy/opt/gz_math_vendor:/opt/ros/jazzy/opt/gz_utils_vendor:/opt/ros/jazzy/opt/gz_cmake_vendor:/home/lzy/lbot_ws/install/nut_sorting_task:/opt/ros/jazzy LD_LIBRARY_PATH=/home/lzy/lbot_ws/install/lbot_arm_interfaces/lib:/home/lzy/lbot_ws/install/lbot_motion/lib:/home/lzy/lbot_ws/install/lbot_driver/lib:/opt/ros/jazzy/opt/rviz_ogre_vendor/lib:/opt/ros/jazzy/lib/x86_64-linux-gnu:/opt/ros/jazzy/opt/gz_math_vendor/lib:/opt/ros/jazzy/opt/gz_utils_vendor/lib:/opt/ros/jazzy/opt/gz_cmake_vendor/lib:/opt/ros/jazzy/lib PYTHONPATH=/home/lzy/lbot_ws/install/lbot_arm_interfaces/lib/python3.12/site-packages:/home/lzy/lbot_ws/build/nut_sorting_task:/home/lzy/lbot_ws/install/nut_sorting_task/lib/python3.12/site-packages:/opt/ros/jazzy/lib/python3.12/site-packages /usr/bin/cmake --build /home/lzy/lbot_ws/build/lbot_motion -- -j24 -l24
[0.234s] Invoking command in '/home/lzy/lbot_ws/build/lbot_motion': CMAKE_PREFIX_PATH=/home/lzy/lbot_ws/install/lbot_arm_interfaces:/home/lzy/lbot_ws/install/lbot_motion:/home/lzy/lbot_ws/install/lbot_teleop:/home/lzy/lbot_ws/install/lbot_driver:/home/lzy/lbot_ws/install/lbot_demo:/home/lzy/lbot_ws/install/lbot_camera_motion:/opt/ros/jazzy/opt/gz_math_vendor:/opt/ros/jazzy/opt/gz_utils_vendor:/opt/ros/jazzy/opt/gz_cmake_vendor:/home/lzy/lbot_ws/install/nut_sorting_task:/opt/ros/jazzy LD_LIBRARY_PATH=/home/lzy/lbot_ws/install/lbot_arm_interfaces/lib:/home/lzy/lbot_ws/install/lbot_motion/lib:/home/lzy/lbot_ws/install/lbot_driver/lib:/opt/ros/jazzy/opt/rviz_ogre_vendor/lib:/opt/ros/jazzy/lib/x86_64-linux-gnu:/opt/ros/jazzy/opt/gz_math_vendor/lib:/opt/ros/jazzy/opt/gz_utils_vendor/lib:/opt/ros/jazzy/opt/gz_cmake_vendor/lib:/opt/ros/jazzy/lib PYTHONPATH=/home/lzy/lbot_ws/install/lbot_arm_interfaces/lib/python3.12/site-packages:/home/lzy/lbot_ws/build/nut_sorting_task:/home/lzy/lbot_ws/install/nut_sorting_task/lib/python3.12/site-packages:/opt/ros/jazzy/lib/python3.12/site-packages /usr/bin/cmake --install /home/lzy/lbot_ws/build/lbot_motion
[0.238s] -- Install configuration: ""
[0.238s] -- Up-to-date: /home/lzy/lbot_ws/install/lbot_motion/lib/liblbot_motion.so
[0.239s] -- Up-to-date: /home/lzy/lbot_ws/install/lbot_motion/lib/lbot_motion/motion_demo_node
[0.239s] -- Up-to-date: /home/lzy/lbot_ws/install/lbot_motion/include
[0.239s] -- Up-to-date: /home/lzy/lbot_ws/install/lbot_motion/include/lbot_motion
[0.239s] -- Up-to-date: /home/lzy/lbot_ws/install/lbot_motion/include/lbot_motion/motion_planner.hpp
[0.239s] -- Up-to-date: /home/lzy/lbot_ws/install/lbot_motion/include/lbot_motion/motion_device.hpp
[0.239s] -- Up-to-date: /home/lzy/lbot_ws/install/lbot_motion/include/lbot_motion/camera_motion_plan.hpp
[0.239s] -- Up-to-date: /home/lzy/lbot_ws/install/lbot_motion/share/lbot_motion/launch
[0.240s] -- Installing: /home/lzy/lbot_ws/install/lbot_motion/share/lbot_motion/launch/motion_demo.launch.py
[0.240s] -- Up-to-date: /home/lzy/lbot_ws/install/lbot_motion/share/lbot_motion/config
[0.240s] -- Up-to-date: /home/lzy/lbot_ws/install/lbot_motion/share/lbot_motion/config/motion_demo.yaml
[0.240s] -- Up-to-date: /home/lzy/lbot_ws/install/lbot_motion/share/lbot_motion/README.md
[0.240s] -- Up-to-date: /home/lzy/lbot_ws/install/lbot_motion/share/lbot_motion/environment/library_path.sh
[0.240s] -- Up-to-date: /home/lzy/lbot_ws/install/lbot_motion/share/lbot_motion/environment/library_path.dsv
[0.240s] -- Up-to-date: /home/lzy/lbot_ws/install/lbot_motion/share/ament_index/resource_index/package_run_dependencies/lbot_motion
[0.241s] -- Up-to-date: /home/lzy/lbot_ws/install/lbot_motion/share/ament_index/resource_index/parent_prefix_path/lbot_motion
[0.241s] -- Up-to-date: /home/lzy/lbot_ws/install/lbot_motion/share/lbot_motion/environment/ament_prefix_path.sh
[0.241s] -- Up-to-date: /home/lzy/lbot_ws/install/lbot_motion/share/lbot_motion/environment/ament_prefix_path.dsv
[0.241s] -- Up-to-date: /home/lzy/lbot_ws/install/lbot_motion/share/lbot_motion/environment/path.sh
[0.241s] -- Up-to-date: /home/lzy/lbot_ws/install/lbot_motion/share/lbot_motion/environment/path.dsv
[0.241s] -- Up-to-date: /home/lzy/lbot_ws/install/lbot_motion/share/lbot_motion/local_setup.bash
[0.241s] -- Up-to-date: /home/lzy/lbot_ws/install/lbot_motion/share/lbot_motion/local_setup.sh
[0.241s] -- Up-to-date: /home/lzy/lbot_ws/install/lbot_motion/share/lbot_motion/local_setup.zsh
[0.241s] -- Up-to-date: /home/lzy/lbot_ws/install/lbot_motion/share/lbot_motion/local_setup.dsv
[0.241s] -- Installing: /home/lzy/lbot_ws/install/lbot_motion/share/lbot_motion/package.dsv
[0.241s] -- Up-to-date: /home/lzy/lbot_ws/install/lbot_motion/share/ament_index/resource_index/packages/lbot_motion
[0.241s] -- Up-to-date: /home/lzy/lbot_ws/install/lbot_motion/share/lbot_motion/cmake/ament_cmake_export_include_directories-extras.cmake
[0.241s] -- Up-to-date: /home/lzy/lbot_ws/install/lbot_motion/share/lbot_motion/cmake/ament_cmake_export_libraries-extras.cmake
[0.241s] -- Up-to-date: /home/lzy/lbot_ws/install/lbot_motion/share/lbot_motion/cmake/ament_cmake_export_dependencies-extras.cmake
[0.241s] -- Up-to-date: /home/lzy/lbot_ws/install/lbot_motion/share/lbot_motion/cmake/lbot_motionConfig.cmake
[0.241s] -- Up-to-date: /home/lzy/lbot_ws/install/lbot_motion/share/lbot_motion/cmake/lbot_motionConfig-version.cmake
[0.241s] -- Up-to-date: /home/lzy/lbot_ws/install/lbot_motion/share/lbot_motion/package.xml
[0.242s] Invoked command in '/home/lzy/lbot_ws/build/lbot_motion' returned '0': CMAKE_PREFIX_PATH=/home/lzy/lbot_ws/install/lbot_arm_interfaces:/home/lzy/lbot_ws/install/lbot_motion:/home/lzy/lbot_ws/install/lbot_teleop:/home/lzy/lbot_ws/install/lbot_driver:/home/lzy/lbot_ws/install/lbot_demo:/home/lzy/lbot_ws/install/lbot_camera_motion:/opt/ros/jazzy/opt/gz_math_vendor:/opt/ros/jazzy/opt/gz_utils_vendor:/opt/ros/jazzy/opt/gz_cmake_vendor:/home/lzy/lbot_ws/install/nut_sorting_task:/opt/ros/jazzy LD_LIBRARY_PATH=/home/lzy/lbot_ws/install/lbot_arm_interfaces/lib:/home/lzy/lbot_ws/install/lbot_motion/lib:/home/lzy/lbot_ws/install/lbot_driver/lib:/opt/ros/jazzy/opt/rviz_ogre_vendor/lib:/opt/ros/jazzy/lib/x86_64-linux-gnu:/opt/ros/jazzy/opt/gz_math_vendor/lib:/opt/ros/jazzy/opt/gz_utils_vendor/lib:/opt/ros/jazzy/opt/gz_cmake_vendor/lib:/opt/ros/jazzy/lib PYTHONPATH=/home/lzy/lbot_ws/install/lbot_arm_interfaces/lib/python3.12/site-packages:/home/lzy/lbot_ws/build/nut_sorting_task:/home/lzy/lbot_ws/install/nut_sorting_task/lib/python3.12/site-packages:/opt/ros/jazzy/lib/python3.12/site-packages /usr/bin/cmake --install /home/lzy/lbot_ws/build/lbot_motion
