[0.057s] Invoking command in '/home/lzy/lbot_ws/build/lbot_motion': AMENT_PREFIX_PATH=/home/lzy/lbot_ws/install/lbot_arm_interfaces:${AMENT_PREFIX_PATH} CMAKE_PREFIX_PATH=/home/lzy/lbot_ws/install/lbot_arm_interfaces:/opt/ros/jazzy/opt/gz_math_vendor:/opt/ros/jazzy/opt/gz_utils_vendor:/opt/ros/jazzy/opt/gz_cmake_vendor:/opt/ros/jazzy LD_LIBRARY_PATH=/home/lzy/lbot_ws/install/lbot_arm_interfaces/lib:${LD_LIBRARY_PATH} PYTHONPATH=/home/lzy/lbot_ws/install/lbot_arm_interfaces/lib/python3.12/site-packages:${PYTHONPATH} /usr/bin/cmake --build /home/lzy/lbot_ws/build/lbot_motion -- -j24 -l24
[0.070s] -- Found ament_cmake: 2.5.6 (/opt/ros/jazzy/share/ament_cmake/cmake)
[0.176s] -- Found rclcpp: 28.1.21 (/opt/ros/jazzy/share/rclcpp/cmake)
[0.240s] -- Found rosidl_generator_c: 4.6.9 (/opt/ros/jazzy/share/rosidl_generator_c/cmake)
[0.243s] -- Found rosidl_generator_cpp: 4.6.9 (/opt/ros/jazzy/share/rosidl_generator_cpp/cmake)
[0.248s] -- Using all available rosidl_typesupport_c: rosidl_typesupport_fastrtps_c;rosidl_typesupport_introspection_c
[0.253s] -- Using all available rosidl_typesupport_cpp: rosidl_typesupport_fastrtps_cpp;rosidl_typesupport_introspection_cpp
[0.281s] -- Found rmw_implementation_cmake: 7.3.3 (/opt/ros/jazzy/share/rmw_implementation_cmake/cmake)
[0.282s] -- Found rmw_fastrtps_cpp: 8.4.4 (/opt/ros/jazzy/share/rmw_fastrtps_cpp/cmake)
[0.411s] -- Using RMW implementation 'rmw_fastrtps_cpp' as default
[0.492s] -- Found sensor_msgs: 5.3.8 (/opt/ros/jazzy/share/sensor_msgs/cmake)
[0.520s] -- Found lbot_arm_interfaces: 0.0.0 (/home/lzy/lbot_ws/install/lbot_arm_interfaces/share/lbot_arm_interfaces/cmake)
[0.587s] -- Configuring done (0.5s)
[0.594s] -- Generating done (0.0s)
[0.597s] -- Build files have been written to: /home/lzy/lbot_ws/build/lbot_motion
[0.621s] [ 60%] Built target lbot_motion
[0.634s] [100%] Built target motion_demo_node
[0.639s] Invoked command in '/home/lzy/lbot_ws/build/lbot_motion' returned '0': AMENT_PREFIX_PATH=/home/lzy/lbot_ws/install/lbot_arm_interfaces:${AMENT_PREFIX_PATH} CMAKE_PREFIX_PATH=/home/lzy/lbot_ws/install/lbot_arm_interfaces:/opt/ros/jazzy/opt/gz_math_vendor:/opt/ros/jazzy/opt/gz_utils_vendor:/opt/ros/jazzy/opt/gz_cmake_vendor:/opt/ros/jazzy LD_LIBRARY_PATH=/home/lzy/lbot_ws/install/lbot_arm_interfaces/lib:${LD_LIBRARY_PATH} PYTHONPATH=/home/lzy/lbot_ws/install/lbot_arm_interfaces/lib/python3.12/site-packages:${PYTHONPATH} /usr/bin/cmake --build /home/lzy/lbot_ws/build/lbot_motion -- -j24 -l24
[0.643s] Invoking command in '/home/lzy/lbot_ws/build/lbot_motion': AMENT_PREFIX_PATH=/home/lzy/lbot_ws/install/lbot_arm_interfaces:${AMENT_PREFIX_PATH} CMAKE_PREFIX_PATH=/home/lzy/lbot_ws/install/lbot_arm_interfaces:/opt/ros/jazzy/opt/gz_math_vendor:/opt/ros/jazzy/opt/gz_utils_vendor:/opt/ros/jazzy/opt/gz_cmake_vendor:/opt/ros/jazzy LD_LIBRARY_PATH=/home/lzy/lbot_ws/install/lbot_arm_interfaces/lib:${LD_LIBRARY_PATH} PYTHONPATH=/home/lzy/lbot_ws/install/lbot_arm_interfaces/lib/python3.12/site-packages:${PYTHONPATH} /usr/bin/cmake --install /home/lzy/lbot_ws/build/lbot_motion
[0.646s] -- Install configuration: ""
[0.646s] -- Up-to-date: /home/lzy/lbot_ws/install/lbot_motion/lib/liblbot_motion.so
[0.647s] -- Installing: /home/lzy/lbot_ws/install/lbot_motion/lib/lbot_motion/motion_demo_node
[0.647s] -- Set non-toolchain portion of runtime path of "/home/lzy/lbot_ws/install/lbot_motion/lib/lbot_motion/motion_demo_node" to ""
[0.647s] -- Up-to-date: /home/lzy/lbot_ws/install/lbot_motion/include
[0.647s] -- Up-to-date: /home/lzy/lbot_ws/install/lbot_motion/include/lbot_motion
[0.647s] -- Up-to-date: /home/lzy/lbot_ws/install/lbot_motion/include/lbot_motion/motion_planner.hpp
[0.647s] -- Up-to-date: /home/lzy/lbot_ws/install/lbot_motion/include/lbot_motion/motion_device.hpp
[0.647s] -- Up-to-date: /home/lzy/lbot_ws/install/lbot_motion/share/lbot_motion/launch
[0.647s] -- Up-to-date: /home/lzy/lbot_ws/install/lbot_motion/share/lbot_motion/launch/motion_demo.launch.py
[0.647s] -- Up-to-date: /home/lzy/lbot_ws/install/lbot_motion/share/lbot_motion/README.md
[0.647s] -- Up-to-date: /home/lzy/lbot_ws/install/lbot_motion/share/lbot_motion/environment/library_path.sh
[0.647s] -- Up-to-date: /home/lzy/lbot_ws/install/lbot_motion/share/lbot_motion/environment/library_path.dsv
[0.647s] -- Up-to-date: /home/lzy/lbot_ws/install/lbot_motion/share/ament_index/resource_index/package_run_dependencies/lbot_motion
[0.647s] -- Up-to-date: /home/lzy/lbot_ws/install/lbot_motion/share/ament_index/resource_index/parent_prefix_path/lbot_motion
[0.647s] -- Up-to-date: /home/lzy/lbot_ws/install/lbot_motion/share/lbot_motion/environment/ament_prefix_path.sh
[0.647s] -- Up-to-date: /home/lzy/lbot_ws/install/lbot_motion/share/lbot_motion/environment/ament_prefix_path.dsv
[0.648s] -- Up-to-date: /home/lzy/lbot_ws/install/lbot_motion/share/lbot_motion/environment/path.sh
[0.648s] -- Up-to-date: /home/lzy/lbot_ws/install/lbot_motion/share/lbot_motion/environment/path.dsv
[0.648s] -- Up-to-date: /home/lzy/lbot_ws/install/lbot_motion/share/lbot_motion/local_setup.bash
[0.648s] -- Up-to-date: /home/lzy/lbot_ws/install/lbot_motion/share/lbot_motion/local_setup.sh
[0.648s] -- Up-to-date: /home/lzy/lbot_ws/install/lbot_motion/share/lbot_motion/local_setup.zsh
[0.648s] -- Up-to-date: /home/lzy/lbot_ws/install/lbot_motion/share/lbot_motion/local_setup.dsv
[0.648s] -- Installing: /home/lzy/lbot_ws/install/lbot_motion/share/lbot_motion/package.dsv
[0.648s] -- Up-to-date: /home/lzy/lbot_ws/install/lbot_motion/share/ament_index/resource_index/packages/lbot_motion
[0.648s] -- Up-to-date: /home/lzy/lbot_ws/install/lbot_motion/share/lbot_motion/cmake/ament_cmake_export_include_directories-extras.cmake
[0.648s] -- Up-to-date: /home/lzy/lbot_ws/install/lbot_motion/share/lbot_motion/cmake/ament_cmake_export_libraries-extras.cmake
[0.648s] -- Up-to-date: /home/lzy/lbot_ws/install/lbot_motion/share/lbot_motion/cmake/ament_cmake_export_dependencies-extras.cmake
[0.648s] -- Up-to-date: /home/lzy/lbot_ws/install/lbot_motion/share/lbot_motion/cmake/lbot_motionConfig.cmake
[0.648s] -- Up-to-date: /home/lzy/lbot_ws/install/lbot_motion/share/lbot_motion/cmake/lbot_motionConfig-version.cmake
[0.648s] -- Up-to-date: /home/lzy/lbot_ws/install/lbot_motion/share/lbot_motion/package.xml
[0.648s] Invoked command in '/home/lzy/lbot_ws/build/lbot_motion' returned '0': AMENT_PREFIX_PATH=/home/lzy/lbot_ws/install/lbot_arm_interfaces:${AMENT_PREFIX_PATH} CMAKE_PREFIX_PATH=/home/lzy/lbot_ws/install/lbot_arm_interfaces:/opt/ros/jazzy/opt/gz_math_vendor:/opt/ros/jazzy/opt/gz_utils_vendor:/opt/ros/jazzy/opt/gz_cmake_vendor:/opt/ros/jazzy LD_LIBRARY_PATH=/home/lzy/lbot_ws/install/lbot_arm_interfaces/lib:${LD_LIBRARY_PATH} PYTHONPATH=/home/lzy/lbot_ws/install/lbot_arm_interfaces/lib/python3.12/site-packages:${PYTHONPATH} /usr/bin/cmake --install /home/lzy/lbot_ws/build/lbot_motion
