-- Found ament_cmake: 2.5.6 (/opt/ros/jazzy/share/ament_cmake/cmake)
-- Found rclcpp: 28.1.21 (/opt/ros/jazzy/share/rclcpp/cmake)
-- Found rosidl_generator_c: 4.6.9 (/opt/ros/jazzy/share/rosidl_generator_c/cmake)
-- Found rosidl_generator_cpp: 4.6.9 (/opt/ros/jazzy/share/rosidl_generator_cpp/cmake)
-- Using all available rosidl_typesupport_c: rosidl_typesupport_fastrtps_c;rosidl_typesupport_introspection_c
-- Using all available rosidl_typesupport_cpp: rosidl_typesupport_fastrtps_cpp;rosidl_typesupport_introspection_cpp
-- Found rmw_implementation_cmake: 7.3.3 (/opt/ros/jazzy/share/rmw_implementation_cmake/cmake)
-- Found rmw_fastrtps_cpp: 8.4.4 (/opt/ros/jazzy/share/rmw_fastrtps_cpp/cmake)
-- Using RMW implementation 'rmw_fastrtps_cpp' as default
-- Found std_msgs: 5.3.8 (/opt/ros/jazzy/share/std_msgs/cmake)
-- Found std_srvs: 5.3.8 (/opt/ros/jazzy/share/std_srvs/cmake)
-- Found sensor_msgs: 5.3.8 (/opt/ros/jazzy/share/sensor_msgs/cmake)
-- Found tf2: 0.36.21 (/opt/ros/jazzy/share/tf2/cmake)
-- Found tf2_geometry_msgs: 0.36.21 (/opt/ros/jazzy/share/tf2_geometry_msgs/cmake)
-- Found eigen3_cmake_module: 0.3.1 (/opt/ros/jazzy/share/eigen3_cmake_module/cmake)
-- Ensuring Eigen3 include directory is part of orocos-kdl CMake target
-- Found lbot_arm_interfaces: 0.0.0 (/home/lzy/lbot_ws/install/lbot_arm_interfaces/share/lbot_arm_interfaces/cmake)
-- Found ament_lint_auto: 0.17.5 (/opt/ros/jazzy/share/ament_lint_auto/cmake)
-- Added test 'cppcheck' to perform static code analysis on C / C++ code
-- Configured cppcheck include dirs: /home/lzy/lbot_ws/src/lbot_demo/include;/home/lzy/lbot_ws/src/lbot_demo/include/lbot_demo
-- Configured cppcheck exclude dirs and/or files: 
-- Added test 'flake8' to check Python code syntax and style conventions
-- Configured 'flake8' exclude dirs and/or files: 
-- Added test 'lint_cmake' to check CMake code style
-- Added test 'pep257' to check Python code against some of the docstring style conventions in PEP 257
-- Added test 'uncrustify' to check C / C++ code style
-- Configured uncrustify additional arguments: 
-- Added test 'xmllint' to check XML markup files
-- Configuring done (0.8s)
-- Generating done (0.0s)
-- Build files have been written to: /home/lzy/lbot_ws/build/lbot_demo
[  6%] Built target demo_lkrs_movel
[  9%] Building CXX object CMakeFiles/demo_motion_test.dir/src/demo_motion_test.cpp.o
[ 15%] Built target demo_lkrs_movejp
[ 21%] Built target demo_lkrs_movej
[ 28%] Built target demo_lkls_movel
[ 34%] Built target demo_hand_l6_control
[ 40%] Built target demo_lkls_i1_movejp
[ 46%] Built target demo_lkls_i1_movej
[ 53%] Built target demo_lkls_i1_movel
[ 59%] Built target demo_lkls_movej
[ 65%] Built target demo_emergency_enable
[ 71%] Built target demo_fk
[ 78%] Built target demo_tool_frame
[ 84%] Built target demo_ik
[ 90%] Built target demo_lkls_movejp
[ 96%] Built target demo_hand_l10_control
[100%] Linking CXX executable demo_motion_test
[100%] Built target demo_motion_test
-- Install configuration: ""
-- Up-to-date: /home/lzy/lbot_ws/install/lbot_demo/lib/lbot_demo/demo_lkrs_movel
-- Up-to-date: /home/lzy/lbot_ws/install/lbot_demo/lib/lbot_demo/demo_lkrs_movej
-- Up-to-date: /home/lzy/lbot_ws/install/lbot_demo/lib/lbot_demo/demo_lkrs_movejp
-- Up-to-date: /home/lzy/lbot_ws/install/lbot_demo/lib/lbot_demo/demo_lkls_movel
-- Up-to-date: /home/lzy/lbot_ws/install/lbot_demo/lib/lbot_demo/demo_lkls_movej
-- Up-to-date: /home/lzy/lbot_ws/install/lbot_demo/lib/lbot_demo/demo_lkls_movejp
-- Up-to-date: /home/lzy/lbot_ws/install/lbot_demo/lib/lbot_demo/demo_lkls_i1_movel
-- Up-to-date: /home/lzy/lbot_ws/install/lbot_demo/lib/lbot_demo/demo_lkls_i1_movej
-- Up-to-date: /home/lzy/lbot_ws/install/lbot_demo/lib/lbot_demo/demo_lkls_i1_movejp
-- Up-to-date: /home/lzy/lbot_ws/install/lbot_demo/lib/lbot_demo/demo_fk
-- Up-to-date: /home/lzy/lbot_ws/install/lbot_demo/lib/lbot_demo/demo_ik
-- Up-to-date: /home/lzy/lbot_ws/install/lbot_demo/lib/lbot_demo/demo_tool_frame
-- Up-to-date: /home/lzy/lbot_ws/install/lbot_demo/lib/lbot_demo/demo_emergency_enable
-- Up-to-date: /home/lzy/lbot_ws/install/lbot_demo/lib/lbot_demo/demo_hand_l6_control
-- Up-to-date: /home/lzy/lbot_ws/install/lbot_demo/lib/lbot_demo/demo_hand_l10_control
-- Installing: /home/lzy/lbot_ws/install/lbot_demo/lib/lbot_demo/demo_motion_test
-- Set non-toolchain portion of runtime path of "/home/lzy/lbot_ws/install/lbot_demo/lib/lbot_demo/demo_motion_test" to ""
-- Up-to-date: /home/lzy/lbot_ws/install/lbot_demo/share/lbot_demo/launch
-- Up-to-date: /home/lzy/lbot_ws/install/lbot_demo/share/lbot_demo/launch/lbot_start_smoke_test.launch.py
-- Up-to-date: /home/lzy/lbot_ws/install/lbot_demo/share/lbot_demo/launch/__pycache__
-- Installing: /home/lzy/lbot_ws/install/lbot_demo/share/lbot_demo/launch/__pycache__/lbot_start_smoke_test.launch.cpython-312.pyc
-- Installing: /home/lzy/lbot_ws/install/lbot_demo/share/lbot_demo/launch/lbot_start_motion_test.launch.py
-- Up-to-date: /home/lzy/lbot_ws/install/lbot_demo/share/lbot_demo/launch/lbot_start_demo.launch.py
-- Up-to-date: /home/lzy/lbot_ws/install/lbot_demo/share/ament_index/resource_index/package_run_dependencies/lbot_demo
-- Up-to-date: /home/lzy/lbot_ws/install/lbot_demo/share/ament_index/resource_index/parent_prefix_path/lbot_demo
-- Up-to-date: /home/lzy/lbot_ws/install/lbot_demo/share/lbot_demo/environment/ament_prefix_path.sh
-- Up-to-date: /home/lzy/lbot_ws/install/lbot_demo/share/lbot_demo/environment/ament_prefix_path.dsv
-- Up-to-date: /home/lzy/lbot_ws/install/lbot_demo/share/lbot_demo/environment/path.sh
-- Up-to-date: /home/lzy/lbot_ws/install/lbot_demo/share/lbot_demo/environment/path.dsv
-- Up-to-date: /home/lzy/lbot_ws/install/lbot_demo/share/lbot_demo/local_setup.bash
-- Up-to-date: /home/lzy/lbot_ws/install/lbot_demo/share/lbot_demo/local_setup.sh
-- Up-to-date: /home/lzy/lbot_ws/install/lbot_demo/share/lbot_demo/local_setup.zsh
-- Up-to-date: /home/lzy/lbot_ws/install/lbot_demo/share/lbot_demo/local_setup.dsv
-- Installing: /home/lzy/lbot_ws/install/lbot_demo/share/lbot_demo/package.dsv
-- Up-to-date: /home/lzy/lbot_ws/install/lbot_demo/share/ament_index/resource_index/packages/lbot_demo
-- Up-to-date: /home/lzy/lbot_ws/install/lbot_demo/share/lbot_demo/cmake/lbot_demoConfig.cmake
-- Up-to-date: /home/lzy/lbot_ws/install/lbot_demo/share/lbot_demo/cmake/lbot_demoConfig-version.cmake
-- Up-to-date: /home/lzy/lbot_ws/install/lbot_demo/share/lbot_demo/package.xml
