[0.068s] Invoking command in '/home/lzy/lbot_ws/build/lbot_demo': AMENT_PREFIX_PATH=/home/lzy/lbot_ws/install/lbot_arm_interfaces:${AMENT_PREFIX_PATH} CMAKE_PREFIX_PATH=/home/lzy/lbot_ws/install/lbot_arm_interfaces:/opt/ros/jazzy/opt/gz_math_vendor:/opt/ros/jazzy/opt/gz_utils_vendor:/opt/ros/jazzy/opt/gz_cmake_vendor:/opt/ros/jazzy LD_LIBRARY_PATH=/home/lzy/lbot_ws/install/lbot_arm_interfaces/lib:${LD_LIBRARY_PATH} PYTHONPATH=/home/lzy/lbot_ws/install/lbot_arm_interfaces/lib/python3.12/site-packages:${PYTHONPATH} /usr/bin/cmake --build /home/lzy/lbot_ws/build/lbot_demo -- -j24 -l24
[0.088s] -- Found ament_cmake: 2.5.6 (/opt/ros/jazzy/share/ament_cmake/cmake)
[0.216s] -- Found rclcpp: 28.1.21 (/opt/ros/jazzy/share/rclcpp/cmake)
[0.294s] -- Found rosidl_generator_c: 4.6.9 (/opt/ros/jazzy/share/rosidl_generator_c/cmake)
[0.301s] -- Found rosidl_generator_cpp: 4.6.9 (/opt/ros/jazzy/share/rosidl_generator_cpp/cmake)
[0.309s] -- Using all available rosidl_typesupport_c: rosidl_typesupport_fastrtps_c;rosidl_typesupport_introspection_c
[0.319s] -- Using all available rosidl_typesupport_cpp: rosidl_typesupport_fastrtps_cpp;rosidl_typesupport_introspection_cpp
[0.368s] -- Found rmw_implementation_cmake: 7.3.3 (/opt/ros/jazzy/share/rmw_implementation_cmake/cmake)
[0.370s] -- Found rmw_fastrtps_cpp: 8.4.4 (/opt/ros/jazzy/share/rmw_fastrtps_cpp/cmake)
[0.483s] -- Using RMW implementation 'rmw_fastrtps_cpp' as default
[0.600s] -- Found std_msgs: 5.3.8 (/opt/ros/jazzy/share/std_msgs/cmake)
[0.612s] -- Found std_srvs: 5.3.8 (/opt/ros/jazzy/share/std_srvs/cmake)
[0.626s] -- Found sensor_msgs: 5.3.8 (/opt/ros/jazzy/share/sensor_msgs/cmake)
[0.655s] -- Found tf2: 0.36.21 (/opt/ros/jazzy/share/tf2/cmake)
[0.658s] -- Found tf2_geometry_msgs: 0.36.21 (/opt/ros/jazzy/share/tf2_geometry_msgs/cmake)
[0.662s] -- Found eigen3_cmake_module: 0.3.1 (/opt/ros/jazzy/share/eigen3_cmake_module/cmake)
[0.663s] -- Ensuring Eigen3 include directory is part of orocos-kdl CMake target
[0.742s] -- Found lbot_arm_interfaces: 0.0.0 (/home/lzy/lbot_ws/install/lbot_arm_interfaces/share/lbot_arm_interfaces/cmake)
[0.767s] -- Found ament_lint_auto: 0.17.5 (/opt/ros/jazzy/share/ament_lint_auto/cmake)
[0.837s] -- Added test 'cppcheck' to perform static code analysis on C / C++ code
[0.837s] -- Configured cppcheck include dirs: /home/lzy/lbot_ws/src/lbot_demo/include;/home/lzy/lbot_ws/src/lbot_demo/include/lbot_demo
[0.837s] -- Configured cppcheck exclude dirs and/or files: 
[0.837s] -- Added test 'flake8' to check Python code syntax and style conventions
[0.837s] -- Configured 'flake8' exclude dirs and/or files: 
[0.838s] -- Added test 'lint_cmake' to check CMake code style
[0.838s] -- Added test 'pep257' to check Python code against some of the docstring style conventions in PEP 257
[0.839s] -- Added test 'uncrustify' to check C / C++ code style
[0.839s] -- Configured uncrustify additional arguments: 
[0.839s] -- Added test 'xmllint' to check XML markup files
[0.841s] -- Configuring done (0.8s)
[0.883s] -- Generating done (0.0s)
[0.896s] -- Build files have been written to: /home/lzy/lbot_ws/build/lbot_demo
[0.923s] [  6%] Built target demo_lkrs_movel
[0.924s] [  9%] Building CXX object CMakeFiles/demo_motion_test.dir/src/demo_motion_test.cpp.o
[0.926s] [ 15%] Built target demo_lkrs_movejp
[0.928s] [ 21%] Built target demo_lkrs_movej
[0.930s] [ 28%] Built target demo_lkls_movel
[0.934s] [ 34%] Built target demo_hand_l6_control
[0.934s] [ 40%] Built target demo_lkls_i1_movejp
[0.934s] [ 46%] Built target demo_lkls_i1_movej
[0.935s] [ 53%] Built target demo_lkls_i1_movel
[0.935s] [ 59%] Built target demo_lkls_movej
[0.935s] [ 65%] Built target demo_emergency_enable
[0.935s] [ 71%] Built target demo_fk
[0.936s] [ 78%] Built target demo_tool_frame
[0.936s] [ 84%] Built target demo_ik
[0.936s] [ 90%] Built target demo_lkls_movejp
[0.938s] [ 96%] Built target demo_hand_l10_control
[5.109s] [100%] Linking CXX executable demo_motion_test
[5.330s] [100%] Built target demo_motion_test
[5.335s] Invoked command in '/home/lzy/lbot_ws/build/lbot_demo' returned '0': AMENT_PREFIX_PATH=/home/lzy/lbot_ws/install/lbot_arm_interfaces:${AMENT_PREFIX_PATH} CMAKE_PREFIX_PATH=/home/lzy/lbot_ws/install/lbot_arm_interfaces:/opt/ros/jazzy/opt/gz_math_vendor:/opt/ros/jazzy/opt/gz_utils_vendor:/opt/ros/jazzy/opt/gz_cmake_vendor:/opt/ros/jazzy LD_LIBRARY_PATH=/home/lzy/lbot_ws/install/lbot_arm_interfaces/lib:${LD_LIBRARY_PATH} PYTHONPATH=/home/lzy/lbot_ws/install/lbot_arm_interfaces/lib/python3.12/site-packages:${PYTHONPATH} /usr/bin/cmake --build /home/lzy/lbot_ws/build/lbot_demo -- -j24 -l24
[5.340s] Invoking command in '/home/lzy/lbot_ws/build/lbot_demo': AMENT_PREFIX_PATH=/home/lzy/lbot_ws/install/lbot_arm_interfaces:${AMENT_PREFIX_PATH} CMAKE_PREFIX_PATH=/home/lzy/lbot_ws/install/lbot_arm_interfaces:/opt/ros/jazzy/opt/gz_math_vendor:/opt/ros/jazzy/opt/gz_utils_vendor:/opt/ros/jazzy/opt/gz_cmake_vendor:/opt/ros/jazzy LD_LIBRARY_PATH=/home/lzy/lbot_ws/install/lbot_arm_interfaces/lib:${LD_LIBRARY_PATH} PYTHONPATH=/home/lzy/lbot_ws/install/lbot_arm_interfaces/lib/python3.12/site-packages:${PYTHONPATH} /usr/bin/cmake --install /home/lzy/lbot_ws/build/lbot_demo
[5.343s] -- Install configuration: ""
[5.343s] -- Up-to-date: /home/lzy/lbot_ws/install/lbot_demo/lib/lbot_demo/demo_lkrs_movel
[5.343s] -- Up-to-date: /home/lzy/lbot_ws/install/lbot_demo/lib/lbot_demo/demo_lkrs_movej
[5.343s] -- Up-to-date: /home/lzy/lbot_ws/install/lbot_demo/lib/lbot_demo/demo_lkrs_movejp
[5.344s] -- Up-to-date: /home/lzy/lbot_ws/install/lbot_demo/lib/lbot_demo/demo_lkls_movel
[5.344s] -- Up-to-date: /home/lzy/lbot_ws/install/lbot_demo/lib/lbot_demo/demo_lkls_movej
[5.344s] -- Up-to-date: /home/lzy/lbot_ws/install/lbot_demo/lib/lbot_demo/demo_lkls_movejp
[5.344s] -- Up-to-date: /home/lzy/lbot_ws/install/lbot_demo/lib/lbot_demo/demo_lkls_i1_movel
[5.344s] -- Up-to-date: /home/lzy/lbot_ws/install/lbot_demo/lib/lbot_demo/demo_lkls_i1_movej
[5.344s] -- Up-to-date: /home/lzy/lbot_ws/install/lbot_demo/lib/lbot_demo/demo_lkls_i1_movejp
[5.344s] -- Up-to-date: /home/lzy/lbot_ws/install/lbot_demo/lib/lbot_demo/demo_fk
[5.344s] -- Up-to-date: /home/lzy/lbot_ws/install/lbot_demo/lib/lbot_demo/demo_ik
[5.344s] -- Up-to-date: /home/lzy/lbot_ws/install/lbot_demo/lib/lbot_demo/demo_tool_frame
[5.344s] -- Up-to-date: /home/lzy/lbot_ws/install/lbot_demo/lib/lbot_demo/demo_emergency_enable
[5.344s] -- Up-to-date: /home/lzy/lbot_ws/install/lbot_demo/lib/lbot_demo/demo_hand_l6_control
[5.344s] -- Up-to-date: /home/lzy/lbot_ws/install/lbot_demo/lib/lbot_demo/demo_hand_l10_control
[5.345s] -- Installing: /home/lzy/lbot_ws/install/lbot_demo/lib/lbot_demo/demo_motion_test
[5.347s] -- Set non-toolchain portion of runtime path of "/home/lzy/lbot_ws/install/lbot_demo/lib/lbot_demo/demo_motion_test" to ""
[5.347s] -- Up-to-date: /home/lzy/lbot_ws/install/lbot_demo/share/lbot_demo/launch
[5.347s] -- Up-to-date: /home/lzy/lbot_ws/install/lbot_demo/share/lbot_demo/launch/lbot_start_smoke_test.launch.py
[5.347s] -- Up-to-date: /home/lzy/lbot_ws/install/lbot_demo/share/lbot_demo/launch/__pycache__
[5.347s] -- Installing: /home/lzy/lbot_ws/install/lbot_demo/share/lbot_demo/launch/__pycache__/lbot_start_smoke_test.launch.cpython-312.pyc
[5.348s] -- Installing: /home/lzy/lbot_ws/install/lbot_demo/share/lbot_demo/launch/lbot_start_motion_test.launch.py
[5.348s] -- Up-to-date: /home/lzy/lbot_ws/install/lbot_demo/share/lbot_demo/launch/lbot_start_demo.launch.py
[5.348s] -- Up-to-date: /home/lzy/lbot_ws/install/lbot_demo/share/ament_index/resource_index/package_run_dependencies/lbot_demo
[5.348s] -- Up-to-date: /home/lzy/lbot_ws/install/lbot_demo/share/ament_index/resource_index/parent_prefix_path/lbot_demo
[5.348s] -- Up-to-date: /home/lzy/lbot_ws/install/lbot_demo/share/lbot_demo/environment/ament_prefix_path.sh
[5.348s] -- Up-to-date: /home/lzy/lbot_ws/install/lbot_demo/share/lbot_demo/environment/ament_prefix_path.dsv
[5.348s] -- Up-to-date: /home/lzy/lbot_ws/install/lbot_demo/share/lbot_demo/environment/path.sh
[5.348s] -- Up-to-date: /home/lzy/lbot_ws/install/lbot_demo/share/lbot_demo/environment/path.dsv
[5.348s] -- Up-to-date: /home/lzy/lbot_ws/install/lbot_demo/share/lbot_demo/local_setup.bash
[5.348s] -- Up-to-date: /home/lzy/lbot_ws/install/lbot_demo/share/lbot_demo/local_setup.sh
[5.348s] -- Up-to-date: /home/lzy/lbot_ws/install/lbot_demo/share/lbot_demo/local_setup.zsh
[5.348s] -- Up-to-date: /home/lzy/lbot_ws/install/lbot_demo/share/lbot_demo/local_setup.dsv
[5.348s] -- Installing: /home/lzy/lbot_ws/install/lbot_demo/share/lbot_demo/package.dsv
[5.348s] -- Up-to-date: /home/lzy/lbot_ws/install/lbot_demo/share/ament_index/resource_index/packages/lbot_demo
[5.348s] -- Up-to-date: /home/lzy/lbot_ws/install/lbot_demo/share/lbot_demo/cmake/lbot_demoConfig.cmake
[5.348s] -- Up-to-date: /home/lzy/lbot_ws/install/lbot_demo/share/lbot_demo/cmake/lbot_demoConfig-version.cmake
[5.348s] -- Up-to-date: /home/lzy/lbot_ws/install/lbot_demo/share/lbot_demo/package.xml
[5.349s] Invoked command in '/home/lzy/lbot_ws/build/lbot_demo' returned '0': AMENT_PREFIX_PATH=/home/lzy/lbot_ws/install/lbot_arm_interfaces:${AMENT_PREFIX_PATH} CMAKE_PREFIX_PATH=/home/lzy/lbot_ws/install/lbot_arm_interfaces:/opt/ros/jazzy/opt/gz_math_vendor:/opt/ros/jazzy/opt/gz_utils_vendor:/opt/ros/jazzy/opt/gz_cmake_vendor:/opt/ros/jazzy LD_LIBRARY_PATH=/home/lzy/lbot_ws/install/lbot_arm_interfaces/lib:${LD_LIBRARY_PATH} PYTHONPATH=/home/lzy/lbot_ws/install/lbot_arm_interfaces/lib/python3.12/site-packages:${PYTHONPATH} /usr/bin/cmake --install /home/lzy/lbot_ws/build/lbot_demo
