[0.057s] Invoking command in '/home/lzy/lbot_ws/build/lbot_motion': AMENT_PREFIX_PATH=/home/lzy/lbot_ws/install/lbot_arm_interfaces:${AMENT_PREFIX_PATH} CMAKE_PREFIX_PATH=/home/lzy/lbot_ws/install/lbot_arm_interfaces:/opt/ros/jazzy/opt/gz_math_vendor:/opt/ros/jazzy/opt/gz_utils_vendor:/opt/ros/jazzy/opt/gz_cmake_vendor:/opt/ros/jazzy LD_LIBRARY_PATH=/home/lzy/lbot_ws/install/lbot_arm_interfaces/lib:${LD_LIBRARY_PATH} PYTHONPATH=/home/lzy/lbot_ws/install/lbot_arm_interfaces/lib/python3.12/site-packages:${PYTHONPATH} /usr/bin/cmake --build /home/lzy/lbot_ws/build/lbot_motion -- -j24 -l24
[0.084s] [ 20%] Building CXX object CMakeFiles/lbot_motion.dir/src/motion_device.cpp.o
[0.085s] [ 40%] Building CXX object CMakeFiles/lbot_motion.dir/src/motion_planner.cpp.o
[4.208s] [ 60%] Linking CXX shared library liblbot_motion.so
[4.413s] [ 60%] Built target lbot_motion
[4.426s] [ 80%] Building CXX object CMakeFiles/motion_demo_node.dir/src/motion_demo_node.cpp.o
[5.844s] [100%] Linking CXX executable motion_demo_node
[5.996s] [100%] Built target motion_demo_node
[6.001s] Invoked command in '/home/lzy/lbot_ws/build/lbot_motion' returned '0': AMENT_PREFIX_PATH=/home/lzy/lbot_ws/install/lbot_arm_interfaces:${AMENT_PREFIX_PATH} CMAKE_PREFIX_PATH=/home/lzy/lbot_ws/install/lbot_arm_interfaces:/opt/ros/jazzy/opt/gz_math_vendor:/opt/ros/jazzy/opt/gz_utils_vendor:/opt/ros/jazzy/opt/gz_cmake_vendor:/opt/ros/jazzy LD_LIBRARY_PATH=/home/lzy/lbot_ws/install/lbot_arm_interfaces/lib:${LD_LIBRARY_PATH} PYTHONPATH=/home/lzy/lbot_ws/install/lbot_arm_interfaces/lib/python3.12/site-packages:${PYTHONPATH} /usr/bin/cmake --build /home/lzy/lbot_ws/build/lbot_motion -- -j24 -l24
[6.005s] Invoking command in '/home/lzy/lbot_ws/build/lbot_motion': AMENT_PREFIX_PATH=/home/lzy/lbot_ws/install/lbot_arm_interfaces:${AMENT_PREFIX_PATH} CMAKE_PREFIX_PATH=/home/lzy/lbot_ws/install/lbot_arm_interfaces:/opt/ros/jazzy/opt/gz_math_vendor:/opt/ros/jazzy/opt/gz_utils_vendor:/opt/ros/jazzy/opt/gz_cmake_vendor:/opt/ros/jazzy LD_LIBRARY_PATH=/home/lzy/lbot_ws/install/lbot_arm_interfaces/lib:${LD_LIBRARY_PATH} PYTHONPATH=/home/lzy/lbot_ws/install/lbot_arm_interfaces/lib/python3.12/site-packages:${PYTHONPATH} /usr/bin/cmake --install /home/lzy/lbot_ws/build/lbot_motion
[6.008s] -- Install configuration: ""
[6.008s] -- Installing: /home/lzy/lbot_ws/install/lbot_motion/lib/liblbot_motion.so
[6.010s] -- Set non-toolchain portion of runtime path of "/home/lzy/lbot_ws/install/lbot_motion/lib/liblbot_motion.so" to ""
[6.010s] -- Installing: /home/lzy/lbot_ws/install/lbot_motion/bin/motion_demo_node
[6.011s] -- Set non-toolchain portion of runtime path of "/home/lzy/lbot_ws/install/lbot_motion/bin/motion_demo_node" to ""
[6.011s] -- Up-to-date: /home/lzy/lbot_ws/install/lbot_motion/include
[6.011s] -- Up-to-date: /home/lzy/lbot_ws/install/lbot_motion/include/lbot_motion
[6.011s] -- Installing: /home/lzy/lbot_ws/install/lbot_motion/include/lbot_motion/motion_planner.hpp
[6.011s] -- Up-to-date: /home/lzy/lbot_ws/install/lbot_motion/include/lbot_motion/motion_device.hpp
[6.011s] -- Up-to-date: /home/lzy/lbot_ws/install/lbot_motion/share/lbot_motion/launch
[6.011s] -- Up-to-date: /home/lzy/lbot_ws/install/lbot_motion/share/lbot_motion/launch/motion_demo.launch.py
[6.011s] -- Up-to-date: /home/lzy/lbot_ws/install/lbot_motion/share/lbot_motion/README.md
[6.011s] -- Up-to-date: /home/lzy/lbot_ws/install/lbot_motion/share/lbot_motion/environment/library_path.sh
[6.011s] -- Up-to-date: /home/lzy/lbot_ws/install/lbot_motion/share/lbot_motion/environment/library_path.dsv
[6.011s] -- Up-to-date: /home/lzy/lbot_ws/install/lbot_motion/share/ament_index/resource_index/package_run_dependencies/lbot_motion
[6.011s] -- Up-to-date: /home/lzy/lbot_ws/install/lbot_motion/share/ament_index/resource_index/parent_prefix_path/lbot_motion
[6.011s] -- Up-to-date: /home/lzy/lbot_ws/install/lbot_motion/share/lbot_motion/environment/ament_prefix_path.sh
[6.011s] -- Up-to-date: /home/lzy/lbot_ws/install/lbot_motion/share/lbot_motion/environment/ament_prefix_path.dsv
[6.011s] -- Up-to-date: /home/lzy/lbot_ws/install/lbot_motion/share/lbot_motion/environment/path.sh
[6.011s] -- Up-to-date: /home/lzy/lbot_ws/install/lbot_motion/share/lbot_motion/environment/path.dsv
[6.011s] -- Up-to-date: /home/lzy/lbot_ws/install/lbot_motion/share/lbot_motion/local_setup.bash
[6.011s] -- Up-to-date: /home/lzy/lbot_ws/install/lbot_motion/share/lbot_motion/local_setup.sh
[6.011s] -- Up-to-date: /home/lzy/lbot_ws/install/lbot_motion/share/lbot_motion/local_setup.zsh
[6.011s] -- Up-to-date: /home/lzy/lbot_ws/install/lbot_motion/share/lbot_motion/local_setup.dsv
[6.011s] -- Installing: /home/lzy/lbot_ws/install/lbot_motion/share/lbot_motion/package.dsv
[6.012s] -- Up-to-date: /home/lzy/lbot_ws/install/lbot_motion/share/ament_index/resource_index/packages/lbot_motion
[6.012s] -- Up-to-date: /home/lzy/lbot_ws/install/lbot_motion/share/lbot_motion/cmake/ament_cmake_export_include_directories-extras.cmake
[6.012s] -- Up-to-date: /home/lzy/lbot_ws/install/lbot_motion/share/lbot_motion/cmake/ament_cmake_export_libraries-extras.cmake
[6.012s] -- Up-to-date: /home/lzy/lbot_ws/install/lbot_motion/share/lbot_motion/cmake/ament_cmake_export_dependencies-extras.cmake
[6.012s] -- Up-to-date: /home/lzy/lbot_ws/install/lbot_motion/share/lbot_motion/cmake/lbot_motionConfig.cmake
[6.012s] -- Up-to-date: /home/lzy/lbot_ws/install/lbot_motion/share/lbot_motion/cmake/lbot_motionConfig-version.cmake
[6.012s] -- Up-to-date: /home/lzy/lbot_ws/install/lbot_motion/share/lbot_motion/package.xml
[6.012s] Invoked command in '/home/lzy/lbot_ws/build/lbot_motion' returned '0': AMENT_PREFIX_PATH=/home/lzy/lbot_ws/install/lbot_arm_interfaces:${AMENT_PREFIX_PATH} CMAKE_PREFIX_PATH=/home/lzy/lbot_ws/install/lbot_arm_interfaces:/opt/ros/jazzy/opt/gz_math_vendor:/opt/ros/jazzy/opt/gz_utils_vendor:/opt/ros/jazzy/opt/gz_cmake_vendor:/opt/ros/jazzy LD_LIBRARY_PATH=/home/lzy/lbot_ws/install/lbot_arm_interfaces/lib:${LD_LIBRARY_PATH} PYTHONPATH=/home/lzy/lbot_ws/install/lbot_arm_interfaces/lib/python3.12/site-packages:${PYTHONPATH} /usr/bin/cmake --install /home/lzy/lbot_ws/build/lbot_motion
