[0.743s] Invoking command in '/home/lzy/lbot_ws/build/nut_sorting_task': AMENT_PREFIX_PATH=/home/lzy/lbot_ws/install/lbot_arm_interfaces:${AMENT_PREFIX_PATH} CMAKE_PREFIX_PATH=/home/lzy/lbot_ws/install/lbot_arm_interfaces:${CMAKE_PREFIX_PATH} LD_LIBRARY_PATH=/home/lzy/lbot_ws/install/lbot_arm_interfaces/lib:${LD_LIBRARY_PATH} PYTHONPATH=/home/lzy/lbot_ws/build/nut_sorting_task/prefix_override:/usr/lib/python3/dist-packages/colcon_core/task/python/colcon_distutils_commands:/home/lzy/lbot_ws/install/nut_sorting_task/lib/python3.12/site-packages:/home/lzy/lbot_ws/install/lbot_arm_interfaces/lib/python3.12/site-packages:${PYTHONPATH} /usr/bin/python3 -W ignore:setup.py install is deprecated -W ignore:easy_install command is deprecated setup.py develop --editable --build-directory /home/lzy/lbot_ws/build/nut_sorting_task/build --no-deps symlink_data
[0.887s] running develop
[0.960s] running egg_info
[0.960s] creating nut_sorting_task.egg-info
[0.967s] writing nut_sorting_task.egg-info/PKG-INFO
[0.967s] writing dependency_links to nut_sorting_task.egg-info/dependency_links.txt
[0.968s] writing entry points to nut_sorting_task.egg-info/entry_points.txt
[0.968s] writing requirements to nut_sorting_task.egg-info/requires.txt
[0.968s] writing top-level names to nut_sorting_task.egg-info/top_level.txt
[0.968s] writing manifest file 'nut_sorting_task.egg-info/SOURCES.txt'
[0.982s] reading manifest file 'nut_sorting_task.egg-info/SOURCES.txt'
[0.982s] writing manifest file 'nut_sorting_task.egg-info/SOURCES.txt'
[0.990s] running build_ext
[0.991s] Creating /home/lzy/lbot_ws/install/nut_sorting_task/lib/python3.12/site-packages/nut-sorting-task.egg-link (link to .)
[0.991s] Installing nut_sorting_node script to /home/lzy/lbot_ws/install/nut_sorting_task/lib/nut_sorting_task
[0.991s] 
[0.991s] Installed /home/lzy/lbot_ws/build/nut_sorting_task
[0.991s] running symlink_data
[0.991s] creating /home/lzy/lbot_ws/install/nut_sorting_task/share/ament_index
[0.991s] creating /home/lzy/lbot_ws/install/nut_sorting_task/share/ament_index/resource_index
[0.991s] creating /home/lzy/lbot_ws/install/nut_sorting_task/share/ament_index/resource_index/packages
[0.992s] symbolically linking /home/lzy/lbot_ws/build/nut_sorting_task/resource/nut_sorting_task -> /home/lzy/lbot_ws/install/nut_sorting_task/share/ament_index/resource_index/packages
[0.992s] symbolically linking /home/lzy/lbot_ws/build/nut_sorting_task/package.xml -> /home/lzy/lbot_ws/install/nut_sorting_task/share/nut_sorting_task
[0.992s] creating /home/lzy/lbot_ws/install/nut_sorting_task/share/nut_sorting_task/config
[0.992s] symbolically linking /home/lzy/lbot_ws/build/nut_sorting_task/config/params.yaml -> /home/lzy/lbot_ws/install/nut_sorting_task/share/nut_sorting_task/config
[0.992s] creating /home/lzy/lbot_ws/install/nut_sorting_task/share/nut_sorting_task/launch
[0.992s] symbolically linking /home/lzy/lbot_ws/build/nut_sorting_task/launch/nut_sorting.launch.py -> /home/lzy/lbot_ws/install/nut_sorting_task/share/nut_sorting_task/launch
[1.008s] Invoked command in '/home/lzy/lbot_ws/build/nut_sorting_task' returned '0': AMENT_PREFIX_PATH=/home/lzy/lbot_ws/install/lbot_arm_interfaces:${AMENT_PREFIX_PATH} CMAKE_PREFIX_PATH=/home/lzy/lbot_ws/install/lbot_arm_interfaces:${CMAKE_PREFIX_PATH} LD_LIBRARY_PATH=/home/lzy/lbot_ws/install/lbot_arm_interfaces/lib:${LD_LIBRARY_PATH} PYTHONPATH=/home/lzy/lbot_ws/build/nut_sorting_task/prefix_override:/usr/lib/python3/dist-packages/colcon_core/task/python/colcon_distutils_commands:/home/lzy/lbot_ws/install/nut_sorting_task/lib/python3.12/site-packages:/home/lzy/lbot_ws/install/lbot_arm_interfaces/lib/python3.12/site-packages:${PYTHONPATH} /usr/bin/python3 -W ignore:setup.py install is deprecated -W ignore:easy_install command is deprecated setup.py develop --editable --build-directory /home/lzy/lbot_ws/build/nut_sorting_task/build --no-deps symlink_data
