[0.055s] Invoking command in '/home/lzy/lbot_ws/build/lbot_driver': AMENT_PREFIX_PATH=/home/lzy/lbot_ws/install/lbot_arm_interfaces:${AMENT_PREFIX_PATH} CMAKE_PREFIX_PATH=/home/lzy/lbot_ws/install/lbot_arm_interfaces:/opt/ros/jazzy/opt/gz_math_vendor:/opt/ros/jazzy/opt/gz_utils_vendor:/opt/ros/jazzy/opt/gz_cmake_vendor:/opt/ros/jazzy LD_LIBRARY_PATH=/home/lzy/lbot_ws/install/lbot_arm_interfaces/lib:${LD_LIBRARY_PATH} PYTHONPATH=/home/lzy/lbot_ws/install/lbot_arm_interfaces/lib/python3.12/site-packages:${PYTHONPATH} /usr/bin/cmake --build /home/lzy/lbot_ws/build/lbot_driver -- -j24 -l24
[0.087s] [ 50%] [32m[1mLinking CXX executable lbot_driver[0m
[0.529s] /usr/bin/ld: CMakeFiles/lbot_driver.dir/src/lbot_driver.cpp.o: in function `lbot_driver::LBot::connect_robot()':
[0.529s] lbot_driver.cpp:(.text+0x1f2a): undefined reference to `lbot::LbotApi::lbot_init(char const*)'
[0.529s] /usr/bin/ld: lbot_driver.cpp:(.text+0x2150): undefined reference to `lbot::LbotApi::lbot_start_state_monitor(void (*)(lbot_full_state_t const*), void (*)(int, char const*))'
[0.530s] /usr/bin/ld: CMakeFiles/lbot_driver.dir/src/lbot_driver.cpp.o: in function `lbot_driver::LBot::disconnect_robot()':
[0.530s] lbot_driver.cpp:(.text+0x2c88): undefined reference to `lbot::LbotApi::lbot_stop_state_monitor()'
[0.530s] /usr/bin/ld: lbot_driver.cpp:(.text+0x2e64): undefined reference to `lbot::LbotApi::lbot_cleanup()'
[0.531s] /usr/bin/ld: CMakeFiles/lbot_driver.dir/src/lbot_driver.cpp.o: in function `lbot_driver::LBot::get_robot_info()':
[0.531s] lbot_driver.cpp:(.text+0x31c9): undefined reference to `lbot::LbotApi::lbot_get_controller_info(lbot_handle_t*, std::__cxx11::basic_string<char, std::char_traits<char>, std::allocator<char> >&, std::__cxx11::basic_string<char, std::char_traits<char>, std::allocator<char> >&)'
[0.531s] /usr/bin/ld: CMakeFiles/lbot_driver.dir/src/lbot_driver.cpp.o: in function `lbot_driver::LBot::left_joint_follow_callback(std::shared_ptr<lbot_arm_interfaces::msg::FollowJoint_<std::allocator<void> > >)':
[0.531s] lbot_driver.cpp:(.text+0x420e): undefined reference to `lbot::LbotApi::lbot_joint_follow(lbot_handle_t*, lbot_arm_t, std::vector<double, std::allocator<double> > const&)'
[0.532s] /usr/bin/ld: CMakeFiles/lbot_driver.dir/src/lbot_driver.cpp.o: in function `lbot_driver::LBot::right_joint_follow_callback(std::shared_ptr<lbot_arm_interfaces::msg::FollowJoint_<std::allocator<void> > >)':
[0.532s] lbot_driver.cpp:(.text+0x4a00): undefined reference to `lbot::LbotApi::lbot_joint_follow(lbot_handle_t*, lbot_arm_t, std::vector<double, std::allocator<double> > const&)'
[0.533s] /usr/bin/ld: CMakeFiles/lbot_driver.dir/src/lbot_driver.cpp.o: in function `lbot_driver::LeftArmServiceNode::move_joint_callback(std::shared_ptr<lbot_arm_interfaces::srv::MoveJ_Request_<std::allocator<void> > >, std::shared_ptr<lbot_arm_interfaces::srv::MoveJ_Response_<std::allocator<void> > >)':
[0.533s] lbot_driver.cpp:(.text+0x8af8): undefined reference to `lbot::LbotApi::lbot_move_joint(lbot_handle_t*, lbot_arm_t, double const*, double, double, bool)'
[0.533s] /usr/bin/ld: lbot_driver.cpp:(.text+0x8e73): undefined reference to `lbot::LbotApi::lbot_get_last_error[abi:cxx11](lbot_handle_t*)'
[0.534s] /usr/bin/ld: CMakeFiles/lbot_driver.dir/src/lbot_driver.cpp.o: in function `lbot_driver::LeftArmServiceNode::move_pose_callback(std::shared_ptr<lbot_arm_interfaces::srv::MoveJP_Request_<std::allocator<void> > >, std::shared_ptr<lbot_arm_interfaces::srv::MoveJP_Response_<std::allocator<void> > >)':
[0.534s] lbot_driver.cpp:(.text+0x95ec): undefined reference to `lbot::LbotApi::lbot_move_pose(lbot_handle_t*, lbot_arm_t, lbot_position_t const*, lbot_euler_t const*, double, double, bool)'
[0.534s] /usr/bin/ld: lbot_driver.cpp:(.text+0x9967): undefined reference to `lbot::LbotApi::lbot_get_last_error[abi:cxx11](lbot_handle_t*)'
[0.535s] /usr/bin/ld: CMakeFiles/lbot_driver.dir/src/lbot_driver.cpp.o: in function `lbot_driver::LeftArmServiceNode::move_linear_callback(std::shared_ptr<lbot_arm_interfaces::srv::MoveL_Request_<std::allocator<void> > >, std::shared_ptr<lbot_arm_interfaces::srv::MoveL_Response_<std::allocator<void> > >)':
[0.535s] lbot_driver.cpp:(.text+0x9d46): undefined reference to `lbot::LbotApi::lbot_move_linear(lbot_handle_t*, lbot_arm_t, lbot_position_t const*, lbot_euler_t const*, double, double, bool)'
[0.535s] /usr/bin/ld: lbot_driver.cpp:(.text+0xa0c1): undefined reference to `lbot::LbotApi::lbot_get_last_error[abi:cxx11](lbot_handle_t*)'
[0.536s] /usr/bin/ld: CMakeFiles/lbot_driver.dir/src/lbot_driver.cpp.o: in function `lbot_driver::LeftArmServiceNode::forward_kinematics_callback(std::shared_ptr<lbot_arm_interfaces::srv::ForwardKinematics_Request_<std::allocator<void> > >, std::shared_ptr<lbot_arm_interfaces::srv::ForwardKinematics_Response_<std::allocator<void> > >)':
[0.536s] lbot_driver.cpp:(.text+0xa5e3): undefined reference to `lbot::LbotApi::lbot_forward_kinematics(lbot_handle_t*, lbot_arm_t, double const*, lbot_position_t*, lbot_euler_t*)'
[0.536s] /usr/bin/ld: lbot_driver.cpp:(.text+0xaa67): undefined reference to `lbot::LbotApi::lbot_get_last_error[abi:cxx11](lbot_handle_t*)'
[0.537s] /usr/bin/ld: CMakeFiles/lbot_driver.dir/src/lbot_driver.cpp.o: in function `lbot_driver::LeftArmServiceNode::inverse_kinematics_callback(std::shared_ptr<lbot_arm_interfaces::srv::InverseKinematics_Request_<std::allocator<void> > >, std::shared_ptr<lbot_arm_interfaces::srv::InverseKinematics_Response_<std::allocator<void> > >)':
[0.537s] lbot_driver.cpp:(.text+0xb0ed): undefined reference to `lbot::LbotApi::lbot_inverse_kinematics(lbot_handle_t*, lbot_arm_t, double const*, lbot_position_t const*, lbot_euler_t const*, double*)'
[0.537s] /usr/bin/ld: lbot_driver.cpp:(.text+0xb4c1): undefined reference to `lbot::LbotApi::lbot_get_last_error[abi:cxx11](lbot_handle_t*)'
[0.538s] /usr/bin/ld: CMakeFiles/lbot_driver.dir/src/lbot_driver.cpp.o: in function `lbot_driver::LeftArmServiceNode::set_tool_frame_callback(std::shared_ptr<lbot_arm_interfaces::srv::SetFrame_Request_<std::allocator<void> > >, std::shared_ptr<lbot_arm_interfaces::srv::SetFrame_Response_<std::allocator<void> > >)':
[0.538s] lbot_driver.cpp:(.text+0xb89d): undefined reference to `lbot::LbotApi::lbot_set_tool_frame(lbot_handle_t*, lbot_arm_t, char const*, lbot_position_t const*, lbot_euler_t const*)'
[0.538s] /usr/bin/ld: lbot_driver.cpp:(.text+0xbc2d): undefined reference to `lbot::LbotApi::lbot_get_last_error[abi:cxx11](lbot_handle_t*)'
[0.538s] /usr/bin/ld: CMakeFiles/lbot_driver.dir/src/lbot_driver.cpp.o: in function `lbot_driver::LeftArmServiceNode::get_tool_frame_callback(std::shared_ptr<lbot_arm_interfaces::srv::GetFrame_Request_<std::allocator<void> > >, std::shared_ptr<lbot_arm_interfaces::srv::GetFrame_Response_<std::allocator<void> > >)':
[0.538s] lbot_driver.cpp:(.text+0xbf18): undefined reference to `lbot::LbotApi::lbot_get_tool_frame(lbot_handle_t*, lbot_arm_t, char const*, lbot_position_t*, lbot_euler_t*)'
[0.539s] /usr/bin/ld: lbot_driver.cpp:(.text+0xc3e6): undefined reference to `lbot::LbotApi::lbot_get_last_error[abi:cxx11](lbot_handle_t*)'
[0.539s] /usr/bin/ld: CMakeFiles/lbot_driver.dir/src/lbot_driver.cpp.o: in function `lbot_driver::LeftArmServiceNode::get_current_tool_frame_callback(std::shared_ptr<lbot_arm_interfaces::srv::GetCurrentFrame_Request_<std::allocator<void> > >, std::shared_ptr<lbot_arm_interfaces::srv::GetCurrentFrame_Response_<std::allocator<void> > >)':
[0.539s] lbot_driver.cpp:(.text+0xc6ff): undefined reference to `lbot::LbotApi::lbot_get_current_tool_frame(lbot_handle_t*, lbot_arm_t, std::__cxx11::basic_string<char, std::char_traits<char>, std::allocator<char> >&, lbot_position_t&, lbot_euler_t&)'
[0.540s] /usr/bin/ld: lbot_driver.cpp:(.text+0xcbc6): undefined reference to `lbot::LbotApi::lbot_get_last_error[abi:cxx11](lbot_handle_t*)'
[0.540s] /usr/bin/ld: CMakeFiles/lbot_driver.dir/src/lbot_driver.cpp.o: in function `lbot_driver::LeftArmServiceNode::change_tool_frame_callback(std::shared_ptr<lbot_arm_interfaces::srv::ChangeFrame_Request_<std::allocator<void> > >, std::shared_ptr<lbot_arm_interfaces::srv::ChangeFrame_Response_<std::allocator<void> > >)':
[0.540s] lbot_driver.cpp:(.text+0xcea3): undefined reference to `lbot::LbotApi::lbot_change_tool_frame(lbot_handle_t*, lbot_arm_t, char const*)'
[0.541s] /usr/bin/ld: lbot_driver.cpp:(.text+0xd23b): undefined reference to `lbot::LbotApi::lbot_get_last_error[abi:cxx11](lbot_handle_t*)'
[0.541s] /usr/bin/ld: CMakeFiles/lbot_driver.dir/src/lbot_driver.cpp.o: in function `lbot_driver::LeftArmServiceNode::delete_tool_frame_callback(std::shared_ptr<lbot_arm_interfaces::srv::DeleteFrame_Request_<std::allocator<void> > >, std::shared_ptr<lbot_arm_interfaces::srv::DeleteFrame_Response_<std::allocator<void> > >)':
[0.541s] lbot_driver.cpp:(.text+0xd511): undefined reference to `lbot::LbotApi::lbot_delete_tool_frame(lbot_handle_t*, lbot_arm_t, char const*)'
[0.542s] /usr/bin/ld: lbot_driver.cpp:(.text+0xd8a9): undefined reference to `lbot::LbotApi::lbot_get_last_error[abi:cxx11](lbot_handle_t*)'
[0.542s] /usr/bin/ld: CMakeFiles/lbot_driver.dir/src/lbot_driver.cpp.o: in function `lbot_driver::LeftArmServiceNode::get_all_tool_frames_callback(std::shared_ptr<lbot_arm_interfaces::srv::GetAllFrames_Request_<std::allocator<void> > >, std::shared_ptr<lbot_arm_interfaces::srv::GetAllFrames_Response_<std::allocator<void> > >)':
[0.542s] lbot_driver.cpp:(.text+0xdb7c): undefined reference to `lbot::LbotApi::lbot_get_all_tool_frames(lbot_handle_t*, lbot_arm_t, std::vector<std::__cxx11::basic_string<char, std::char_traits<char>, std::allocator<char> >, std::allocator<std::__cxx11::basic_string<char, std::char_traits<char>, std::allocator<char> > > >&)'
[0.543s] /usr/bin/ld: lbot_driver.cpp:(.text+0xdf32): undefined reference to `lbot::LbotApi::lbot_get_last_error[abi:cxx11](lbot_handle_t*)'
[0.543s] /usr/bin/ld: CMakeFiles/lbot_driver.dir/src/lbot_driver.cpp.o: in function `lbot_driver::LeftArmServiceNode::set_zero_callback(std::shared_ptr<lbot_arm_interfaces::srv::SetZero_Request_<std::allocator<void> > >, std::shared_ptr<lbot_arm_interfaces::srv::SetZero_Response_<std::allocator<void> > >)':
[0.543s] lbot_driver.cpp:(.text+0xe1bc): undefined reference to `lbot::LbotApi::lbot_set_zero(lbot_handle_t*, lbot_arm_t)'
[0.544s] /usr/bin/ld: lbot_driver.cpp:(.text+0xe537): undefined reference to `lbot::LbotApi::lbot_get_last_error[abi:cxx11](lbot_handle_t*)'
[0.544s] /usr/bin/ld: CMakeFiles/lbot_driver.dir/src/lbot_driver.cpp.o: in function `lbot_driver::LeftArmServiceNode::set_enable_callback(std::shared_ptr<lbot_arm_interfaces::srv::SetEnable_Request_<std::allocator<void> > >, std::shared_ptr<lbot_arm_interfaces::srv::SetEnable_Response_<std::allocator<void> > >)':
[0.544s] lbot_driver.cpp:(.text+0xe807): undefined reference to `lbot::LbotApi::lbot_enable_arm(lbot_handle_t*, lbot_arm_t, bool)'
[0.545s] /usr/bin/ld: lbot_driver.cpp:(.text+0xed7e): undefined reference to `lbot::LbotApi::lbot_get_last_error[abi:cxx11](lbot_handle_t*)'
[0.545s] /usr/bin/ld: lbot_driver.cpp:(.text+0xef8a): undefined reference to `lbot::LbotApi::lbot_get_last_error[abi:cxx11](lbot_handle_t*)'
[0.545s] /usr/bin/ld: CMakeFiles/lbot_driver.dir/src/lbot_driver.cpp.o: in function `lbot_driver::LeftArmServiceNode::set_emergency_callback(std::shared_ptr<lbot_arm_interfaces::srv::SetEmergency_Request_<std::allocator<void> > >, std::shared_ptr<lbot_arm_interfaces::srv::SetEmergency_Response_<std::allocator<void> > >)':
[0.546s] lbot_driver.cpp:(.text+0xf347): undefined reference to `lbot::LbotApi::lbot_emergency_stop(lbot_handle_t*, lbot_arm_t, bool)'
[0.546s] /usr/bin/ld: lbot_driver.cpp:(.text+0xf8be): undefined reference to `lbot::LbotApi::lbot_get_last_error[abi:cxx11](lbot_handle_t*)'
[0.546s] /usr/bin/ld: lbot_driver.cpp:(.text+0xfaca): undefined reference to `lbot::LbotApi::lbot_get_last_error[abi:cxx11](lbot_handle_t*)'
[0.547s] /usr/bin/ld: CMakeFiles/lbot_driver.dir/src/lbot_driver.cpp.o: in function `lbot_driver::LeftArmServiceNode::left_hand_l6_set_joint_callback(std::shared_ptr<std_msgs::msg::UInt8MultiArray_<std::allocator<void> > >)':
[0.547s] lbot_driver.cpp:(.text+0xff21): undefined reference to `lbot::LbotApi::lbot_l6_set_position(lbot_handle_t*, lbot_arm_t, std::vector<unsigned char, std::allocator<unsigned char> > const&)'
[0.547s] /usr/bin/ld: CMakeFiles/lbot_driver.dir/src/lbot_driver.cpp.o: in function `lbot_driver::LeftArmServiceNode::left_hand_l6_set_force_callback(std::shared_ptr<std_msgs::msg::UInt8MultiArray_<std::allocator<void> > >)':
[0.547s] lbot_driver.cpp:(.text+0x10397): undefined reference to `lbot::LbotApi::lbot_l6_set_effort(lbot_handle_t*, lbot_arm_t, std::vector<unsigned char, std::allocator<unsigned char> > const&)'
[0.548s] /usr/bin/ld: CMakeFiles/lbot_driver.dir/src/lbot_driver.cpp.o: in function `lbot_driver::LeftArmServiceNode::left_hand_l6_set_speed_callback(std::shared_ptr<std_msgs::msg::UInt8MultiArray_<std::allocator<void> > >)':
[0.548s] lbot_driver.cpp:(.text+0x1080d): undefined reference to `lbot::LbotApi::lbot_l6_set_velocity(lbot_handle_t*, lbot_arm_t, std::vector<unsigned char, std::allocator<unsigned char> > const&)'
[0.549s] /usr/bin/ld: CMakeFiles/lbot_driver.dir/src/lbot_driver.cpp.o: in function `lbot_driver::LeftArmServiceNode::left_hand_l10_set_joint_callback(std::shared_ptr<std_msgs::msg::UInt8MultiArray_<std::allocator<void> > >)':
[0.549s] lbot_driver.cpp:(.text+0x10c83): undefined reference to `lbot::LbotApi::lbot_l10_set_position(lbot_handle_t*, lbot_arm_t, std::vector<unsigned char, std::allocator<unsigned char> > const&)'
[0.549s] /usr/bin/ld: CMakeFiles/lbot_driver.dir/src/lbot_driver.cpp.o: in function `lbot_driver::LeftArmServiceNode::left_hand_l10_set_force_callback(std::shared_ptr<std_msgs::msg::UInt8MultiArray_<std::allocator<void> > >)':
[0.549s] lbot_driver.cpp:(.text+0x110f9): undefined reference to `lbot::LbotApi::lbot_l10_set_effort(lbot_handle_t*, lbot_arm_t, std::vector<unsigned char, std::allocator<unsigned char> > const&)'
[0.550s] /usr/bin/ld: CMakeFiles/lbot_driver.dir/src/lbot_driver.cpp.o: in function `lbot_driver::LeftArmServiceNode::left_hand_l10_set_speed_callback(std::shared_ptr<std_msgs::msg::UInt8MultiArray_<std::allocator<void> > >)':
[0.550s] lbot_driver.cpp:(.text+0x1156f): undefined reference to `lbot::LbotApi::lbot_l10_set_velocity(lbot_handle_t*, lbot_arm_t, std::vector<unsigned char, std::allocator<unsigned char> > const&)'
[0.550s] /usr/bin/ld: CMakeFiles/lbot_driver.dir/src/lbot_driver.cpp.o: in function `lbot_driver::RightArmServiceNode::move_joint_callback(std::shared_ptr<lbot_arm_interfaces::srv::MoveJ_Request_<std::allocator<void> > >, std::shared_ptr<lbot_arm_interfaces::srv::MoveJ_Response_<std::allocator<void> > >)':
[0.550s] lbot_driver.cpp:(.text+0x145d8): undefined reference to `lbot::LbotApi::lbot_move_joint(lbot_handle_t*, lbot_arm_t, double const*, double, double, bool)'
[0.551s] /usr/bin/ld: lbot_driver.cpp:(.text+0x14953): undefined reference to `lbot::LbotApi::lbot_get_last_error[abi:cxx11](lbot_handle_t*)'
[0.551s] /usr/bin/ld: CMakeFiles/lbot_driver.dir/src/lbot_driver.cpp.o: in function `lbot_driver::RightArmServiceNode::move_pose_callback(std::shared_ptr<lbot_arm_interfaces::srv::MoveJP_Request_<std::allocator<void> > >, std::shared_ptr<lbot_arm_interfaces::srv::MoveJP_Response_<std::allocator<void> > >)':
[0.552s] lbot_driver.cpp:(.text+0x14d9e): undefined reference to `lbot::LbotApi::lbot_move_pose(lbot_handle_t*, lbot_arm_t, lbot_position_t const*, lbot_euler_t const*, double, double, bool)'
[0.552s] /usr/bin/ld: lbot_driver.cpp:(.text+0x15119): undefined reference to `lbot::LbotApi::lbot_get_last_error[abi:cxx11](lbot_handle_t*)'
[0.552s] /usr/bin/ld: CMakeFiles/lbot_driver.dir/src/lbot_driver.cpp.o: in function `lbot_driver::RightArmServiceNode::move_linear_callback(std::shared_ptr<lbot_arm_interfaces::srv::MoveL_Request_<std::allocator<void> > >, std::shared_ptr<lbot_arm_interfaces::srv::MoveL_Response_<std::allocator<void> > >)':
[0.552s] lbot_driver.cpp:(.text+0x154f8): undefined reference to `lbot::LbotApi::lbot_move_linear(lbot_handle_t*, lbot_arm_t, lbot_position_t const*, lbot_euler_t const*, double, double, bool)'
[0.553s] /usr/bin/ld: lbot_driver.cpp:(.text+0x15873): undefined reference to `lbot::LbotApi::lbot_get_last_error[abi:cxx11](lbot_handle_t*)'
[0.553s] /usr/bin/ld: CMakeFiles/lbot_driver.dir/src/lbot_driver.cpp.o: in function `lbot_driver::RightArmServiceNode::forward_kinematics_callback(std::shared_ptr<lbot_arm_interfaces::srv::ForwardKinematics_Request_<std::allocator<void> > >, std::shared_ptr<lbot_arm_interfaces::srv::ForwardKinematics_Response_<std::allocator<void> > >)':
[0.553s] lbot_driver.cpp:(.text+0x15d95): undefined reference to `lbot::LbotApi::lbot_forward_kinematics(lbot_handle_t*, lbot_arm_t, double const*, lbot_position_t*, lbot_euler_t*)'
[0.554s] /usr/bin/ld: lbot_driver.cpp:(.text+0x16219): undefined reference to `lbot::LbotApi::lbot_get_last_error[abi:cxx11](lbot_handle_t*)'
[0.554s] /usr/bin/ld: CMakeFiles/lbot_driver.dir/src/lbot_driver.cpp.o: in function `lbot_driver::RightArmServiceNode::inverse_kinematics_callback(std::shared_ptr<lbot_arm_interfaces::srv::InverseKinematics_Request_<std::allocator<void> > >, std::shared_ptr<lbot_arm_interfaces::srv::InverseKinematics_Response_<std::allocator<void> > >)':
[0.554s] lbot_driver.cpp:(.text+0x1689f): undefined reference to `lbot::LbotApi::lbot_inverse_kinematics(lbot_handle_t*, lbot_arm_t, double const*, lbot_position_t const*, lbot_euler_t const*, double*)'
[0.555s] /usr/bin/ld: lbot_driver.cpp:(.text+0x16c73): undefined reference to `lbot::LbotApi::lbot_get_last_error[abi:cxx11](lbot_handle_t*)'
[0.555s] /usr/bin/ld: CMakeFiles/lbot_driver.dir/src/lbot_driver.cpp.o: in function `lbot_driver::RightArmServiceNode::set_tool_frame_callback(std::shared_ptr<lbot_arm_interfaces::srv::SetFrame_Request_<std::allocator<void> > >, std::shared_ptr<lbot_arm_interfaces::srv::SetFrame_Response_<std::allocator<void> > >)':
[0.555s] lbot_driver.cpp:(.text+0x1704f): undefined reference to `lbot::LbotApi::lbot_set_tool_frame(lbot_handle_t*, lbot_arm_t, char const*, lbot_position_t const*, lbot_euler_t const*)'
[0.556s] /usr/bin/ld: lbot_driver.cpp:(.text+0x173df): undefined reference to `lbot::LbotApi::lbot_get_last_error[abi:cxx11](lbot_handle_t*)'
[0.556s] /usr/bin/ld: CMakeFiles/lbot_driver.dir/src/lbot_driver.cpp.o: in function `lbot_driver::RightArmServiceNode::get_tool_frame_callback(std::shared_ptr<lbot_arm_interfaces::srv::GetFrame_Request_<std::allocator<void> > >, std::shared_ptr<lbot_arm_interfaces::srv::GetFrame_Response_<std::allocator<void> > >)':
[0.556s] lbot_driver.cpp:(.text+0x176ca): undefined reference to `lbot::LbotApi::lbot_get_tool_frame(lbot_handle_t*, lbot_arm_t, char const*, lbot_position_t*, lbot_euler_t*)'
[0.556s] /usr/bin/ld: lbot_driver.cpp:(.text+0x17b98): undefined reference to `lbot::LbotApi::lbot_get_last_error[abi:cxx11](lbot_handle_t*)'
[0.557s] /usr/bin/ld: CMakeFiles/lbot_driver.dir/src/lbot_driver.cpp.o: in function `lbot_driver::RightArmServiceNode::get_current_tool_frame_callback(std::shared_ptr<lbot_arm_interfaces::srv::GetCurrentFrame_Request_<std::allocator<void> > >, std::shared_ptr<lbot_arm_interfaces::srv::GetCurrentFrame_Response_<std::allocator<void> > >)':
[0.557s] lbot_driver.cpp:(.text+0x17eb1): undefined reference to `lbot::LbotApi::lbot_get_current_tool_frame(lbot_handle_t*, lbot_arm_t, std::__cxx11::basic_string<char, std::char_traits<char>, std::allocator<char> >&, lbot_position_t&, lbot_euler_t&)'
[0.557s] /usr/bin/ld: lbot_driver.cpp:(.text+0x18378): undefined reference to `lbot::LbotApi::lbot_get_last_error[abi:cxx11](lbot_handle_t*)'
[0.558s] /usr/bin/ld: CMakeFiles/lbot_driver.dir/src/lbot_driver.cpp.o: in function `lbot_driver::RightArmServiceNode::change_tool_frame_callback(std::shared_ptr<lbot_arm_interfaces::srv::ChangeFrame_Request_<std::allocator<void> > >, std::shared_ptr<lbot_arm_interfaces::srv::ChangeFrame_Response_<std::allocator<void> > >)':
[0.558s] lbot_driver.cpp:(.text+0x18655): undefined reference to `lbot::LbotApi::lbot_change_tool_frame(lbot_handle_t*, lbot_arm_t, char const*)'
[0.558s] /usr/bin/ld: lbot_driver.cpp:(.text+0x189ed): undefined reference to `lbot::LbotApi::lbot_get_last_error[abi:cxx11](lbot_handle_t*)'
[0.559s] /usr/bin/ld: CMakeFiles/lbot_driver.dir/src/lbot_driver.cpp.o: in function `lbot_driver::RightArmServiceNode::delete_tool_frame_callback(std::shared_ptr<lbot_arm_interfaces::srv::DeleteFrame_Request_<std::allocator<void> > >, std::shared_ptr<lbot_arm_interfaces::srv::DeleteFrame_Response_<std::allocator<void> > >)':
[0.559s] lbot_driver.cpp:(.text+0x18cc3): undefined reference to `lbot::LbotApi::lbot_delete_tool_frame(lbot_handle_t*, lbot_arm_t, char const*)'
[0.559s] /usr/bin/ld: lbot_driver.cpp:(.text+0x1905b): undefined reference to `lbot::LbotApi::lbot_get_last_error[abi:cxx11](lbot_handle_t*)'
[0.560s] /usr/bin/ld: CMakeFiles/lbot_driver.dir/src/lbot_driver.cpp.o: in function `lbot_driver::RightArmServiceNode::get_all_tool_frames_callback(std::shared_ptr<lbot_arm_interfaces::srv::GetAllFrames_Request_<std::allocator<void> > >, std::shared_ptr<lbot_arm_interfaces::srv::GetAllFrames_Response_<std::allocator<void> > >)':
[0.560s] lbot_driver.cpp:(.text+0x1932e): undefined reference to `lbot::LbotApi::lbot_get_all_tool_frames(lbot_handle_t*, lbot_arm_t, std::vector<std::__cxx11::basic_string<char, std::char_traits<char>, std::allocator<char> >, std::allocator<std::__cxx11::basic_string<char, std::char_traits<char>, std::allocator<char> > > >&)'
[0.560s] /usr/bin/ld: lbot_driver.cpp:(.text+0x196e4): undefined reference to `lbot::LbotApi::lbot_get_last_error[abi:cxx11](lbot_handle_t*)'
[0.561s] /usr/bin/ld: CMakeFiles/lbot_driver.dir/src/lbot_driver.cpp.o: in function `lbot_driver::RightArmServiceNode::set_zero_callback(std::shared_ptr<lbot_arm_interfaces::srv::SetZero_Request_<std::allocator<void> > >, std::shared_ptr<lbot_arm_interfaces::srv::SetZero_Response_<std::allocator<void> > >)':
[0.561s] lbot_driver.cpp:(.text+0x1996e): undefined reference to `lbot::LbotApi::lbot_set_zero(lbot_handle_t*, lbot_arm_t)'
[0.561s] /usr/bin/ld: lbot_driver.cpp:(.text+0x19ce9): undefined reference to `lbot::LbotApi::lbot_get_last_error[abi:cxx11](lbot_handle_t*)'
[0.562s] /usr/bin/ld: CMakeFiles/lbot_driver.dir/src/lbot_driver.cpp.o: in function `lbot_driver::RightArmServiceNode::set_enable_callback(std::shared_ptr<lbot_arm_interfaces::srv::SetEnable_Request_<std::allocator<void> > >, std::shared_ptr<lbot_arm_interfaces::srv::SetEnable_Response_<std::allocator<void> > >)':
[0.562s] lbot_driver.cpp:(.text+0x19fb9): undefined reference to `lbot::LbotApi::lbot_enable_arm(lbot_handle_t*, lbot_arm_t, bool)'
[0.562s] /usr/bin/ld: lbot_driver.cpp:(.text+0x1a530): undefined reference to `lbot::LbotApi::lbot_get_last_error[abi:cxx11](lbot_handle_t*)'
[0.563s] /usr/bin/ld: lbot_driver.cpp:(.text+0x1a73c): undefined reference to `lbot::LbotApi::lbot_get_last_error[abi:cxx11](lbot_handle_t*)'
[0.563s] /usr/bin/ld: CMakeFiles/lbot_driver.dir/src/lbot_driver.cpp.o: in function `lbot_driver::RightArmServiceNode::set_emergency_callback(std::shared_ptr<lbot_arm_interfaces::srv::SetEmergency_Request_<std::allocator<void> > >, std::shared_ptr<lbot_arm_interfaces::srv::SetEmergency_Response_<std::allocator<void> > >)':
[0.563s] lbot_driver.cpp:(.text+0x1aaf9): undefined reference to `lbot::LbotApi::lbot_emergency_stop(lbot_handle_t*, lbot_arm_t, bool)'
[0.563s] /usr/bin/ld: lbot_driver.cpp:(.text+0x1b070): undefined reference to `lbot::LbotApi::lbot_get_last_error[abi:cxx11](lbot_handle_t*)'
[0.564s] /usr/bin/ld: lbot_driver.cpp:(.text+0x1b27c): undefined reference to `lbot::LbotApi::lbot_get_last_error[abi:cxx11](lbot_handle_t*)'
[0.564s] /usr/bin/ld: CMakeFiles/lbot_driver.dir/src/lbot_driver.cpp.o: in function `lbot_driver::RightArmServiceNode::right_hand_l6_set_joint_callback(std::shared_ptr<std_msgs::msg::UInt8MultiArray_<std::allocator<void> > >)':
[0.564s] lbot_driver.cpp:(.text+0x1b6d3): undefined reference to `lbot::LbotApi::lbot_l6_set_position(lbot_handle_t*, lbot_arm_t, std::vector<unsigned char, std::allocator<unsigned char> > const&)'
[0.565s] /usr/bin/ld: CMakeFiles/lbot_driver.dir/src/lbot_driver.cpp.o: in function `lbot_driver::RightArmServiceNode::right_hand_l6_set_force_callback(std::shared_ptr<std_msgs::msg::UInt8MultiArray_<std::allocator<void> > >)':
[0.565s] lbot_driver.cpp:(.text+0x1bb49): undefined reference to `lbot::LbotApi::lbot_l6_set_effort(lbot_handle_t*, lbot_arm_t, std::vector<unsigned char, std::allocator<unsigned char> > const&)'
[0.566s] /usr/bin/ld: CMakeFiles/lbot_driver.dir/src/lbot_driver.cpp.o: in function `lbot_driver::RightArmServiceNode::right_hand_l6_set_speed_callback(std::shared_ptr<std_msgs::msg::UInt8MultiArray_<std::allocator<void> > >)':
[0.566s] lbot_driver.cpp:(.text+0x1bfbf): undefined reference to `lbot::LbotApi::lbot_l6_set_velocity(lbot_handle_t*, lbot_arm_t, std::vector<unsigned char, std::allocator<unsigned char> > const&)'
[0.566s] /usr/bin/ld: CMakeFiles/lbot_driver.dir/src/lbot_driver.cpp.o: in function `lbot_driver::RightArmServiceNode::right_hand_l10_set_joint_callback(std::shared_ptr<std_msgs::msg::UInt8MultiArray_<std::allocator<void> > >)':
[0.566s] lbot_driver.cpp:(.text+0x1c435): undefined reference to `lbot::LbotApi::lbot_l10_set_position(lbot_handle_t*, lbot_arm_t, std::vector<unsigned char, std::allocator<unsigned char> > const&)'
[0.567s] /usr/bin/ld: CMakeFiles/lbot_driver.dir/src/lbot_driver.cpp.o: in function `lbot_driver::RightArmServiceNode::right_hand_l10_set_force_callback(std::shared_ptr<std_msgs::msg::UInt8MultiArray_<std::allocator<void> > >)':
[0.567s] lbot_driver.cpp:(.text+0x1c8ab): undefined reference to `lbot::LbotApi::lbot_l10_set_effort(lbot_handle_t*, lbot_arm_t, std::vector<unsigned char, std::allocator<unsigned char> > const&)'
[0.567s] /usr/bin/ld: CMakeFiles/lbot_driver.dir/src/lbot_driver.cpp.o: in function `lbot_driver::RightArmServiceNode::right_hand_l10_set_speed_callback(std::shared_ptr<std_msgs::msg::UInt8MultiArray_<std::allocator<void> > >)':
[0.567s] lbot_driver.cpp:(.text+0x1cd21): undefined reference to `lbot::LbotApi::lbot_l10_set_velocity(lbot_handle_t*, lbot_arm_t, std::vector<unsigned char, std::allocator<unsigned char> > const&)'
[0.568s] /usr/bin/ld: CMakeFiles/lbot_driver.dir/src/lbot_driver.cpp.o: in function `__static_initialization_and_destruction_0()':
[0.568s] lbot_driver.cpp:(.text+0x209e4): undefined reference to `lbot::LbotApi::LbotApi()'
[0.568s] /usr/bin/ld: lbot_driver.cpp:(.text+0x209ff): undefined reference to `lbot::LbotApi::~LbotApi()'
[0.630s] collect2: error: ld returned 1 exit status
[0.631s] gmake[2]: *** [CMakeFiles/lbot_driver.dir/build.make:232: lbot_driver] Error 1
[0.631s] gmake[1]: *** [CMakeFiles/Makefile2:137: CMakeFiles/lbot_driver.dir/all] Error 2
[0.631s] gmake: *** [Makefile:146: all] Error 2
[30.665s] Invoked command in '/home/lzy/lbot_ws/build/lbot_driver' returned '2': AMENT_PREFIX_PATH=/home/lzy/lbot_ws/install/lbot_arm_interfaces:${AMENT_PREFIX_PATH} CMAKE_PREFIX_PATH=/home/lzy/lbot_ws/install/lbot_arm_interfaces:/opt/ros/jazzy/opt/gz_math_vendor:/opt/ros/jazzy/opt/gz_utils_vendor:/opt/ros/jazzy/opt/gz_cmake_vendor:/opt/ros/jazzy LD_LIBRARY_PATH=/home/lzy/lbot_ws/install/lbot_arm_interfaces/lib:${LD_LIBRARY_PATH} PYTHONPATH=/home/lzy/lbot_ws/install/lbot_arm_interfaces/lib/python3.12/site-packages:${PYTHONPATH} /usr/bin/cmake --build /home/lzy/lbot_ws/build/lbot_driver -- -j24 -l24
