[0.085s] DEBUG:colcon:Command line arguments: ['/usr/bin/colcon', 'build', '--packages-select', 'lbot_camera_motion', '--symlink-install']
[0.085s] DEBUG:colcon:Parsed command line arguments: Namespace(log_base=None, log_level=None, verb_name='build', build_base='build', install_base='install', merge_install=False, symlink_install=True, test_result_base=None, continue_on_error=False, executor='parallel', parallel_workers=24, event_handlers=None, ignore_user_meta=False, metas=['./colcon.meta'], base_paths=['.'], packages_ignore=None, packages_ignore_regex=None, paths=None, packages_up_to=None, packages_up_to_regex=None, packages_above=None, packages_above_and_dependencies=None, packages_above_depth=None, packages_select_by_dep=None, packages_skip_by_dep=None, packages_skip_up_to=None, packages_select_build_failed=False, packages_skip_build_finished=False, packages_select_test_failures=False, packages_skip_test_passed=False, packages_select=['lbot_camera_motion'], packages_skip=None, packages_select_regex=None, packages_skip_regex=None, packages_start=None, packages_end=None, allow_overriding=[], cmake_args=None, cmake_target=None, cmake_target_skip_unavailable=False, cmake_clean_cache=False, cmake_clean_first=False, cmake_force_configure=False, ament_cmake_args=None, catkin_cmake_args=None, catkin_skip_building_tests=False, mixin_files=None, mixin=None, verb_parser=<colcon_mixin.mixin.mixin_argument.MixinArgumentDecorator object at 0x77349ff7a180>, verb_extension=<colcon_core.verb.build.BuildVerb object at 0x77349ff79e80>, main=<bound method BuildVerb.main of <colcon_core.verb.build.BuildVerb object at 0x77349ff79e80>>, mixin_verb=('build',))
[0.103s] Level 1:colcon.colcon_core.package_discovery:discover_packages(colcon_meta) check parameters
[0.103s] Level 1:colcon.colcon_core.package_discovery:discover_packages(recursive) check parameters
[0.103s] Level 1:colcon.colcon_core.package_discovery:discover_packages(ignore) check parameters
[0.103s] Level 1:colcon.colcon_core.package_discovery:discover_packages(path) check parameters
[0.103s] Level 1:colcon.colcon_core.package_discovery:discover_packages(colcon_meta) discover
[0.103s] Level 1:colcon.colcon_core.package_discovery:discover_packages(recursive) discover
[0.103s] INFO:colcon.colcon_core.package_discovery:Crawling recursively for packages in '/home/lzy/lbot_ws'
[0.103s] Level 1:colcon.colcon_core.package_identification:_identify(.) by extensions ['ignore', 'ignore_ament_install']
[0.103s] Level 1:colcon.colcon_core.package_identification:_identify(.) by extension 'ignore'
[0.103s] Level 1:colcon.colcon_core.package_identification:_identify(.) by extension 'ignore_ament_install'
[0.103s] Level 1:colcon.colcon_core.package_identification:_identify(.) by extensions ['colcon_pkg']
[0.103s] Level 1:colcon.colcon_core.package_identification:_identify(.) by extension 'colcon_pkg'
[0.103s] Level 1:colcon.colcon_core.package_identification:_identify(.) by extensions ['colcon_meta']
[0.103s] Level 1:colcon.colcon_core.package_identification:_identify(.) by extension 'colcon_meta'
[0.103s] Level 1:colcon.colcon_core.package_identification:_identify(.) by extensions ['ros']
[0.103s] Level 1:colcon.colcon_core.package_identification:_identify(.) by extension 'ros'
[0.115s] Level 1:colcon.colcon_core.package_identification:_identify(.) by extensions ['cmake', 'python']
[0.115s] Level 1:colcon.colcon_core.package_identification:_identify(.) by extension 'cmake'
[0.115s] Level 1:colcon.colcon_core.package_identification:_identify(.) by extension 'python'
[0.115s] Level 1:colcon.colcon_core.package_identification:_identify(.) by extensions ['python_setup_py']
[0.115s] Level 1:colcon.colcon_core.package_identification:_identify(.) by extension 'python_setup_py'
[0.115s] Level 1:colcon.colcon_core.package_identification:_identify(build) by extensions ['ignore', 'ignore_ament_install']
[0.115s] Level 1:colcon.colcon_core.package_identification:_identify(build) by extension 'ignore'
[0.115s] Level 1:colcon.colcon_core.package_identification:_identify(build) ignored
[0.115s] Level 1:colcon.colcon_core.package_identification:_identify(install) by extensions ['ignore', 'ignore_ament_install']
[0.115s] Level 1:colcon.colcon_core.package_identification:_identify(install) by extension 'ignore'
[0.115s] Level 1:colcon.colcon_core.package_identification:_identify(install) ignored
[0.115s] Level 1:colcon.colcon_core.package_identification:_identify(log) by extensions ['ignore', 'ignore_ament_install']
[0.115s] Level 1:colcon.colcon_core.package_identification:_identify(log) by extension 'ignore'
[0.115s] Level 1:colcon.colcon_core.package_identification:_identify(log) ignored
[0.115s] Level 1:colcon.colcon_core.package_identification:_identify(src) by extensions ['ignore', 'ignore_ament_install']
[0.115s] Level 1:colcon.colcon_core.package_identification:_identify(src) by extension 'ignore'
[0.115s] Level 1:colcon.colcon_core.package_identification:_identify(src) by extension 'ignore_ament_install'
[0.115s] Level 1:colcon.colcon_core.package_identification:_identify(src) by extensions ['colcon_pkg']
[0.115s] Level 1:colcon.colcon_core.package_identification:_identify(src) by extension 'colcon_pkg'
[0.115s] Level 1:colcon.colcon_core.package_identification:_identify(src) by extensions ['colcon_meta']
[0.115s] Level 1:colcon.colcon_core.package_identification:_identify(src) by extension 'colcon_meta'
[0.115s] Level 1:colcon.colcon_core.package_identification:_identify(src) by extensions ['ros']
[0.115s] Level 1:colcon.colcon_core.package_identification:_identify(src) by extension 'ros'
[0.115s] Level 1:colcon.colcon_core.package_identification:_identify(src) by extensions ['cmake', 'python']
[0.115s] Level 1:colcon.colcon_core.package_identification:_identify(src) by extension 'cmake'
[0.115s] Level 1:colcon.colcon_core.package_identification:_identify(src) by extension 'python'
[0.115s] Level 1:colcon.colcon_core.package_identification:_identify(src) by extensions ['python_setup_py']
[0.115s] Level 1:colcon.colcon_core.package_identification:_identify(src) by extension 'python_setup_py'
[0.115s] Level 1:colcon.colcon_core.package_identification:_identify(src/lbot_arm_interfaces) by extensions ['ignore', 'ignore_ament_install']
[0.115s] Level 1:colcon.colcon_core.package_identification:_identify(src/lbot_arm_interfaces) by extension 'ignore'
[0.115s] Level 1:colcon.colcon_core.package_identification:_identify(src/lbot_arm_interfaces) by extension 'ignore_ament_install'
[0.115s] Level 1:colcon.colcon_core.package_identification:_identify(src/lbot_arm_interfaces) by extensions ['colcon_pkg']
[0.115s] Level 1:colcon.colcon_core.package_identification:_identify(src/lbot_arm_interfaces) by extension 'colcon_pkg'
[0.115s] Level 1:colcon.colcon_core.package_identification:_identify(src/lbot_arm_interfaces) by extensions ['colcon_meta']
[0.115s] Level 1:colcon.colcon_core.package_identification:_identify(src/lbot_arm_interfaces) by extension 'colcon_meta'
[0.115s] Level 1:colcon.colcon_core.package_identification:_identify(src/lbot_arm_interfaces) by extensions ['ros']
[0.115s] Level 1:colcon.colcon_core.package_identification:_identify(src/lbot_arm_interfaces) by extension 'ros'
[0.117s] DEBUG:colcon.colcon_core.package_identification:Package 'src/lbot_arm_interfaces' with type 'ros.ament_cmake' and name 'lbot_arm_interfaces'
[0.117s] Level 1:colcon.colcon_core.package_identification:_identify(src/lbot_camera_motion) by extensions ['ignore', 'ignore_ament_install']
[0.117s] Level 1:colcon.colcon_core.package_identification:_identify(src/lbot_camera_motion) by extension 'ignore'
[0.117s] Level 1:colcon.colcon_core.package_identification:_identify(src/lbot_camera_motion) by extension 'ignore_ament_install'
[0.117s] Level 1:colcon.colcon_core.package_identification:_identify(src/lbot_camera_motion) by extensions ['colcon_pkg']
[0.117s] Level 1:colcon.colcon_core.package_identification:_identify(src/lbot_camera_motion) by extension 'colcon_pkg'
[0.117s] Level 1:colcon.colcon_core.package_identification:_identify(src/lbot_camera_motion) by extensions ['colcon_meta']
[0.117s] Level 1:colcon.colcon_core.package_identification:_identify(src/lbot_camera_motion) by extension 'colcon_meta'
[0.117s] Level 1:colcon.colcon_core.package_identification:_identify(src/lbot_camera_motion) by extensions ['ros']
[0.117s] Level 1:colcon.colcon_core.package_identification:_identify(src/lbot_camera_motion) by extension 'ros'
[0.117s] DEBUG:colcon.colcon_core.package_identification:Package 'src/lbot_camera_motion' with type 'ros.ament_cmake' and name 'lbot_camera_motion'
[0.117s] Level 1:colcon.colcon_core.package_identification:_identify(src/lbot_demo) by extensions ['ignore', 'ignore_ament_install']
[0.117s] Level 1:colcon.colcon_core.package_identification:_identify(src/lbot_demo) by extension 'ignore'
[0.117s] Level 1:colcon.colcon_core.package_identification:_identify(src/lbot_demo) by extension 'ignore_ament_install'
[0.117s] Level 1:colcon.colcon_core.package_identification:_identify(src/lbot_demo) by extensions ['colcon_pkg']
[0.117s] Level 1:colcon.colcon_core.package_identification:_identify(src/lbot_demo) by extension 'colcon_pkg'
[0.117s] Level 1:colcon.colcon_core.package_identification:_identify(src/lbot_demo) by extensions ['colcon_meta']
[0.117s] Level 1:colcon.colcon_core.package_identification:_identify(src/lbot_demo) by extension 'colcon_meta'
[0.117s] Level 1:colcon.colcon_core.package_identification:_identify(src/lbot_demo) by extensions ['ros']
[0.117s] Level 1:colcon.colcon_core.package_identification:_identify(src/lbot_demo) by extension 'ros'
[0.118s] DEBUG:colcon.colcon_core.package_identification:Package 'src/lbot_demo' with type 'ros.ament_cmake' and name 'lbot_demo'
[0.118s] Level 1:colcon.colcon_core.package_identification:_identify(src/lbot_driver) by extensions ['ignore', 'ignore_ament_install']
[0.118s] Level 1:colcon.colcon_core.package_identification:_identify(src/lbot_driver) by extension 'ignore'
[0.118s] Level 1:colcon.colcon_core.package_identification:_identify(src/lbot_driver) by extension 'ignore_ament_install'
[0.118s] Level 1:colcon.colcon_core.package_identification:_identify(src/lbot_driver) by extensions ['colcon_pkg']
[0.118s] Level 1:colcon.colcon_core.package_identification:_identify(src/lbot_driver) by extension 'colcon_pkg'
[0.118s] Level 1:colcon.colcon_core.package_identification:_identify(src/lbot_driver) by extensions ['colcon_meta']
[0.118s] Level 1:colcon.colcon_core.package_identification:_identify(src/lbot_driver) by extension 'colcon_meta'
[0.118s] Level 1:colcon.colcon_core.package_identification:_identify(src/lbot_driver) by extensions ['ros']
[0.118s] Level 1:colcon.colcon_core.package_identification:_identify(src/lbot_driver) by extension 'ros'
[0.118s] DEBUG:colcon.colcon_core.package_identification:Package 'src/lbot_driver' with type 'ros.ament_cmake' and name 'lbot_driver'
[0.118s] Level 1:colcon.colcon_core.package_identification:_identify(src/lbot_teleop) by extensions ['ignore', 'ignore_ament_install']
[0.118s] Level 1:colcon.colcon_core.package_identification:_identify(src/lbot_teleop) by extension 'ignore'
[0.118s] Level 1:colcon.colcon_core.package_identification:_identify(src/lbot_teleop) by extension 'ignore_ament_install'
[0.118s] Level 1:colcon.colcon_core.package_identification:_identify(src/lbot_teleop) by extensions ['colcon_pkg']
[0.118s] Level 1:colcon.colcon_core.package_identification:_identify(src/lbot_teleop) by extension 'colcon_pkg'
[0.118s] Level 1:colcon.colcon_core.package_identification:_identify(src/lbot_teleop) by extensions ['colcon_meta']
[0.118s] Level 1:colcon.colcon_core.package_identification:_identify(src/lbot_teleop) by extension 'colcon_meta'
[0.118s] Level 1:colcon.colcon_core.package_identification:_identify(src/lbot_teleop) by extensions ['ros']
[0.118s] Level 1:colcon.colcon_core.package_identification:_identify(src/lbot_teleop) by extension 'ros'
[0.119s] DEBUG:colcon.colcon_core.package_identification:Package 'src/lbot_teleop' with type 'ros.ament_cmake' and name 'lbot_teleop'
[0.119s] Level 1:colcon.colcon_core.package_identification:_identify(开发资源) by extensions ['ignore', 'ignore_ament_install']
[0.119s] Level 1:colcon.colcon_core.package_identification:_identify(开发资源) by extension 'ignore'
[0.119s] Level 1:colcon.colcon_core.package_identification:_identify(开发资源) by extension 'ignore_ament_install'
[0.119s] Level 1:colcon.colcon_core.package_identification:_identify(开发资源) by extensions ['colcon_pkg']
[0.119s] Level 1:colcon.colcon_core.package_identification:_identify(开发资源) by extension 'colcon_pkg'
[0.119s] Level 1:colcon.colcon_core.package_identification:_identify(开发资源) by extensions ['colcon_meta']
[0.119s] Level 1:colcon.colcon_core.package_identification:_identify(开发资源) by extension 'colcon_meta'
[0.119s] Level 1:colcon.colcon_core.package_identification:_identify(开发资源) by extensions ['ros']
[0.119s] Level 1:colcon.colcon_core.package_identification:_identify(开发资源) by extension 'ros'
[0.119s] Level 1:colcon.colcon_core.package_identification:_identify(开发资源) by extensions ['cmake', 'python']
[0.119s] Level 1:colcon.colcon_core.package_identification:_identify(开发资源) by extension 'cmake'
[0.119s] Level 1:colcon.colcon_core.package_identification:_identify(开发资源) by extension 'python'
[0.119s] Level 1:colcon.colcon_core.package_identification:_identify(开发资源) by extensions ['python_setup_py']
[0.119s] Level 1:colcon.colcon_core.package_identification:_identify(开发资源) by extension 'python_setup_py'
[0.119s] Level 1:colcon.colcon_core.package_identification:_identify(开发资源/assets) by extensions ['ignore', 'ignore_ament_install']
[0.119s] Level 1:colcon.colcon_core.package_identification:_identify(开发资源/assets) by extension 'ignore'
[0.119s] Level 1:colcon.colcon_core.package_identification:_identify(开发资源/assets) by extension 'ignore_ament_install'
[0.119s] Level 1:colcon.colcon_core.package_identification:_identify(开发资源/assets) by extensions ['colcon_pkg']
[0.119s] Level 1:colcon.colcon_core.package_identification:_identify(开发资源/assets) by extension 'colcon_pkg'
[0.119s] Level 1:colcon.colcon_core.package_identification:_identify(开发资源/assets) by extensions ['colcon_meta']
[0.119s] Level 1:colcon.colcon_core.package_identification:_identify(开发资源/assets) by extension 'colcon_meta'
[0.119s] Level 1:colcon.colcon_core.package_identification:_identify(开发资源/assets) by extensions ['ros']
[0.119s] Level 1:colcon.colcon_core.package_identification:_identify(开发资源/assets) by extension 'ros'
[0.119s] Level 1:colcon.colcon_core.package_identification:_identify(开发资源/assets) by extensions ['cmake', 'python']
[0.119s] Level 1:colcon.colcon_core.package_identification:_identify(开发资源/assets) by extension 'cmake'
[0.119s] Level 1:colcon.colcon_core.package_identification:_identify(开发资源/assets) by extension 'python'
[0.119s] Level 1:colcon.colcon_core.package_identification:_identify(开发资源/assets) by extensions ['python_setup_py']
[0.119s] Level 1:colcon.colcon_core.package_identification:_identify(开发资源/assets) by extension 'python_setup_py'
[0.119s] Level 1:colcon.colcon_core.package_identification:_identify(开发资源/assets/components) by extensions ['ignore', 'ignore_ament_install']
[0.119s] Level 1:colcon.colcon_core.package_identification:_identify(开发资源/assets/components) by extension 'ignore'
[0.119s] Level 1:colcon.colcon_core.package_identification:_identify(开发资源/assets/components) by extension 'ignore_ament_install'
[0.119s] Level 1:colcon.colcon_core.package_identification:_identify(开发资源/assets/components) by extensions ['colcon_pkg']
[0.119s] Level 1:colcon.colcon_core.package_identification:_identify(开发资源/assets/components) by extension 'colcon_pkg'
[0.119s] Level 1:colcon.colcon_core.package_identification:_identify(开发资源/assets/components) by extensions ['colcon_meta']
[0.119s] Level 1:colcon.colcon_core.package_identification:_identify(开发资源/assets/components) by extension 'colcon_meta'
[0.120s] Level 1:colcon.colcon_core.package_identification:_identify(开发资源/assets/components) by extensions ['ros']
[0.120s] Level 1:colcon.colcon_core.package_identification:_identify(开发资源/assets/components) by extension 'ros'
[0.120s] Level 1:colcon.colcon_core.package_identification:_identify(开发资源/assets/components) by extensions ['cmake', 'python']
[0.120s] Level 1:colcon.colcon_core.package_identification:_identify(开发资源/assets/components) by extension 'cmake'
[0.120s] Level 1:colcon.colcon_core.package_identification:_identify(开发资源/assets/components) by extension 'python'
[0.120s] Level 1:colcon.colcon_core.package_identification:_identify(开发资源/assets/components) by extensions ['python_setup_py']
[0.120s] Level 1:colcon.colcon_core.package_identification:_identify(开发资源/assets/components) by extension 'python_setup_py'
[0.120s] Level 1:colcon.colcon_core.package_identification:_identify(开发资源/assets/components/arms) by extensions ['ignore', 'ignore_ament_install']
[0.120s] Level 1:colcon.colcon_core.package_identification:_identify(开发资源/assets/components/arms) by extension 'ignore'
[0.120s] Level 1:colcon.colcon_core.package_identification:_identify(开发资源/assets/components/arms) by extension 'ignore_ament_install'
[0.120s] Level 1:colcon.colcon_core.package_identification:_identify(开发资源/assets/components/arms) by extensions ['colcon_pkg']
[0.120s] Level 1:colcon.colcon_core.package_identification:_identify(开发资源/assets/components/arms) by extension 'colcon_pkg'
[0.120s] Level 1:colcon.colcon_core.package_identification:_identify(开发资源/assets/components/arms) by extensions ['colcon_meta']
[0.120s] Level 1:colcon.colcon_core.package_identification:_identify(开发资源/assets/components/arms) by extension 'colcon_meta'
[0.120s] Level 1:colcon.colcon_core.package_identification:_identify(开发资源/assets/components/arms) by extensions ['ros']
[0.120s] Level 1:colcon.colcon_core.package_identification:_identify(开发资源/assets/components/arms) by extension 'ros'
[0.120s] Level 1:colcon.colcon_core.package_identification:_identify(开发资源/assets/components/arms) by extensions ['cmake', 'python']
[0.120s] Level 1:colcon.colcon_core.package_identification:_identify(开发资源/assets/components/arms) by extension 'cmake'
[0.120s] Level 1:colcon.colcon_core.package_identification:_identify(开发资源/assets/components/arms) by extension 'python'
[0.120s] Level 1:colcon.colcon_core.package_identification:_identify(开发资源/assets/components/arms) by extensions ['python_setup_py']
[0.120s] Level 1:colcon.colcon_core.package_identification:_identify(开发资源/assets/components/arms) by extension 'python_setup_py'
[0.120s] Level 1:colcon.colcon_core.package_identification:_identify(开发资源/assets/components/arms/lkls73_arm) by extensions ['ignore', 'ignore_ament_install']
[0.120s] Level 1:colcon.colcon_core.package_identification:_identify(开发资源/assets/components/arms/lkls73_arm) by extension 'ignore'
[0.120s] Level 1:colcon.colcon_core.package_identification:_identify(开发资源/assets/components/arms/lkls73_arm) by extension 'ignore_ament_install'
[0.120s] Level 1:colcon.colcon_core.package_identification:_identify(开发资源/assets/components/arms/lkls73_arm) by extensions ['colcon_pkg']
[0.120s] Level 1:colcon.colcon_core.package_identification:_identify(开发资源/assets/components/arms/lkls73_arm) by extension 'colcon_pkg'
[0.120s] Level 1:colcon.colcon_core.package_identification:_identify(开发资源/assets/components/arms/lkls73_arm) by extensions ['colcon_meta']
[0.120s] Level 1:colcon.colcon_core.package_identification:_identify(开发资源/assets/components/arms/lkls73_arm) by extension 'colcon_meta'
[0.120s] Level 1:colcon.colcon_core.package_identification:_identify(开发资源/assets/components/arms/lkls73_arm) by extensions ['ros']
[0.120s] Level 1:colcon.colcon_core.package_identification:_identify(开发资源/assets/components/arms/lkls73_arm) by extension 'ros'
[0.120s] Level 1:colcon.colcon_core.package_identification:_identify(开发资源/assets/components/arms/lkls73_arm) by extensions ['cmake', 'python']
[0.120s] Level 1:colcon.colcon_core.package_identification:_identify(开发资源/assets/components/arms/lkls73_arm) by extension 'cmake'
[0.120s] Level 1:colcon.colcon_core.package_identification:_identify(开发资源/assets/components/arms/lkls73_arm) by extension 'python'
[0.120s] Level 1:colcon.colcon_core.package_identification:_identify(开发资源/assets/components/arms/lkls73_arm) by extensions ['python_setup_py']
[0.120s] Level 1:colcon.colcon_core.package_identification:_identify(开发资源/assets/components/arms/lkls73_arm) by extension 'python_setup_py'
[0.120s] Level 1:colcon.colcon_core.package_identification:_identify(开发资源/assets/components/arms/lkls73_arm/variants) by extensions ['ignore', 'ignore_ament_install']
[0.120s] Level 1:colcon.colcon_core.package_identification:_identify(开发资源/assets/components/arms/lkls73_arm/variants) by extension 'ignore'
[0.120s] Level 1:colcon.colcon_core.package_identification:_identify(开发资源/assets/components/arms/lkls73_arm/variants) by extension 'ignore_ament_install'
[0.120s] Level 1:colcon.colcon_core.package_identification:_identify(开发资源/assets/components/arms/lkls73_arm/variants) by extensions ['colcon_pkg']
[0.120s] Level 1:colcon.colcon_core.package_identification:_identify(开发资源/assets/components/arms/lkls73_arm/variants) by extension 'colcon_pkg'
[0.120s] Level 1:colcon.colcon_core.package_identification:_identify(开发资源/assets/components/arms/lkls73_arm/variants) by extensions ['colcon_meta']
[0.120s] Level 1:colcon.colcon_core.package_identification:_identify(开发资源/assets/components/arms/lkls73_arm/variants) by extension 'colcon_meta'
[0.120s] Level 1:colcon.colcon_core.package_identification:_identify(开发资源/assets/components/arms/lkls73_arm/variants) by extensions ['ros']
[0.121s] Level 1:colcon.colcon_core.package_identification:_identify(开发资源/assets/components/arms/lkls73_arm/variants) by extension 'ros'
[0.121s] Level 1:colcon.colcon_core.package_identification:_identify(开发资源/assets/components/arms/lkls73_arm/variants) by extensions ['cmake', 'python']
[0.121s] Level 1:colcon.colcon_core.package_identification:_identify(开发资源/assets/components/arms/lkls73_arm/variants) by extension 'cmake'
[0.121s] Level 1:colcon.colcon_core.package_identification:_identify(开发资源/assets/components/arms/lkls73_arm/variants) by extension 'python'
[0.121s] Level 1:colcon.colcon_core.package_identification:_identify(开发资源/assets/components/arms/lkls73_arm/variants) by extensions ['python_setup_py']
[0.121s] Level 1:colcon.colcon_core.package_identification:_identify(开发资源/assets/components/arms/lkls73_arm/variants) by extension 'python_setup_py'
[0.121s] Level 1:colcon.colcon_core.package_identification:_identify(开发资源/assets/components/arms/lkls73_arm/variants/left) by extensions ['ignore', 'ignore_ament_install']
[0.121s] Level 1:colcon.colcon_core.package_identification:_identify(开发资源/assets/components/arms/lkls73_arm/variants/left) by extension 'ignore'
[0.121s] Level 1:colcon.colcon_core.package_identification:_identify(开发资源/assets/components/arms/lkls73_arm/variants/left) by extension 'ignore_ament_install'
[0.121s] Level 1:colcon.colcon_core.package_identification:_identify(开发资源/assets/components/arms/lkls73_arm/variants/left) by extensions ['colcon_pkg']
[0.121s] Level 1:colcon.colcon_core.package_identification:_identify(开发资源/assets/components/arms/lkls73_arm/variants/left) by extension 'colcon_pkg'
[0.121s] Level 1:colcon.colcon_core.package_identification:_identify(开发资源/assets/components/arms/lkls73_arm/variants/left) by extensions ['colcon_meta']
[0.121s] Level 1:colcon.colcon_core.package_identification:_identify(开发资源/assets/components/arms/lkls73_arm/variants/left) by extension 'colcon_meta'
[0.121s] Level 1:colcon.colcon_core.package_identification:_identify(开发资源/assets/components/arms/lkls73_arm/variants/left) by extensions ['ros']
[0.121s] Level 1:colcon.colcon_core.package_identification:_identify(开发资源/assets/components/arms/lkls73_arm/variants/left) by extension 'ros'
[0.121s] Level 1:colcon.colcon_core.package_identification:_identify(开发资源/assets/components/arms/lkls73_arm/variants/left) by extensions ['cmake', 'python']
[0.121s] Level 1:colcon.colcon_core.package_identification:_identify(开发资源/assets/components/arms/lkls73_arm/variants/left) by extension 'cmake'
[0.121s] Level 1:colcon.colcon_core.package_identification:_identify(开发资源/assets/components/arms/lkls73_arm/variants/left) by extension 'python'
[0.121s] Level 1:colcon.colcon_core.package_identification:_identify(开发资源/assets/components/arms/lkls73_arm/variants/left) by extensions ['python_setup_py']
[0.121s] Level 1:colcon.colcon_core.package_identification:_identify(开发资源/assets/components/arms/lkls73_arm/variants/left) by extension 'python_setup_py'
[0.121s] Level 1:colcon.colcon_core.package_identification:_identify(开发资源/assets/components/arms/lkls73_arm/variants/left/meshes) by extensions ['ignore', 'ignore_ament_install']
[0.121s] Level 1:colcon.colcon_core.package_identification:_identify(开发资源/assets/components/arms/lkls73_arm/variants/left/meshes) by extension 'ignore'
[0.121s] Level 1:colcon.colcon_core.package_identification:_identify(开发资源/assets/components/arms/lkls73_arm/variants/left/meshes) by extension 'ignore_ament_install'
[0.121s] Level 1:colcon.colcon_core.package_identification:_identify(开发资源/assets/components/arms/lkls73_arm/variants/left/meshes) by extensions ['colcon_pkg']
[0.121s] Level 1:colcon.colcon_core.package_identification:_identify(开发资源/assets/components/arms/lkls73_arm/variants/left/meshes) by extension 'colcon_pkg'
[0.121s] Level 1:colcon.colcon_core.package_identification:_identify(开发资源/assets/components/arms/lkls73_arm/variants/left/meshes) by extensions ['colcon_meta']
[0.121s] Level 1:colcon.colcon_core.package_identification:_identify(开发资源/assets/components/arms/lkls73_arm/variants/left/meshes) by extension 'colcon_meta'
[0.121s] Level 1:colcon.colcon_core.package_identification:_identify(开发资源/assets/components/arms/lkls73_arm/variants/left/meshes) by extensions ['ros']
[0.121s] Level 1:colcon.colcon_core.package_identification:_identify(开发资源/assets/components/arms/lkls73_arm/variants/left/meshes) by extension 'ros'
[0.121s] Level 1:colcon.colcon_core.package_identification:_identify(开发资源/assets/components/arms/lkls73_arm/variants/left/meshes) by extensions ['cmake', 'python']
[0.121s] Level 1:colcon.colcon_core.package_identification:_identify(开发资源/assets/components/arms/lkls73_arm/variants/left/meshes) by extension 'cmake'
[0.121s] Level 1:colcon.colcon_core.package_identification:_identify(开发资源/assets/components/arms/lkls73_arm/variants/left/meshes) by extension 'python'
[0.121s] Level 1:colcon.colcon_core.package_identification:_identify(开发资源/assets/components/arms/lkls73_arm/variants/left/meshes) by extensions ['python_setup_py']
[0.121s] Level 1:colcon.colcon_core.package_identification:_identify(开发资源/assets/components/arms/lkls73_arm/variants/left/meshes) by extension 'python_setup_py'
[0.121s] Level 1:colcon.colcon_core.package_identification:_identify(开发资源/assets/components/arms/lkls73_arm/variants/right) by extensions ['ignore', 'ignore_ament_install']
[0.121s] Level 1:colcon.colcon_core.package_identification:_identify(开发资源/assets/components/arms/lkls73_arm/variants/right) by extension 'ignore'
[0.121s] Level 1:colcon.colcon_core.package_identification:_identify(开发资源/assets/components/arms/lkls73_arm/variants/right) by extension 'ignore_ament_install'
[0.121s] Level 1:colcon.colcon_core.package_identification:_identify(开发资源/assets/components/arms/lkls73_arm/variants/right) by extensions ['colcon_pkg']
[0.121s] Level 1:colcon.colcon_core.package_identification:_identify(开发资源/assets/components/arms/lkls73_arm/variants/right) by extension 'colcon_pkg'
[0.121s] Level 1:colcon.colcon_core.package_identification:_identify(开发资源/assets/components/arms/lkls73_arm/variants/right) by extensions ['colcon_meta']
[0.121s] Level 1:colcon.colcon_core.package_identification:_identify(开发资源/assets/components/arms/lkls73_arm/variants/right) by extension 'colcon_meta'
[0.121s] Level 1:colcon.colcon_core.package_identification:_identify(开发资源/assets/components/arms/lkls73_arm/variants/right) by extensions ['ros']
[0.121s] Level 1:colcon.colcon_core.package_identification:_identify(开发资源/assets/components/arms/lkls73_arm/variants/right) by extension 'ros'
[0.121s] Level 1:colcon.colcon_core.package_identification:_identify(开发资源/assets/components/arms/lkls73_arm/variants/right) by extensions ['cmake', 'python']
[0.121s] Level 1:colcon.colcon_core.package_identification:_identify(开发资源/assets/components/arms/lkls73_arm/variants/right) by extension 'cmake'
[0.121s] Level 1:colcon.colcon_core.package_identification:_identify(开发资源/assets/components/arms/lkls73_arm/variants/right) by extension 'python'
[0.121s] Level 1:colcon.colcon_core.package_identification:_identify(开发资源/assets/components/arms/lkls73_arm/variants/right) by extensions ['python_setup_py']
[0.121s] Level 1:colcon.colcon_core.package_identification:_identify(开发资源/assets/components/arms/lkls73_arm/variants/right) by extension 'python_setup_py'
[0.121s] Level 1:colcon.colcon_core.package_identification:_identify(开发资源/assets/components/arms/lkls73_arm/variants/right/meshes) by extensions ['ignore', 'ignore_ament_install']
[0.121s] Level 1:colcon.colcon_core.package_identification:_identify(开发资源/assets/components/arms/lkls73_arm/variants/right/meshes) by extension 'ignore'
[0.122s] Level 1:colcon.colcon_core.package_identification:_identify(开发资源/assets/components/arms/lkls73_arm/variants/right/meshes) by extension 'ignore_ament_install'
[0.122s] Level 1:colcon.colcon_core.package_identification:_identify(开发资源/assets/components/arms/lkls73_arm/variants/right/meshes) by extensions ['colcon_pkg']
[0.122s] Level 1:colcon.colcon_core.package_identification:_identify(开发资源/assets/components/arms/lkls73_arm/variants/right/meshes) by extension 'colcon_pkg'
[0.122s] Level 1:colcon.colcon_core.package_identification:_identify(开发资源/assets/components/arms/lkls73_arm/variants/right/meshes) by extensions ['colcon_meta']
[0.122s] Level 1:colcon.colcon_core.package_identification:_identify(开发资源/assets/components/arms/lkls73_arm/variants/right/meshes) by extension 'colcon_meta'
[0.122s] Level 1:colcon.colcon_core.package_identification:_identify(开发资源/assets/components/arms/lkls73_arm/variants/right/meshes) by extensions ['ros']
[0.122s] Level 1:colcon.colcon_core.package_identification:_identify(开发资源/assets/components/arms/lkls73_arm/variants/right/meshes) by extension 'ros'
[0.122s] Level 1:colcon.colcon_core.package_identification:_identify(开发资源/assets/components/arms/lkls73_arm/variants/right/meshes) by extensions ['cmake', 'python']
[0.122s] Level 1:colcon.colcon_core.package_identification:_identify(开发资源/assets/components/arms/lkls73_arm/variants/right/meshes) by extension 'cmake'
[0.122s] Level 1:colcon.colcon_core.package_identification:_identify(开发资源/assets/components/arms/lkls73_arm/variants/right/meshes) by extension 'python'
[0.122s] Level 1:colcon.colcon_core.package_identification:_identify(开发资源/assets/components/arms/lkls73_arm/variants/right/meshes) by extensions ['python_setup_py']
[0.122s] Level 1:colcon.colcon_core.package_identification:_identify(开发资源/assets/components/arms/lkls73_arm/variants/right/meshes) by extension 'python_setup_py'
[0.122s] Level 1:colcon.colcon_core.package_identification:_identify(开发资源/assets/components/bases) by extensions ['ignore', 'ignore_ament_install']
[0.122s] Level 1:colcon.colcon_core.package_identification:_identify(开发资源/assets/components/bases) by extension 'ignore'
[0.122s] Level 1:colcon.colcon_core.package_identification:_identify(开发资源/assets/components/bases) by extension 'ignore_ament_install'
[0.122s] Level 1:colcon.colcon_core.package_identification:_identify(开发资源/assets/components/bases) by extensions ['colcon_pkg']
[0.122s] Level 1:colcon.colcon_core.package_identification:_identify(开发资源/assets/components/bases) by extension 'colcon_pkg'
[0.122s] Level 1:colcon.colcon_core.package_identification:_identify(开发资源/assets/components/bases) by extensions ['colcon_meta']
[0.122s] Level 1:colcon.colcon_core.package_identification:_identify(开发资源/assets/components/bases) by extension 'colcon_meta'
[0.122s] Level 1:colcon.colcon_core.package_identification:_identify(开发资源/assets/components/bases) by extensions ['ros']
[0.122s] Level 1:colcon.colcon_core.package_identification:_identify(开发资源/assets/components/bases) by extension 'ros'
[0.122s] Level 1:colcon.colcon_core.package_identification:_identify(开发资源/assets/components/bases) by extensions ['cmake', 'python']
[0.122s] Level 1:colcon.colcon_core.package_identification:_identify(开发资源/assets/components/bases) by extension 'cmake'
[0.122s] Level 1:colcon.colcon_core.package_identification:_identify(开发资源/assets/components/bases) by extension 'python'
[0.122s] Level 1:colcon.colcon_core.package_identification:_identify(开发资源/assets/components/bases) by extensions ['python_setup_py']
[0.122s] Level 1:colcon.colcon_core.package_identification:_identify(开发资源/assets/components/bases) by extension 'python_setup_py'
[0.122s] Level 1:colcon.colcon_core.package_identification:_identify(开发资源/assets/components/bases/lkls73_torso) by extensions ['ignore', 'ignore_ament_install']
[0.122s] Level 1:colcon.colcon_core.package_identification:_identify(开发资源/assets/components/bases/lkls73_torso) by extension 'ignore'
[0.122s] Level 1:colcon.colcon_core.package_identification:_identify(开发资源/assets/components/bases/lkls73_torso) by extension 'ignore_ament_install'
[0.122s] Level 1:colcon.colcon_core.package_identification:_identify(开发资源/assets/components/bases/lkls73_torso) by extensions ['colcon_pkg']
[0.122s] Level 1:colcon.colcon_core.package_identification:_identify(开发资源/assets/components/bases/lkls73_torso) by extension 'colcon_pkg'
[0.122s] Level 1:colcon.colcon_core.package_identification:_identify(开发资源/assets/components/bases/lkls73_torso) by extensions ['colcon_meta']
[0.122s] Level 1:colcon.colcon_core.package_identification:_identify(开发资源/assets/components/bases/lkls73_torso) by extension 'colcon_meta'
[0.122s] Level 1:colcon.colcon_core.package_identification:_identify(开发资源/assets/components/bases/lkls73_torso) by extensions ['ros']
[0.122s] Level 1:colcon.colcon_core.package_identification:_identify(开发资源/assets/components/bases/lkls73_torso) by extension 'ros'
[0.122s] Level 1:colcon.colcon_core.package_identification:_identify(开发资源/assets/components/bases/lkls73_torso) by extensions ['cmake', 'python']
[0.122s] Level 1:colcon.colcon_core.package_identification:_identify(开发资源/assets/components/bases/lkls73_torso) by extension 'cmake'
[0.122s] Level 1:colcon.colcon_core.package_identification:_identify(开发资源/assets/components/bases/lkls73_torso) by extension 'python'
[0.122s] Level 1:colcon.colcon_core.package_identification:_identify(开发资源/assets/components/bases/lkls73_torso) by extensions ['python_setup_py']
[0.122s] Level 1:colcon.colcon_core.package_identification:_identify(开发资源/assets/components/bases/lkls73_torso) by extension 'python_setup_py'
[0.122s] Level 1:colcon.colcon_core.package_identification:_identify(开发资源/assets/components/bases/lkls73_torso/variants) by extensions ['ignore', 'ignore_ament_install']
[0.122s] Level 1:colcon.colcon_core.package_identification:_identify(开发资源/assets/components/bases/lkls73_torso/variants) by extension 'ignore'
[0.122s] Level 1:colcon.colcon_core.package_identification:_identify(开发资源/assets/components/bases/lkls73_torso/variants) by extension 'ignore_ament_install'
[0.123s] Level 1:colcon.colcon_core.package_identification:_identify(开发资源/assets/components/bases/lkls73_torso/variants) by extensions ['colcon_pkg']
[0.123s] Level 1:colcon.colcon_core.package_identification:_identify(开发资源/assets/components/bases/lkls73_torso/variants) by extension 'colcon_pkg'
[0.123s] Level 1:colcon.colcon_core.package_identification:_identify(开发资源/assets/components/bases/lkls73_torso/variants) by extensions ['colcon_meta']
[0.123s] Level 1:colcon.colcon_core.package_identification:_identify(开发资源/assets/components/bases/lkls73_torso/variants) by extension 'colcon_meta'
[0.123s] Level 1:colcon.colcon_core.package_identification:_identify(开发资源/assets/components/bases/lkls73_torso/variants) by extensions ['ros']
[0.123s] Level 1:colcon.colcon_core.package_identification:_identify(开发资源/assets/components/bases/lkls73_torso/variants) by extension 'ros'
[0.123s] Level 1:colcon.colcon_core.package_identification:_identify(开发资源/assets/components/bases/lkls73_torso/variants) by extensions ['cmake', 'python']
[0.123s] Level 1:colcon.colcon_core.package_identification:_identify(开发资源/assets/components/bases/lkls73_torso/variants) by extension 'cmake'
[0.123s] Level 1:colcon.colcon_core.package_identification:_identify(开发资源/assets/components/bases/lkls73_torso/variants) by extension 'python'
[0.123s] Level 1:colcon.colcon_core.package_identification:_identify(开发资源/assets/components/bases/lkls73_torso/variants) by extensions ['python_setup_py']
[0.123s] Level 1:colcon.colcon_core.package_identification:_identify(开发资源/assets/components/bases/lkls73_torso/variants) by extension 'python_setup_py'
[0.123s] Level 1:colcon.colcon_core.package_identification:_identify(开发资源/assets/components/bases/lkls73_torso/variants/default) by extensions ['ignore', 'ignore_ament_install']
[0.123s] Level 1:colcon.colcon_core.package_identification:_identify(开发资源/assets/components/bases/lkls73_torso/variants/default) by extension 'ignore'
[0.123s] Level 1:colcon.colcon_core.package_identification:_identify(开发资源/assets/components/bases/lkls73_torso/variants/default) by extension 'ignore_ament_install'
[0.123s] Level 1:colcon.colcon_core.package_identification:_identify(开发资源/assets/components/bases/lkls73_torso/variants/default) by extensions ['colcon_pkg']
[0.123s] Level 1:colcon.colcon_core.package_identification:_identify(开发资源/assets/components/bases/lkls73_torso/variants/default) by extension 'colcon_pkg'
[0.123s] Level 1:colcon.colcon_core.package_identification:_identify(开发资源/assets/components/bases/lkls73_torso/variants/default) by extensions ['colcon_meta']
[0.123s] Level 1:colcon.colcon_core.package_identification:_identify(开发资源/assets/components/bases/lkls73_torso/variants/default) by extension 'colcon_meta'
[0.123s] Level 1:colcon.colcon_core.package_identification:_identify(开发资源/assets/components/bases/lkls73_torso/variants/default) by extensions ['ros']
[0.123s] Level 1:colcon.colcon_core.package_identification:_identify(开发资源/assets/components/bases/lkls73_torso/variants/default) by extension 'ros'
[0.123s] Level 1:colcon.colcon_core.package_identification:_identify(开发资源/assets/components/bases/lkls73_torso/variants/default) by extensions ['cmake', 'python']
[0.123s] Level 1:colcon.colcon_core.package_identification:_identify(开发资源/assets/components/bases/lkls73_torso/variants/default) by extension 'cmake'
[0.123s] Level 1:colcon.colcon_core.package_identification:_identify(开发资源/assets/components/bases/lkls73_torso/variants/default) by extension 'python'
[0.123s] Level 1:colcon.colcon_core.package_identification:_identify(开发资源/assets/components/bases/lkls73_torso/variants/default) by extensions ['python_setup_py']
[0.123s] Level 1:colcon.colcon_core.package_identification:_identify(开发资源/assets/components/bases/lkls73_torso/variants/default) by extension 'python_setup_py'
[0.123s] Level 1:colcon.colcon_core.package_identification:_identify(开发资源/assets/components/bases/lkls73_torso/variants/default/meshes) by extensions ['ignore', 'ignore_ament_install']
[0.123s] Level 1:colcon.colcon_core.package_identification:_identify(开发资源/assets/components/bases/lkls73_torso/variants/default/meshes) by extension 'ignore'
[0.123s] Level 1:colcon.colcon_core.package_identification:_identify(开发资源/assets/components/bases/lkls73_torso/variants/default/meshes) by extension 'ignore_ament_install'
[0.123s] Level 1:colcon.colcon_core.package_identification:_identify(开发资源/assets/components/bases/lkls73_torso/variants/default/meshes) by extensions ['colcon_pkg']
[0.123s] Level 1:colcon.colcon_core.package_identification:_identify(开发资源/assets/components/bases/lkls73_torso/variants/default/meshes) by extension 'colcon_pkg'
[0.123s] Level 1:colcon.colcon_core.package_identification:_identify(开发资源/assets/components/bases/lkls73_torso/variants/default/meshes) by extensions ['colcon_meta']
[0.123s] Level 1:colcon.colcon_core.package_identification:_identify(开发资源/assets/components/bases/lkls73_torso/variants/default/meshes) by extension 'colcon_meta'
[0.123s] Level 1:colcon.colcon_core.package_identification:_identify(开发资源/assets/components/bases/lkls73_torso/variants/default/meshes) by extensions ['ros']
[0.123s] Level 1:colcon.colcon_core.package_identification:_identify(开发资源/assets/components/bases/lkls73_torso/variants/default/meshes) by extension 'ros'
[0.123s] Level 1:colcon.colcon_core.package_identification:_identify(开发资源/assets/components/bases/lkls73_torso/variants/default/meshes) by extensions ['cmake', 'python']
[0.123s] Level 1:colcon.colcon_core.package_identification:_identify(开发资源/assets/components/bases/lkls73_torso/variants/default/meshes) by extension 'cmake'
[0.123s] Level 1:colcon.colcon_core.package_identification:_identify(开发资源/assets/components/bases/lkls73_torso/variants/default/meshes) by extension 'python'
[0.123s] Level 1:colcon.colcon_core.package_identification:_identify(开发资源/assets/components/bases/lkls73_torso/variants/default/meshes) by extensions ['python_setup_py']
[0.123s] Level 1:colcon.colcon_core.package_identification:_identify(开发资源/assets/components/bases/lkls73_torso/variants/default/meshes) by extension 'python_setup_py'
[0.123s] Level 1:colcon.colcon_core.package_identification:_identify(开发资源/assets/components/hands) by extensions ['ignore', 'ignore_ament_install']
[0.123s] Level 1:colcon.colcon_core.package_identification:_identify(开发资源/assets/components/hands) by extension 'ignore'
[0.123s] Level 1:colcon.colcon_core.package_identification:_identify(开发资源/assets/components/hands) by extension 'ignore_ament_install'
[0.123s] Level 1:colcon.colcon_core.package_identification:_identify(开发资源/assets/components/hands) by extensions ['colcon_pkg']
[0.123s] Level 1:colcon.colcon_core.package_identification:_identify(开发资源/assets/components/hands) by extension 'colcon_pkg'
[0.123s] Level 1:colcon.colcon_core.package_identification:_identify(开发资源/assets/components/hands) by extensions ['colcon_meta']
[0.123s] Level 1:colcon.colcon_core.package_identification:_identify(开发资源/assets/components/hands) by extension 'colcon_meta'
[0.123s] Level 1:colcon.colcon_core.package_identification:_identify(开发资源/assets/components/hands) by extensions ['ros']
[0.123s] Level 1:colcon.colcon_core.package_identification:_identify(开发资源/assets/components/hands) by extension 'ros'
[0.123s] Level 1:colcon.colcon_core.package_identification:_identify(开发资源/assets/components/hands) by extensions ['cmake', 'python']
[0.123s] Level 1:colcon.colcon_core.package_identification:_identify(开发资源/assets/components/hands) by extension 'cmake'
[0.124s] Level 1:colcon.colcon_core.package_identification:_identify(开发资源/assets/components/hands) by extension 'python'
[0.124s] Level 1:colcon.colcon_core.package_identification:_identify(开发资源/assets/components/hands) by extensions ['python_setup_py']
[0.124s] Level 1:colcon.colcon_core.package_identification:_identify(开发资源/assets/components/hands) by extension 'python_setup_py'
[0.124s] Level 1:colcon.colcon_core.package_identification:_identify(开发资源/assets/components/hands/linkerhand_o6) by extensions ['ignore', 'ignore_ament_install']
[0.124s] Level 1:colcon.colcon_core.package_identification:_identify(开发资源/assets/components/hands/linkerhand_o6) by extension 'ignore'
[0.124s] Level 1:colcon.colcon_core.package_identification:_identify(开发资源/assets/components/hands/linkerhand_o6) by extension 'ignore_ament_install'
[0.124s] Level 1:colcon.colcon_core.package_identification:_identify(开发资源/assets/components/hands/linkerhand_o6) by extensions ['colcon_pkg']
[0.124s] Level 1:colcon.colcon_core.package_identification:_identify(开发资源/assets/components/hands/linkerhand_o6) by extension 'colcon_pkg'
[0.124s] Level 1:colcon.colcon_core.package_identification:_identify(开发资源/assets/components/hands/linkerhand_o6) by extensions ['colcon_meta']
[0.124s] Level 1:colcon.colcon_core.package_identification:_identify(开发资源/assets/components/hands/linkerhand_o6) by extension 'colcon_meta'
[0.124s] Level 1:colcon.colcon_core.package_identification:_identify(开发资源/assets/components/hands/linkerhand_o6) by extensions ['ros']
[0.124s] Level 1:colcon.colcon_core.package_identification:_identify(开发资源/assets/components/hands/linkerhand_o6) by extension 'ros'
[0.124s] Level 1:colcon.colcon_core.package_identification:_identify(开发资源/assets/components/hands/linkerhand_o6) by extensions ['cmake', 'python']
[0.124s] Level 1:colcon.colcon_core.package_identification:_identify(开发资源/assets/components/hands/linkerhand_o6) by extension 'cmake'
[0.124s] Level 1:colcon.colcon_core.package_identification:_identify(开发资源/assets/components/hands/linkerhand_o6) by extension 'python'
[0.124s] Level 1:colcon.colcon_core.package_identification:_identify(开发资源/assets/components/hands/linkerhand_o6) by extensions ['python_setup_py']
[0.124s] Level 1:colcon.colcon_core.package_identification:_identify(开发资源/assets/components/hands/linkerhand_o6) by extension 'python_setup_py'
[0.124s] Level 1:colcon.colcon_core.package_identification:_identify(开发资源/assets/components/hands/linkerhand_o6/variants) by extensions ['ignore', 'ignore_ament_install']
[0.124s] Level 1:colcon.colcon_core.package_identification:_identify(开发资源/assets/components/hands/linkerhand_o6/variants) by extension 'ignore'
[0.124s] Level 1:colcon.colcon_core.package_identification:_identify(开发资源/assets/components/hands/linkerhand_o6/variants) by extension 'ignore_ament_install'
[0.124s] Level 1:colcon.colcon_core.package_identification:_identify(开发资源/assets/components/hands/linkerhand_o6/variants) by extensions ['colcon_pkg']
[0.124s] Level 1:colcon.colcon_core.package_identification:_identify(开发资源/assets/components/hands/linkerhand_o6/variants) by extension 'colcon_pkg'
[0.124s] Level 1:colcon.colcon_core.package_identification:_identify(开发资源/assets/components/hands/linkerhand_o6/variants) by extensions ['colcon_meta']
[0.124s] Level 1:colcon.colcon_core.package_identification:_identify(开发资源/assets/components/hands/linkerhand_o6/variants) by extension 'colcon_meta'
[0.124s] Level 1:colcon.colcon_core.package_identification:_identify(开发资源/assets/components/hands/linkerhand_o6/variants) by extensions ['ros']
[0.124s] Level 1:colcon.colcon_core.package_identification:_identify(开发资源/assets/components/hands/linkerhand_o6/variants) by extension 'ros'
[0.124s] Level 1:colcon.colcon_core.package_identification:_identify(开发资源/assets/components/hands/linkerhand_o6/variants) by extensions ['cmake', 'python']
[0.124s] Level 1:colcon.colcon_core.package_identification:_identify(开发资源/assets/components/hands/linkerhand_o6/variants) by extension 'cmake'
[0.124s] Level 1:colcon.colcon_core.package_identification:_identify(开发资源/assets/components/hands/linkerhand_o6/variants) by extension 'python'
[0.124s] Level 1:colcon.colcon_core.package_identification:_identify(开发资源/assets/components/hands/linkerhand_o6/variants) by extensions ['python_setup_py']
[0.124s] Level 1:colcon.colcon_core.package_identification:_identify(开发资源/assets/components/hands/linkerhand_o6/variants) by extension 'python_setup_py'
[0.124s] Level 1:colcon.colcon_core.package_identification:_identify(开发资源/assets/components/hands/linkerhand_o6/variants/left) by extensions ['ignore', 'ignore_ament_install']
[0.124s] Level 1:colcon.colcon_core.package_identification:_identify(开发资源/assets/components/hands/linkerhand_o6/variants/left) by extension 'ignore'
[0.124s] Level 1:colcon.colcon_core.package_identification:_identify(开发资源/assets/components/hands/linkerhand_o6/variants/left) by extension 'ignore_ament_install'
[0.124s] Level 1:colcon.colcon_core.package_identification:_identify(开发资源/assets/components/hands/linkerhand_o6/variants/left) by extensions ['colcon_pkg']
[0.124s] Level 1:colcon.colcon_core.package_identification:_identify(开发资源/assets/components/hands/linkerhand_o6/variants/left) by extension 'colcon_pkg'
[0.124s] Level 1:colcon.colcon_core.package_identification:_identify(开发资源/assets/components/hands/linkerhand_o6/variants/left) by extensions ['colcon_meta']
[0.124s] Level 1:colcon.colcon_core.package_identification:_identify(开发资源/assets/components/hands/linkerhand_o6/variants/left) by extension 'colcon_meta'
[0.124s] Level 1:colcon.colcon_core.package_identification:_identify(开发资源/assets/components/hands/linkerhand_o6/variants/left) by extensions ['ros']
[0.124s] Level 1:colcon.colcon_core.package_identification:_identify(开发资源/assets/components/hands/linkerhand_o6/variants/left) by extension 'ros'
[0.124s] Level 1:colcon.colcon_core.package_identification:_identify(开发资源/assets/components/hands/linkerhand_o6/variants/left) by extensions ['cmake', 'python']
[0.124s] Level 1:colcon.colcon_core.package_identification:_identify(开发资源/assets/components/hands/linkerhand_o6/variants/left) by extension 'cmake'
[0.124s] Level 1:colcon.colcon_core.package_identification:_identify(开发资源/assets/components/hands/linkerhand_o6/variants/left) by extension 'python'
[0.124s] Level 1:colcon.colcon_core.package_identification:_identify(开发资源/assets/components/hands/linkerhand_o6/variants/left) by extensions ['python_setup_py']
[0.124s] Level 1:colcon.colcon_core.package_identification:_identify(开发资源/assets/components/hands/linkerhand_o6/variants/left) by extension 'python_setup_py'
[0.124s] Level 1:colcon.colcon_core.package_identification:_identify(开发资源/assets/components/hands/linkerhand_o6/variants/left/meshes) by extensions ['ignore', 'ignore_ament_install']
[0.124s] Level 1:colcon.colcon_core.package_identification:_identify(开发资源/assets/components/hands/linkerhand_o6/variants/left/meshes) by extension 'ignore'
[0.124s] Level 1:colcon.colcon_core.package_identification:_identify(开发资源/assets/components/hands/linkerhand_o6/variants/left/meshes) by extension 'ignore_ament_install'
[0.124s] Level 1:colcon.colcon_core.package_identification:_identify(开发资源/assets/components/hands/linkerhand_o6/variants/left/meshes) by extensions ['colcon_pkg']
[0.124s] Level 1:colcon.colcon_core.package_identification:_identify(开发资源/assets/components/hands/linkerhand_o6/variants/left/meshes) by extension 'colcon_pkg'
[0.124s] Level 1:colcon.colcon_core.package_identification:_identify(开发资源/assets/components/hands/linkerhand_o6/variants/left/meshes) by extensions ['colcon_meta']
[0.124s] Level 1:colcon.colcon_core.package_identification:_identify(开发资源/assets/components/hands/linkerhand_o6/variants/left/meshes) by extension 'colcon_meta'
[0.125s] Level 1:colcon.colcon_core.package_identification:_identify(开发资源/assets/components/hands/linkerhand_o6/variants/left/meshes) by extensions ['ros']
[0.125s] Level 1:colcon.colcon_core.package_identification:_identify(开发资源/assets/components/hands/linkerhand_o6/variants/left/meshes) by extension 'ros'
[0.125s] Level 1:colcon.colcon_core.package_identification:_identify(开发资源/assets/components/hands/linkerhand_o6/variants/left/meshes) by extensions ['cmake', 'python']
[0.125s] Level 1:colcon.colcon_core.package_identification:_identify(开发资源/assets/components/hands/linkerhand_o6/variants/left/meshes) by extension 'cmake'
[0.125s] Level 1:colcon.colcon_core.package_identification:_identify(开发资源/assets/components/hands/linkerhand_o6/variants/left/meshes) by extension 'python'
[0.125s] Level 1:colcon.colcon_core.package_identification:_identify(开发资源/assets/components/hands/linkerhand_o6/variants/left/meshes) by extensions ['python_setup_py']
[0.125s] Level 1:colcon.colcon_core.package_identification:_identify(开发资源/assets/components/hands/linkerhand_o6/variants/left/meshes) by extension 'python_setup_py'
[0.125s] Level 1:colcon.colcon_core.package_identification:_identify(开发资源/assets/components/hands/linkerhand_o6/variants/right) by extensions ['ignore', 'ignore_ament_install']
[0.125s] Level 1:colcon.colcon_core.package_identification:_identify(开发资源/assets/components/hands/linkerhand_o6/variants/right) by extension 'ignore'
[0.125s] Level 1:colcon.colcon_core.package_identification:_identify(开发资源/assets/components/hands/linkerhand_o6/variants/right) by extension 'ignore_ament_install'
[0.125s] Level 1:colcon.colcon_core.package_identification:_identify(开发资源/assets/components/hands/linkerhand_o6/variants/right) by extensions ['colcon_pkg']
[0.125s] Level 1:colcon.colcon_core.package_identification:_identify(开发资源/assets/components/hands/linkerhand_o6/variants/right) by extension 'colcon_pkg'
[0.125s] Level 1:colcon.colcon_core.package_identification:_identify(开发资源/assets/components/hands/linkerhand_o6/variants/right) by extensions ['colcon_meta']
[0.125s] Level 1:colcon.colcon_core.package_identification:_identify(开发资源/assets/components/hands/linkerhand_o6/variants/right) by extension 'colcon_meta'
[0.125s] Level 1:colcon.colcon_core.package_identification:_identify(开发资源/assets/components/hands/linkerhand_o6/variants/right) by extensions ['ros']
[0.125s] Level 1:colcon.colcon_core.package_identification:_identify(开发资源/assets/components/hands/linkerhand_o6/variants/right) by extension 'ros'
[0.125s] Level 1:colcon.colcon_core.package_identification:_identify(开发资源/assets/components/hands/linkerhand_o6/variants/right) by extensions ['cmake', 'python']
[0.125s] Level 1:colcon.colcon_core.package_identification:_identify(开发资源/assets/components/hands/linkerhand_o6/variants/right) by extension 'cmake'
[0.125s] Level 1:colcon.colcon_core.package_identification:_identify(开发资源/assets/components/hands/linkerhand_o6/variants/right) by extension 'python'
[0.125s] Level 1:colcon.colcon_core.package_identification:_identify(开发资源/assets/components/hands/linkerhand_o6/variants/right) by extensions ['python_setup_py']
[0.125s] Level 1:colcon.colcon_core.package_identification:_identify(开发资源/assets/components/hands/linkerhand_o6/variants/right) by extension 'python_setup_py'
[0.125s] Level 1:colcon.colcon_core.package_identification:_identify(开发资源/assets/components/hands/linkerhand_o6/variants/right/meshes) by extensions ['ignore', 'ignore_ament_install']
[0.125s] Level 1:colcon.colcon_core.package_identification:_identify(开发资源/assets/components/hands/linkerhand_o6/variants/right/meshes) by extension 'ignore'
[0.125s] Level 1:colcon.colcon_core.package_identification:_identify(开发资源/assets/components/hands/linkerhand_o6/variants/right/meshes) by extension 'ignore_ament_install'
[0.125s] Level 1:colcon.colcon_core.package_identification:_identify(开发资源/assets/components/hands/linkerhand_o6/variants/right/meshes) by extensions ['colcon_pkg']
[0.125s] Level 1:colcon.colcon_core.package_identification:_identify(开发资源/assets/components/hands/linkerhand_o6/variants/right/meshes) by extension 'colcon_pkg'
[0.125s] Level 1:colcon.colcon_core.package_identification:_identify(开发资源/assets/components/hands/linkerhand_o6/variants/right/meshes) by extensions ['colcon_meta']
[0.125s] Level 1:colcon.colcon_core.package_identification:_identify(开发资源/assets/components/hands/linkerhand_o6/variants/right/meshes) by extension 'colcon_meta'
[0.125s] Level 1:colcon.colcon_core.package_identification:_identify(开发资源/assets/components/hands/linkerhand_o6/variants/right/meshes) by extensions ['ros']
[0.125s] Level 1:colcon.colcon_core.package_identification:_identify(开发资源/assets/components/hands/linkerhand_o6/variants/right/meshes) by extension 'ros'
[0.125s] Level 1:colcon.colcon_core.package_identification:_identify(开发资源/assets/components/hands/linkerhand_o6/variants/right/meshes) by extensions ['cmake', 'python']
[0.125s] Level 1:colcon.colcon_core.package_identification:_identify(开发资源/assets/components/hands/linkerhand_o6/variants/right/meshes) by extension 'cmake'
[0.125s] Level 1:colcon.colcon_core.package_identification:_identify(开发资源/assets/components/hands/linkerhand_o6/variants/right/meshes) by extension 'python'
[0.125s] Level 1:colcon.colcon_core.package_identification:_identify(开发资源/assets/components/hands/linkerhand_o6/variants/right/meshes) by extensions ['python_setup_py']
[0.125s] Level 1:colcon.colcon_core.package_identification:_identify(开发资源/assets/components/hands/linkerhand_o6/variants/right/meshes) by extension 'python_setup_py'
[0.125s] Level 1:colcon.colcon_core.package_identification:_identify(开发资源/assets/workstations) by extensions ['ignore', 'ignore_ament_install']
[0.125s] Level 1:colcon.colcon_core.package_identification:_identify(开发资源/assets/workstations) by extension 'ignore'
[0.125s] Level 1:colcon.colcon_core.package_identification:_identify(开发资源/assets/workstations) by extension 'ignore_ament_install'
[0.125s] Level 1:colcon.colcon_core.package_identification:_identify(开发资源/assets/workstations) by extensions ['colcon_pkg']
[0.125s] Level 1:colcon.colcon_core.package_identification:_identify(开发资源/assets/workstations) by extension 'colcon_pkg'
[0.125s] Level 1:colcon.colcon_core.package_identification:_identify(开发资源/assets/workstations) by extensions ['colcon_meta']
[0.125s] Level 1:colcon.colcon_core.package_identification:_identify(开发资源/assets/workstations) by extension 'colcon_meta'
[0.125s] Level 1:colcon.colcon_core.package_identification:_identify(开发资源/assets/workstations) by extensions ['ros']
[0.125s] Level 1:colcon.colcon_core.package_identification:_identify(开发资源/assets/workstations) by extension 'ros'
[0.125s] Level 1:colcon.colcon_core.package_identification:_identify(开发资源/assets/workstations) by extensions ['cmake', 'python']
[0.125s] Level 1:colcon.colcon_core.package_identification:_identify(开发资源/assets/workstations) by extension 'cmake'
[0.125s] Level 1:colcon.colcon_core.package_identification:_identify(开发资源/assets/workstations) by extension 'python'
[0.125s] Level 1:colcon.colcon_core.package_identification:_identify(开发资源/assets/workstations) by extensions ['python_setup_py']
[0.125s] Level 1:colcon.colcon_core.package_identification:_identify(开发资源/assets/workstations) by extension 'python_setup_py'
[0.125s] Level 1:colcon.colcon_core.package_identification:_identify(开发资源/assets/workstations/lkls73_i1_o6_bimanual) by extensions ['ignore', 'ignore_ament_install']
[0.125s] Level 1:colcon.colcon_core.package_identification:_identify(开发资源/assets/workstations/lkls73_i1_o6_bimanual) by extension 'ignore'
[0.126s] Level 1:colcon.colcon_core.package_identification:_identify(开发资源/assets/workstations/lkls73_i1_o6_bimanual) by extension 'ignore_ament_install'
[0.126s] Level 1:colcon.colcon_core.package_identification:_identify(开发资源/assets/workstations/lkls73_i1_o6_bimanual) by extensions ['colcon_pkg']
[0.126s] Level 1:colcon.colcon_core.package_identification:_identify(开发资源/assets/workstations/lkls73_i1_o6_bimanual) by extension 'colcon_pkg'
[0.126s] Level 1:colcon.colcon_core.package_identification:_identify(开发资源/assets/workstations/lkls73_i1_o6_bimanual) by extensions ['colcon_meta']
[0.126s] Level 1:colcon.colcon_core.package_identification:_identify(开发资源/assets/workstations/lkls73_i1_o6_bimanual) by extension 'colcon_meta'
[0.126s] Level 1:colcon.colcon_core.package_identification:_identify(开发资源/assets/workstations/lkls73_i1_o6_bimanual) by extensions ['ros']
[0.126s] Level 1:colcon.colcon_core.package_identification:_identify(开发资源/assets/workstations/lkls73_i1_o6_bimanual) by extension 'ros'
[0.126s] Level 1:colcon.colcon_core.package_identification:_identify(开发资源/assets/workstations/lkls73_i1_o6_bimanual) by extensions ['cmake', 'python']
[0.126s] Level 1:colcon.colcon_core.package_identification:_identify(开发资源/assets/workstations/lkls73_i1_o6_bimanual) by extension 'cmake'
[0.126s] Level 1:colcon.colcon_core.package_identification:_identify(开发资源/assets/workstations/lkls73_i1_o6_bimanual) by extension 'python'
[0.126s] Level 1:colcon.colcon_core.package_identification:_identify(开发资源/assets/workstations/lkls73_i1_o6_bimanual) by extensions ['python_setup_py']
[0.126s] Level 1:colcon.colcon_core.package_identification:_identify(开发资源/assets/workstations/lkls73_i1_o6_bimanual) by extension 'python_setup_py'
[0.126s] Level 1:colcon.colcon_core.package_discovery:discover_packages(recursive) using defaults
[0.126s] Level 1:colcon.colcon_core.package_discovery:discover_packages(ignore) discover
[0.126s] Level 1:colcon.colcon_core.package_discovery:discover_packages(ignore) using defaults
[0.126s] Level 1:colcon.colcon_core.package_discovery:discover_packages(path) discover
[0.126s] Level 1:colcon.colcon_core.package_discovery:discover_packages(path) using defaults
[0.134s] INFO:colcon.colcon_core.package_selection:Skipping not selected package 'lbot_arm_interfaces' in 'src/lbot_arm_interfaces'
[0.134s] INFO:colcon.colcon_core.package_selection:Skipping not selected package 'lbot_demo' in 'src/lbot_demo'
[0.134s] INFO:colcon.colcon_core.package_selection:Skipping not selected package 'lbot_driver' in 'src/lbot_driver'
[0.134s] INFO:colcon.colcon_core.package_selection:Skipping not selected package 'lbot_teleop' in 'src/lbot_teleop'
[0.134s] Level 1:colcon.colcon_core.package_discovery:discover_packages(prefix_path) check parameters
[0.134s] Level 1:colcon.colcon_core.package_discovery:discover_packages(prefix_path) discover
[0.135s] DEBUG:colcon.colcon_installed_package_information.package_discovery:Found 287 installed packages in /opt/ros/jazzy
[0.136s] Level 1:colcon.colcon_core.package_discovery:discover_packages(prefix_path) using defaults
[0.151s] Level 5:colcon.colcon_core.verb:set package 'lbot_camera_motion' build argument 'cmake_args' from command line to 'None'
[0.151s] Level 5:colcon.colcon_core.verb:set package 'lbot_camera_motion' build argument 'cmake_target' from command line to 'None'
[0.151s] Level 5:colcon.colcon_core.verb:set package 'lbot_camera_motion' build argument 'cmake_target_skip_unavailable' from command line to 'False'
[0.151s] Level 5:colcon.colcon_core.verb:set package 'lbot_camera_motion' build argument 'cmake_clean_cache' from command line to 'False'
[0.151s] Level 5:colcon.colcon_core.verb:set package 'lbot_camera_motion' build argument 'cmake_clean_first' from command line to 'False'
[0.151s] Level 5:colcon.colcon_core.verb:set package 'lbot_camera_motion' build argument 'cmake_force_configure' from command line to 'False'
[0.151s] Level 5:colcon.colcon_core.verb:set package 'lbot_camera_motion' build argument 'ament_cmake_args' from command line to 'None'
[0.151s] Level 5:colcon.colcon_core.verb:set package 'lbot_camera_motion' build argument 'catkin_cmake_args' from command line to 'None'
[0.151s] Level 5:colcon.colcon_core.verb:set package 'lbot_camera_motion' build argument 'catkin_skip_building_tests' from command line to 'False'
[0.151s] DEBUG:colcon.colcon_core.verb:Building package 'lbot_camera_motion' with the following arguments: {'ament_cmake_args': None, 'build_base': '/home/lzy/lbot_ws/build/lbot_camera_motion', 'catkin_cmake_args': None, 'catkin_skip_building_tests': False, 'cmake_args': None, 'cmake_clean_cache': False, 'cmake_clean_first': False, 'cmake_force_configure': False, 'cmake_target': None, 'cmake_target_skip_unavailable': False, 'install_base': '/home/lzy/lbot_ws/install/lbot_camera_motion', 'merge_install': False, 'path': '/home/lzy/lbot_ws/src/lbot_camera_motion', 'symlink_install': True, 'test_result_base': None}
[0.151s] INFO:colcon.colcon_core.executor:Executing jobs using 'parallel' executor
[0.151s] DEBUG:colcon.colcon_parallel_executor.executor.parallel:run_until_complete
[0.151s] INFO:colcon.colcon_ros.task.ament_cmake.build:Building ROS package in '/home/lzy/lbot_ws/src/lbot_camera_motion' with build type 'ament_cmake'
[0.152s] INFO:colcon.colcon_cmake.task.cmake.build:Building CMake package in '/home/lzy/lbot_ws/src/lbot_camera_motion'
[0.152s] INFO:colcon.colcon_core.plugin_system:Skipping extension 'colcon_core.shell.bat': Not used on non-Windows systems
[0.152s] INFO:colcon.colcon_core.shell:Skip shell extension 'powershell' for command environment: Not usable outside of PowerShell
[0.152s] DEBUG:colcon.colcon_core.shell:Skip shell extension 'dsv' for command environment
[0.214s] DEBUG:colcon.colcon_core.event_handler.log_command:Invoking command in '/home/lzy/lbot_ws/build/lbot_camera_motion': AMENT_PREFIX_PATH=/home/lzy/lbot_ws/install/lbot_arm_interfaces:${AMENT_PREFIX_PATH} CMAKE_PREFIX_PATH=/home/lzy/lbot_ws/install/lbot_arm_interfaces:/opt/ros/jazzy/opt/gz_math_vendor:/opt/ros/jazzy/opt/gz_utils_vendor:/opt/ros/jazzy/opt/gz_cmake_vendor:/opt/ros/jazzy LD_LIBRARY_PATH=/home/lzy/lbot_ws/install/lbot_arm_interfaces/lib:${LD_LIBRARY_PATH} PYTHONPATH=/home/lzy/lbot_ws/install/lbot_arm_interfaces/lib/python3.12/site-packages:${PYTHONPATH} /usr/bin/cmake --build /home/lzy/lbot_ws/build/lbot_camera_motion -- -j24 -l24
[4.849s] DEBUG:colcon.colcon_core.event_handler.log_command:Invoked command in '/home/lzy/lbot_ws/build/lbot_camera_motion' returned '0': AMENT_PREFIX_PATH=/home/lzy/lbot_ws/install/lbot_arm_interfaces:${AMENT_PREFIX_PATH} CMAKE_PREFIX_PATH=/home/lzy/lbot_ws/install/lbot_arm_interfaces:/opt/ros/jazzy/opt/gz_math_vendor:/opt/ros/jazzy/opt/gz_utils_vendor:/opt/ros/jazzy/opt/gz_cmake_vendor:/opt/ros/jazzy LD_LIBRARY_PATH=/home/lzy/lbot_ws/install/lbot_arm_interfaces/lib:${LD_LIBRARY_PATH} PYTHONPATH=/home/lzy/lbot_ws/install/lbot_arm_interfaces/lib/python3.12/site-packages:${PYTHONPATH} /usr/bin/cmake --build /home/lzy/lbot_ws/build/lbot_camera_motion -- -j24 -l24
[4.853s] DEBUG:colcon.colcon_core.event_handler.log_command:Invoking command in '/home/lzy/lbot_ws/build/lbot_camera_motion': AMENT_PREFIX_PATH=/home/lzy/lbot_ws/install/lbot_arm_interfaces:${AMENT_PREFIX_PATH} CMAKE_PREFIX_PATH=/home/lzy/lbot_ws/install/lbot_arm_interfaces:/opt/ros/jazzy/opt/gz_math_vendor:/opt/ros/jazzy/opt/gz_utils_vendor:/opt/ros/jazzy/opt/gz_cmake_vendor:/opt/ros/jazzy LD_LIBRARY_PATH=/home/lzy/lbot_ws/install/lbot_arm_interfaces/lib:${LD_LIBRARY_PATH} PYTHONPATH=/home/lzy/lbot_ws/install/lbot_arm_interfaces/lib/python3.12/site-packages:${PYTHONPATH} /usr/bin/cmake --install /home/lzy/lbot_ws/build/lbot_camera_motion
[4.862s] Level 1:colcon.colcon_core.environment:create_environment_scripts_only(lbot_camera_motion)
[4.862s] DEBUG:colcon.colcon_core.event_handler.log_command:Invoked command in '/home/lzy/lbot_ws/build/lbot_camera_motion' returned '0': AMENT_PREFIX_PATH=/home/lzy/lbot_ws/install/lbot_arm_interfaces:${AMENT_PREFIX_PATH} CMAKE_PREFIX_PATH=/home/lzy/lbot_ws/install/lbot_arm_interfaces:/opt/ros/jazzy/opt/gz_math_vendor:/opt/ros/jazzy/opt/gz_utils_vendor:/opt/ros/jazzy/opt/gz_cmake_vendor:/opt/ros/jazzy LD_LIBRARY_PATH=/home/lzy/lbot_ws/install/lbot_arm_interfaces/lib:${LD_LIBRARY_PATH} PYTHONPATH=/home/lzy/lbot_ws/install/lbot_arm_interfaces/lib/python3.12/site-packages:${PYTHONPATH} /usr/bin/cmake --install /home/lzy/lbot_ws/build/lbot_camera_motion
[4.863s] Level 1:colcon.colcon_core.environment:checking '/home/lzy/lbot_ws/install/lbot_camera_motion' for CMake module files
[4.864s] Level 1:colcon.colcon_core.environment:checking '/home/lzy/lbot_ws/install/lbot_camera_motion' for CMake config files
[4.864s] Level 1:colcon.colcon_core.shell:create_environment_hook('lbot_camera_motion', 'cmake_prefix_path')
[4.864s] INFO:colcon.colcon_core.shell:Creating environment hook '/home/lzy/lbot_ws/install/lbot_camera_motion/share/lbot_camera_motion/hook/cmake_prefix_path.ps1'
[4.864s] INFO:colcon.colcon_core.shell:Creating environment descriptor '/home/lzy/lbot_ws/install/lbot_camera_motion/share/lbot_camera_motion/hook/cmake_prefix_path.dsv'
[4.864s] INFO:colcon.colcon_core.shell:Creating environment hook '/home/lzy/lbot_ws/install/lbot_camera_motion/share/lbot_camera_motion/hook/cmake_prefix_path.sh'
[4.865s] Level 1:colcon.colcon_core.environment:checking '/home/lzy/lbot_ws/install/lbot_camera_motion/lib'
[4.865s] Level 1:colcon.colcon_core.environment:checking '/home/lzy/lbot_ws/install/lbot_camera_motion/bin'
[4.865s] Level 1:colcon.colcon_core.environment:checking '/home/lzy/lbot_ws/install/lbot_camera_motion/lib/pkgconfig/lbot_camera_motion.pc'
[4.865s] Level 1:colcon.colcon_core.environment:checking '/home/lzy/lbot_ws/install/lbot_camera_motion/lib/python3.12/site-packages'
[4.865s] Level 1:colcon.colcon_core.environment:checking '/home/lzy/lbot_ws/install/lbot_camera_motion/bin'
[4.865s] INFO:colcon.colcon_core.shell:Creating package script '/home/lzy/lbot_ws/install/lbot_camera_motion/share/lbot_camera_motion/package.ps1'
[4.865s] INFO:colcon.colcon_core.shell:Creating package descriptor '/home/lzy/lbot_ws/install/lbot_camera_motion/share/lbot_camera_motion/package.dsv'
[4.866s] INFO:colcon.colcon_core.shell:Creating package script '/home/lzy/lbot_ws/install/lbot_camera_motion/share/lbot_camera_motion/package.sh'
[4.866s] INFO:colcon.colcon_core.shell:Creating package script '/home/lzy/lbot_ws/install/lbot_camera_motion/share/lbot_camera_motion/package.bash'
[4.866s] INFO:colcon.colcon_core.shell:Creating package script '/home/lzy/lbot_ws/install/lbot_camera_motion/share/lbot_camera_motion/package.zsh'
[4.866s] Level 1:colcon.colcon_core.environment:create_file_with_runtime_dependencies(/home/lzy/lbot_ws/install/lbot_camera_motion/share/colcon-core/packages/lbot_camera_motion)
[4.867s] Level 1:colcon.colcon_core.environment:create_environment_scripts_only(lbot_camera_motion)
[4.867s] Level 1:colcon.colcon_core.environment:checking '/home/lzy/lbot_ws/install/lbot_camera_motion' for CMake module files
[4.867s] Level 1:colcon.colcon_core.environment:checking '/home/lzy/lbot_ws/install/lbot_camera_motion' for CMake config files
[4.867s] Level 1:colcon.colcon_core.shell:create_environment_hook('lbot_camera_motion', 'cmake_prefix_path')
[4.867s] INFO:colcon.colcon_core.shell:Creating environment hook '/home/lzy/lbot_ws/install/lbot_camera_motion/share/lbot_camera_motion/hook/cmake_prefix_path.ps1'
[4.867s] INFO:colcon.colcon_core.shell:Creating environment descriptor '/home/lzy/lbot_ws/install/lbot_camera_motion/share/lbot_camera_motion/hook/cmake_prefix_path.dsv'
[4.867s] INFO:colcon.colcon_core.shell:Creating environment hook '/home/lzy/lbot_ws/install/lbot_camera_motion/share/lbot_camera_motion/hook/cmake_prefix_path.sh'
[4.867s] Level 1:colcon.colcon_core.environment:checking '/home/lzy/lbot_ws/install/lbot_camera_motion/lib'
[4.867s] Level 1:colcon.colcon_core.environment:checking '/home/lzy/lbot_ws/install/lbot_camera_motion/bin'
[4.867s] Level 1:colcon.colcon_core.environment:checking '/home/lzy/lbot_ws/install/lbot_camera_motion/lib/pkgconfig/lbot_camera_motion.pc'
[4.867s] Level 1:colcon.colcon_core.environment:checking '/home/lzy/lbot_ws/install/lbot_camera_motion/lib/python3.12/site-packages'
[4.868s] Level 1:colcon.colcon_core.environment:checking '/home/lzy/lbot_ws/install/lbot_camera_motion/bin'
[4.868s] INFO:colcon.colcon_core.shell:Creating package script '/home/lzy/lbot_ws/install/lbot_camera_motion/share/lbot_camera_motion/package.ps1'
[4.868s] INFO:colcon.colcon_core.shell:Creating package descriptor '/home/lzy/lbot_ws/install/lbot_camera_motion/share/lbot_camera_motion/package.dsv'
[4.868s] INFO:colcon.colcon_core.shell:Creating package script '/home/lzy/lbot_ws/install/lbot_camera_motion/share/lbot_camera_motion/package.sh'
[4.868s] INFO:colcon.colcon_core.shell:Creating package script '/home/lzy/lbot_ws/install/lbot_camera_motion/share/lbot_camera_motion/package.bash'
[4.868s] INFO:colcon.colcon_core.shell:Creating package script '/home/lzy/lbot_ws/install/lbot_camera_motion/share/lbot_camera_motion/package.zsh'
[4.868s] Level 1:colcon.colcon_core.environment:create_file_with_runtime_dependencies(/home/lzy/lbot_ws/install/lbot_camera_motion/share/colcon-core/packages/lbot_camera_motion)
[4.869s] DEBUG:colcon.colcon_parallel_executor.executor.parallel:closing loop
[4.869s] DEBUG:colcon.colcon_parallel_executor.executor.parallel:loop closed
[4.869s] DEBUG:colcon.colcon_parallel_executor.executor.parallel:run_until_complete finished with '0'
[4.869s] DEBUG:colcon.colcon_core.event_reactor:joining thread
[4.871s] INFO:colcon.colcon_core.plugin_system:Skipping extension 'colcon_notification.desktop_notification.terminal_notifier': Not used on non-Darwin systems
[4.871s] INFO:colcon.colcon_core.plugin_system:Skipping extension 'colcon_notification.desktop_notification.win32': Not used on non-Windows systems
[4.871s] INFO:colcon.colcon_notification.desktop_notification:Sending desktop notification using 'notify2'
[4.871s] DEBUG:colcon.colcon_notification.desktop_notification.notify2:Failed to initialize notify2: org.freedesktop.DBus.Error.AccessDenied: Failed to connect to socket /run/user/1000/bus: Operation not permitted
[4.871s] DEBUG:colcon.colcon_core.event_reactor:joined thread
[4.871s] INFO:colcon.colcon_core.shell:Creating prefix script '/home/lzy/lbot_ws/install/local_setup.ps1'
[4.872s] INFO:colcon.colcon_core.shell:Creating prefix util module '/home/lzy/lbot_ws/install/_local_setup_util_ps1.py'
[4.872s] INFO:colcon.colcon_core.shell:Creating prefix chain script '/home/lzy/lbot_ws/install/setup.ps1'
[4.873s] INFO:colcon.colcon_core.shell:Creating prefix script '/home/lzy/lbot_ws/install/local_setup.sh'
[4.873s] INFO:colcon.colcon_core.shell:Creating prefix util module '/home/lzy/lbot_ws/install/_local_setup_util_sh.py'
[4.873s] INFO:colcon.colcon_core.shell:Creating prefix chain script '/home/lzy/lbot_ws/install/setup.sh'
[4.873s] INFO:colcon.colcon_core.shell:Creating prefix script '/home/lzy/lbot_ws/install/local_setup.bash'
[4.874s] INFO:colcon.colcon_core.shell:Creating prefix chain script '/home/lzy/lbot_ws/install/setup.bash'
[4.874s] INFO:colcon.colcon_core.shell:Creating prefix script '/home/lzy/lbot_ws/install/local_setup.zsh'
[4.874s] INFO:colcon.colcon_core.shell:Creating prefix chain script '/home/lzy/lbot_ws/install/setup.zsh'
