[0.062s] Invoking command in '/home/lzy/lbot_ws/build/lbot_motion': AMENT_PREFIX_PATH=/home/lzy/lbot_ws/install/lbot_arm_interfaces:${AMENT_PREFIX_PATH} CMAKE_PREFIX_PATH=/home/lzy/lbot_ws/install/lbot_arm_interfaces:/opt/ros/jazzy/opt/gz_math_vendor:/opt/ros/jazzy/opt/gz_utils_vendor:/opt/ros/jazzy/opt/gz_cmake_vendor:/opt/ros/jazzy LD_LIBRARY_PATH=/home/lzy/lbot_ws/install/lbot_arm_interfaces/lib:${LD_LIBRARY_PATH} PYTHONPATH=/home/lzy/lbot_ws/install/lbot_arm_interfaces/lib/python3.12/site-packages:${PYTHONPATH} /usr/bin/cmake --build /home/lzy/lbot_ws/build/lbot_motion -- -j24 -l24
[0.089s] [ 66%] Built target lbot_motion
[0.101s] [100%] Built target motion_demo_node
[0.106s] Invoked command in '/home/lzy/lbot_ws/build/lbot_motion' returned '0': AMENT_PREFIX_PATH=/home/lzy/lbot_ws/install/lbot_arm_interfaces:${AMENT_PREFIX_PATH} CMAKE_PREFIX_PATH=/home/lzy/lbot_ws/install/lbot_arm_interfaces:/opt/ros/jazzy/opt/gz_math_vendor:/opt/ros/jazzy/opt/gz_utils_vendor:/opt/ros/jazzy/opt/gz_cmake_vendor:/opt/ros/jazzy LD_LIBRARY_PATH=/home/lzy/lbot_ws/install/lbot_arm_interfaces/lib:${LD_LIBRARY_PATH} PYTHONPATH=/home/lzy/lbot_ws/install/lbot_arm_interfaces/lib/python3.12/site-packages:${PYTHONPATH} /usr/bin/cmake --build /home/lzy/lbot_ws/build/lbot_motion -- -j24 -l24
[0.111s] Invoking command in '/home/lzy/lbot_ws/build/lbot_motion': AMENT_PREFIX_PATH=/home/lzy/lbot_ws/install/lbot_arm_interfaces:${AMENT_PREFIX_PATH} CMAKE_PREFIX_PATH=/home/lzy/lbot_ws/install/lbot_arm_interfaces:/opt/ros/jazzy/opt/gz_math_vendor:/opt/ros/jazzy/opt/gz_utils_vendor:/opt/ros/jazzy/opt/gz_cmake_vendor:/opt/ros/jazzy LD_LIBRARY_PATH=/home/lzy/lbot_ws/install/lbot_arm_interfaces/lib:${LD_LIBRARY_PATH} PYTHONPATH=/home/lzy/lbot_ws/install/lbot_arm_interfaces/lib/python3.12/site-packages:${PYTHONPATH} /usr/bin/cmake --install /home/lzy/lbot_ws/build/lbot_motion
[0.114s] -- Install configuration: ""
[0.114s] -- Up-to-date: /home/lzy/lbot_ws/install/lbot_motion/lib/liblbot_motion.so
[0.114s] -- Up-to-date: /home/lzy/lbot_ws/install/lbot_motion/lib/lbot_motion/motion_demo_node
[0.114s] -- Up-to-date: /home/lzy/lbot_ws/install/lbot_motion/include
[0.114s] -- Up-to-date: /home/lzy/lbot_ws/install/lbot_motion/include/lbot_motion
[0.114s] -- Up-to-date: /home/lzy/lbot_ws/install/lbot_motion/include/lbot_motion/motion_planner.hpp
[0.114s] -- Up-to-date: /home/lzy/lbot_ws/install/lbot_motion/include/lbot_motion/motion_device.hpp
[0.114s] -- Up-to-date: /home/lzy/lbot_ws/install/lbot_motion/include/lbot_motion/camera_motion_plan.hpp
[0.115s] -- Up-to-date: /home/lzy/lbot_ws/install/lbot_motion/share/lbot_motion/launch
[0.115s] -- Up-to-date: /home/lzy/lbot_ws/install/lbot_motion/share/lbot_motion/launch/motion_demo.launch.py
[0.115s] -- Up-to-date: /home/lzy/lbot_ws/install/lbot_motion/share/lbot_motion/config
[0.115s] -- Up-to-date: /home/lzy/lbot_ws/install/lbot_motion/share/lbot_motion/config/motion_demo.yaml
[0.115s] -- Installing: /home/lzy/lbot_ws/install/lbot_motion/share/lbot_motion/README.md
[0.115s] -- Up-to-date: /home/lzy/lbot_ws/install/lbot_motion/share/lbot_motion/environment/library_path.sh
[0.115s] -- Up-to-date: /home/lzy/lbot_ws/install/lbot_motion/share/lbot_motion/environment/library_path.dsv
[0.115s] -- Up-to-date: /home/lzy/lbot_ws/install/lbot_motion/share/ament_index/resource_index/package_run_dependencies/lbot_motion
[0.115s] -- Up-to-date: /home/lzy/lbot_ws/install/lbot_motion/share/ament_index/resource_index/parent_prefix_path/lbot_motion
[0.115s] -- Up-to-date: /home/lzy/lbot_ws/install/lbot_motion/share/lbot_motion/environment/ament_prefix_path.sh
[0.115s] -- Up-to-date: /home/lzy/lbot_ws/install/lbot_motion/share/lbot_motion/environment/ament_prefix_path.dsv
[0.115s] -- Up-to-date: /home/lzy/lbot_ws/install/lbot_motion/share/lbot_motion/environment/path.sh
[0.115s] -- Up-to-date: /home/lzy/lbot_ws/install/lbot_motion/share/lbot_motion/environment/path.dsv
[0.115s] -- Up-to-date: /home/lzy/lbot_ws/install/lbot_motion/share/lbot_motion/local_setup.bash
[0.115s] -- Up-to-date: /home/lzy/lbot_ws/install/lbot_motion/share/lbot_motion/local_setup.sh
[0.115s] -- Up-to-date: /home/lzy/lbot_ws/install/lbot_motion/share/lbot_motion/local_setup.zsh
[0.115s] -- Up-to-date: /home/lzy/lbot_ws/install/lbot_motion/share/lbot_motion/local_setup.dsv
[0.115s] -- Installing: /home/lzy/lbot_ws/install/lbot_motion/share/lbot_motion/package.dsv
[0.115s] -- Up-to-date: /home/lzy/lbot_ws/install/lbot_motion/share/ament_index/resource_index/packages/lbot_motion
[0.115s] -- Up-to-date: /home/lzy/lbot_ws/install/lbot_motion/share/lbot_motion/cmake/ament_cmake_export_include_directories-extras.cmake
[0.115s] -- Up-to-date: /home/lzy/lbot_ws/install/lbot_motion/share/lbot_motion/cmake/ament_cmake_export_libraries-extras.cmake
[0.115s] -- Up-to-date: /home/lzy/lbot_ws/install/lbot_motion/share/lbot_motion/cmake/ament_cmake_export_dependencies-extras.cmake
[0.115s] -- Up-to-date: /home/lzy/lbot_ws/install/lbot_motion/share/lbot_motion/cmake/lbot_motionConfig.cmake
[0.115s] -- Up-to-date: /home/lzy/lbot_ws/install/lbot_motion/share/lbot_motion/cmake/lbot_motionConfig-version.cmake
[0.115s] -- Up-to-date: /home/lzy/lbot_ws/install/lbot_motion/share/lbot_motion/package.xml
[0.116s] Invoked command in '/home/lzy/lbot_ws/build/lbot_motion' returned '0': AMENT_PREFIX_PATH=/home/lzy/lbot_ws/install/lbot_arm_interfaces:${AMENT_PREFIX_PATH} CMAKE_PREFIX_PATH=/home/lzy/lbot_ws/install/lbot_arm_interfaces:/opt/ros/jazzy/opt/gz_math_vendor:/opt/ros/jazzy/opt/gz_utils_vendor:/opt/ros/jazzy/opt/gz_cmake_vendor:/opt/ros/jazzy LD_LIBRARY_PATH=/home/lzy/lbot_ws/install/lbot_arm_interfaces/lib:${LD_LIBRARY_PATH} PYTHONPATH=/home/lzy/lbot_ws/install/lbot_arm_interfaces/lib/python3.12/site-packages:${PYTHONPATH} /usr/bin/cmake --install /home/lzy/lbot_ws/build/lbot_motion
