[  1%] Built target lbot_arm_interfaces__rosidl_generator_type_description
[  2%] Built target lbot_arm_interfaces__rs
[  2%] Built target lbot_arm_interfaces__cpp
[  2%] Built target ament_cmake_python_copy_lbot_arm_interfaces
[ 30%] Built target lbot_arm_interfaces__rosidl_generator_c
[ 40%] Built target lbot_arm_interfaces__rosidl_typesupport_c
[ 50%] Built target lbot_arm_interfaces__rosidl_typesupport_introspection_c
[ 59%] Built target lbot_arm_interfaces__rosidl_typesupport_introspection_cpp
[ 68%] Built target lbot_arm_interfaces__rosidl_typesupport_cpp
[ 78%] Built target lbot_arm_interfaces__rosidl_typesupport_fastrtps_cpp
[ 88%] Built target lbot_arm_interfaces__rosidl_typesupport_fastrtps_c
[ 88%] Built target lbot_arm_interfaces
[ 88%] Built target lbot_arm_interfaces__py
[ 97%] Built target lbot_arm_interfaces__rosidl_generator_py
[100%] Built target lbot_arm_interfaces_s__rosidl_typesupport_fastrtps_c
[100%] Built target lbot_arm_interfaces_s__rosidl_typesupport_introspection_c
[100%] Built target lbot_arm_interfaces_s__rosidl_typesupport_c
running egg_info
writing lbot_arm_interfaces.egg-info/PKG-INFO
writing dependency_links to lbot_arm_interfaces.egg-info/dependency_links.txt
writing top-level names to lbot_arm_interfaces.egg-info/top_level.txt
reading manifest file 'lbot_arm_interfaces.egg-info/SOURCES.txt'
writing manifest file 'lbot_arm_interfaces.egg-info/SOURCES.txt'
[100%] Built target ament_cmake_python_build_lbot_arm_interfaces_egg
-- Install configuration: ""
-- Up-to-date: /home/lzy/lbot_ws/install/lbot_arm_interfaces/share/ament_index/resource_index/rosidl_interfaces/lbot_arm_interfaces
-- Up-to-date: /home/lzy/lbot_ws/install/lbot_arm_interfaces/share/lbot_arm_interfaces/srv/MoveJ.json
-- Up-to-date: /home/lzy/lbot_ws/install/lbot_arm_interfaces/share/lbot_arm_interfaces/srv/MoveL.json
-- Up-to-date: /home/lzy/lbot_ws/install/lbot_arm_interfaces/share/lbot_arm_interfaces/srv/MoveC.json
-- Up-to-date: /home/lzy/lbot_ws/install/lbot_arm_interfaces/share/lbot_arm_interfaces/srv/MoveJP.json
-- Up-to-date: /home/lzy/lbot_ws/install/lbot_arm_interfaces/share/lbot_arm_interfaces/srv/InverseKinematics.json
-- Up-to-date: /home/lzy/lbot_ws/install/lbot_arm_interfaces/share/lbot_arm_interfaces/srv/ForwardKinematics.json
-- Up-to-date: /home/lzy/lbot_ws/install/lbot_arm_interfaces/share/lbot_arm_interfaces/srv/SetFrame.json
-- Up-to-date: /home/lzy/lbot_ws/install/lbot_arm_interfaces/share/lbot_arm_interfaces/srv/SetString.json
-- Up-to-date: /home/lzy/lbot_ws/install/lbot_arm_interfaces/share/lbot_arm_interfaces/srv/GetFrame.json
-- Up-to-date: /home/lzy/lbot_ws/install/lbot_arm_interfaces/share/lbot_arm_interfaces/srv/GetCurrentFrame.json
-- Up-to-date: /home/lzy/lbot_ws/install/lbot_arm_interfaces/share/lbot_arm_interfaces/srv/ChangeFrame.json
-- Up-to-date: /home/lzy/lbot_ws/install/lbot_arm_interfaces/share/lbot_arm_interfaces/srv/DeleteFrame.json
-- Up-to-date: /home/lzy/lbot_ws/install/lbot_arm_interfaces/share/lbot_arm_interfaces/srv/GetAllFrames.json
-- Up-to-date: /home/lzy/lbot_ws/install/lbot_arm_interfaces/share/lbot_arm_interfaces/srv/SetZero.json
-- Up-to-date: /home/lzy/lbot_ws/install/lbot_arm_interfaces/share/lbot_arm_interfaces/srv/SetEmergency.json
-- Up-to-date: /home/lzy/lbot_ws/install/lbot_arm_interfaces/share/lbot_arm_interfaces/srv/SetEnable.json
-- Up-to-date: /home/lzy/lbot_ws/install/lbot_arm_interfaces/share/lbot_arm_interfaces/msg/ArmState.json
-- Up-to-date: /home/lzy/lbot_ws/install/lbot_arm_interfaces/share/lbot_arm_interfaces/msg/LbotPose.json
-- Up-to-date: /home/lzy/lbot_ws/install/lbot_arm_interfaces/share/lbot_arm_interfaces/msg/LbotFrame.json
-- Up-to-date: /home/lzy/lbot_ws/install/lbot_arm_interfaces/share/lbot_arm_interfaces/msg/FollowJoint.json
-- Up-to-date: /home/lzy/lbot_ws/install/lbot_arm_interfaces/include/lbot_arm_interfaces/lbot_arm_interfaces
-- Up-to-date: /home/lzy/lbot_ws/install/lbot_arm_interfaces/include/lbot_arm_interfaces/lbot_arm_interfaces/msg
-- Up-to-date: /home/lzy/lbot_ws/install/lbot_arm_interfaces/include/lbot_arm_interfaces/lbot_arm_interfaces/msg/detail
-- Up-to-date: /home/lzy/lbot_ws/install/lbot_arm_interfaces/include/lbot_arm_interfaces/lbot_arm_interfaces/msg/detail/lbot_frame__functions.h
-- Up-to-date: /home/lzy/lbot_ws/install/lbot_arm_interfaces/include/lbot_arm_interfaces/lbot_arm_interfaces/msg/detail/arm_state__type_support.h
-- Up-to-date: /home/lzy/lbot_ws/install/lbot_arm_interfaces/include/lbot_arm_interfaces/lbot_arm_interfaces/msg/detail/arm_state__type_support.c
-- Up-to-date: /home/lzy/lbot_ws/install/lbot_arm_interfaces/include/lbot_arm_interfaces/lbot_arm_interfaces/msg/detail/lbot_pose__struct.h
-- Up-to-date: /home/lzy/lbot_ws/install/lbot_arm_interfaces/include/lbot_arm_interfaces/lbot_arm_interfaces/msg/detail/arm_state__functions.c
-- Up-to-date: /home/lzy/lbot_ws/install/lbot_arm_interfaces/include/lbot_arm_interfaces/lbot_arm_interfaces/msg/detail/arm_state__functions.h
-- Up-to-date: /home/lzy/lbot_ws/install/lbot_arm_interfaces/include/lbot_arm_interfaces/lbot_arm_interfaces/msg/detail/follow_joint__functions.c
-- Up-to-date: /home/lzy/lbot_ws/install/lbot_arm_interfaces/include/lbot_arm_interfaces/lbot_arm_interfaces/msg/detail/follow_joint__type_support.h
-- Up-to-date: /home/lzy/lbot_ws/install/lbot_arm_interfaces/include/lbot_arm_interfaces/lbot_arm_interfaces/msg/detail/lbot_pose__type_support.h
-- Up-to-date: /home/lzy/lbot_ws/install/lbot_arm_interfaces/include/lbot_arm_interfaces/lbot_arm_interfaces/msg/detail/lbot_frame__type_support.h
-- Up-to-date: /home/lzy/lbot_ws/install/lbot_arm_interfaces/include/lbot_arm_interfaces/lbot_arm_interfaces/msg/detail/follow_joint__type_support.c
-- Up-to-date: /home/lzy/lbot_ws/install/lbot_arm_interfaces/include/lbot_arm_interfaces/lbot_arm_interfaces/msg/detail/lbot_frame__functions.c
-- Up-to-date: /home/lzy/lbot_ws/install/lbot_arm_interfaces/include/lbot_arm_interfaces/lbot_arm_interfaces/msg/detail/lbot_pose__description.c
-- Up-to-date: /home/lzy/lbot_ws/install/lbot_arm_interfaces/include/lbot_arm_interfaces/lbot_arm_interfaces/msg/detail/lbot_frame__description.c
-- Up-to-date: /home/lzy/lbot_ws/install/lbot_arm_interfaces/include/lbot_arm_interfaces/lbot_arm_interfaces/msg/detail/arm_state__description.c
-- Up-to-date: /home/lzy/lbot_ws/install/lbot_arm_interfaces/include/lbot_arm_interfaces/lbot_arm_interfaces/msg/detail/follow_joint__description.c
-- Up-to-date: /home/lzy/lbot_ws/install/lbot_arm_interfaces/include/lbot_arm_interfaces/lbot_arm_interfaces/msg/detail/lbot_pose__functions.c
-- Up-to-date: /home/lzy/lbot_ws/install/lbot_arm_interfaces/include/lbot_arm_interfaces/lbot_arm_interfaces/msg/detail/lbot_pose__type_support.c
-- Up-to-date: /home/lzy/lbot_ws/install/lbot_arm_interfaces/include/lbot_arm_interfaces/lbot_arm_interfaces/msg/detail/follow_joint__struct.h
-- Up-to-date: /home/lzy/lbot_ws/install/lbot_arm_interfaces/include/lbot_arm_interfaces/lbot_arm_interfaces/msg/detail/lbot_frame__type_support.c
-- Up-to-date: /home/lzy/lbot_ws/install/lbot_arm_interfaces/include/lbot_arm_interfaces/lbot_arm_interfaces/msg/detail/follow_joint__functions.h
-- Up-to-date: /home/lzy/lbot_ws/install/lbot_arm_interfaces/include/lbot_arm_interfaces/lbot_arm_interfaces/msg/detail/lbot_frame__struct.h
-- Up-to-date: /home/lzy/lbot_ws/install/lbot_arm_interfaces/include/lbot_arm_interfaces/lbot_arm_interfaces/msg/detail/arm_state__struct.h
-- Up-to-date: /home/lzy/lbot_ws/install/lbot_arm_interfaces/include/lbot_arm_interfaces/lbot_arm_interfaces/msg/detail/lbot_pose__functions.h
-- Up-to-date: /home/lzy/lbot_ws/install/lbot_arm_interfaces/include/lbot_arm_interfaces/lbot_arm_interfaces/msg/rosidl_generator_c__visibility_control.h
-- Up-to-date: /home/lzy/lbot_ws/install/lbot_arm_interfaces/include/lbot_arm_interfaces/lbot_arm_interfaces/msg/lbot_frame.h
-- Up-to-date: /home/lzy/lbot_ws/install/lbot_arm_interfaces/include/lbot_arm_interfaces/lbot_arm_interfaces/msg/follow_joint.h
-- Up-to-date: /home/lzy/lbot_ws/install/lbot_arm_interfaces/include/lbot_arm_interfaces/lbot_arm_interfaces/msg/lbot_pose.h
-- Up-to-date: /home/lzy/lbot_ws/install/lbot_arm_interfaces/include/lbot_arm_interfaces/lbot_arm_interfaces/msg/arm_state.h
-- Up-to-date: /home/lzy/lbot_ws/install/lbot_arm_interfaces/include/lbot_arm_interfaces/lbot_arm_interfaces/srv
-- Up-to-date: /home/lzy/lbot_ws/install/lbot_arm_interfaces/include/lbot_arm_interfaces/lbot_arm_interfaces/srv/set_frame.h
-- Up-to-date: /home/lzy/lbot_ws/install/lbot_arm_interfaces/include/lbot_arm_interfaces/lbot_arm_interfaces/srv/change_frame.h
-- Up-to-date: /home/lzy/lbot_ws/install/lbot_arm_interfaces/include/lbot_arm_interfaces/lbot_arm_interfaces/srv/detail
-- Up-to-date: /home/lzy/lbot_ws/install/lbot_arm_interfaces/include/lbot_arm_interfaces/lbot_arm_interfaces/srv/detail/move_l__type_support.c
-- Up-to-date: /home/lzy/lbot_ws/install/lbot_arm_interfaces/include/lbot_arm_interfaces/lbot_arm_interfaces/srv/detail/move_c__struct.h
-- Up-to-date: /home/lzy/lbot_ws/install/lbot_arm_interfaces/include/lbot_arm_interfaces/lbot_arm_interfaces/srv/detail/set_emergency__functions.c
-- Up-to-date: /home/lzy/lbot_ws/install/lbot_arm_interfaces/include/lbot_arm_interfaces/lbot_arm_interfaces/srv/detail/change_frame__description.c
-- Up-to-date: /home/lzy/lbot_ws/install/lbot_arm_interfaces/include/lbot_arm_interfaces/lbot_arm_interfaces/srv/detail/set_emergency__functions.h
-- Up-to-date: /home/lzy/lbot_ws/install/lbot_arm_interfaces/include/lbot_arm_interfaces/lbot_arm_interfaces/srv/detail/forward_kinematics__struct.h
-- Up-to-date: /home/lzy/lbot_ws/install/lbot_arm_interfaces/include/lbot_arm_interfaces/lbot_arm_interfaces/srv/detail/move_l__functions.h
-- Up-to-date: /home/lzy/lbot_ws/install/lbot_arm_interfaces/include/lbot_arm_interfaces/lbot_arm_interfaces/srv/detail/change_frame__type_support.c
-- Up-to-date: /home/lzy/lbot_ws/install/lbot_arm_interfaces/include/lbot_arm_interfaces/lbot_arm_interfaces/srv/detail/change_frame__struct.h
-- Up-to-date: /home/lzy/lbot_ws/install/lbot_arm_interfaces/include/lbot_arm_interfaces/lbot_arm_interfaces/srv/detail/get_current_frame__type_support.h
-- Up-to-date: /home/lzy/lbot_ws/install/lbot_arm_interfaces/include/lbot_arm_interfaces/lbot_arm_interfaces/srv/detail/get_current_frame__struct.h
-- Up-to-date: /home/lzy/lbot_ws/install/lbot_arm_interfaces/include/lbot_arm_interfaces/lbot_arm_interfaces/srv/detail/set_string__description.c
-- Up-to-date: /home/lzy/lbot_ws/install/lbot_arm_interfaces/include/lbot_arm_interfaces/lbot_arm_interfaces/srv/detail/inverse_kinematics__functions.h
-- Up-to-date: /home/lzy/lbot_ws/install/lbot_arm_interfaces/include/lbot_arm_interfaces/lbot_arm_interfaces/srv/detail/move_j__struct.h
-- Up-to-date: /home/lzy/lbot_ws/install/lbot_arm_interfaces/include/lbot_arm_interfaces/lbot_arm_interfaces/srv/detail/get_frame__functions.h
-- Up-to-date: /home/lzy/lbot_ws/install/lbot_arm_interfaces/include/lbot_arm_interfaces/lbot_arm_interfaces/srv/detail/delete_frame__description.c
-- Up-to-date: /home/lzy/lbot_ws/install/lbot_arm_interfaces/include/lbot_arm_interfaces/lbot_arm_interfaces/srv/detail/get_all_frames__type_support.h
-- Up-to-date: /home/lzy/lbot_ws/install/lbot_arm_interfaces/include/lbot_arm_interfaces/lbot_arm_interfaces/srv/detail/move_l__functions.c
-- Up-to-date: /home/lzy/lbot_ws/install/lbot_arm_interfaces/include/lbot_arm_interfaces/lbot_arm_interfaces/srv/detail/get_frame__functions.c
-- Up-to-date: /home/lzy/lbot_ws/install/lbot_arm_interfaces/include/lbot_arm_interfaces/lbot_arm_interfaces/srv/detail/move_c__functions.h
-- Up-to-date: /home/lzy/lbot_ws/install/lbot_arm_interfaces/include/lbot_arm_interfaces/lbot_arm_interfaces/srv/detail/forward_kinematics__functions.h
-- Up-to-date: /home/lzy/lbot_ws/install/lbot_arm_interfaces/include/lbot_arm_interfaces/lbot_arm_interfaces/srv/detail/inverse_kinematics__struct.h
-- Up-to-date: /home/lzy/lbot_ws/install/lbot_arm_interfaces/include/lbot_arm_interfaces/lbot_arm_interfaces/srv/detail/inverse_kinematics__description.c
-- Up-to-date: /home/lzy/lbot_ws/install/lbot_arm_interfaces/include/lbot_arm_interfaces/lbot_arm_interfaces/srv/detail/get_current_frame__description.c
-- Up-to-date: /home/lzy/lbot_ws/install/lbot_arm_interfaces/include/lbot_arm_interfaces/lbot_arm_interfaces/srv/detail/set_enable__description.c
-- Up-to-date: /home/lzy/lbot_ws/install/lbot_arm_interfaces/include/lbot_arm_interfaces/lbot_arm_interfaces/srv/detail/get_current_frame__functions.c
-- Up-to-date: /home/lzy/lbot_ws/install/lbot_arm_interfaces/include/lbot_arm_interfaces/lbot_arm_interfaces/srv/detail/move_jp__struct.h
-- Up-to-date: /home/lzy/lbot_ws/install/lbot_arm_interfaces/include/lbot_arm_interfaces/lbot_arm_interfaces/srv/detail/set_frame__description.c
-- Up-to-date: /home/lzy/lbot_ws/install/lbot_arm_interfaces/include/lbot_arm_interfaces/lbot_arm_interfaces/srv/detail/set_zero__type_support.h
-- Up-to-date: /home/lzy/lbot_ws/install/lbot_arm_interfaces/include/lbot_arm_interfaces/lbot_arm_interfaces/srv/detail/move_l__type_support.h
-- Up-to-date: /home/lzy/lbot_ws/install/lbot_arm_interfaces/include/lbot_arm_interfaces/lbot_arm_interfaces/srv/detail/set_enable__type_support.h
-- Up-to-date: /home/lzy/lbot_ws/install/lbot_arm_interfaces/include/lbot_arm_interfaces/lbot_arm_interfaces/srv/detail/inverse_kinematics__type_support.h
-- Up-to-date: /home/lzy/lbot_ws/install/lbot_arm_interfaces/include/lbot_arm_interfaces/lbot_arm_interfaces/srv/detail/move_l__struct.h
-- Up-to-date: /home/lzy/lbot_ws/install/lbot_arm_interfaces/include/lbot_arm_interfaces/lbot_arm_interfaces/srv/detail/forward_kinematics__type_support.c
-- Up-to-date: /home/lzy/lbot_ws/install/lbot_arm_interfaces/include/lbot_arm_interfaces/lbot_arm_interfaces/srv/detail/set_zero__functions.c
-- Up-to-date: /home/lzy/lbot_ws/install/lbot_arm_interfaces/include/lbot_arm_interfaces/lbot_arm_interfaces/srv/detail/get_all_frames__type_support.c
-- Up-to-date: /home/lzy/lbot_ws/install/lbot_arm_interfaces/include/lbot_arm_interfaces/lbot_arm_interfaces/srv/detail/move_c__functions.c
-- Up-to-date: /home/lzy/lbot_ws/install/lbot_arm_interfaces/include/lbot_arm_interfaces/lbot_arm_interfaces/srv/detail/set_frame__struct.h
-- Up-to-date: /home/lzy/lbot_ws/install/lbot_arm_interfaces/include/lbot_arm_interfaces/lbot_arm_interfaces/srv/detail/move_j__description.c
-- Up-to-date: /home/lzy/lbot_ws/install/lbot_arm_interfaces/include/lbot_arm_interfaces/lbot_arm_interfaces/srv/detail/get_frame__struct.h
-- Up-to-date: /home/lzy/lbot_ws/install/lbot_arm_interfaces/include/lbot_arm_interfaces/lbot_arm_interfaces/srv/detail/set_frame__type_support.c
-- Up-to-date: /home/lzy/lbot_ws/install/lbot_arm_interfaces/include/lbot_arm_interfaces/lbot_arm_interfaces/srv/detail/move_jp__type_support.c
-- Up-to-date: /home/lzy/lbot_ws/install/lbot_arm_interfaces/include/lbot_arm_interfaces/lbot_arm_interfaces/srv/detail/set_emergency__type_support.h
-- Up-to-date: /home/lzy/lbot_ws/install/lbot_arm_interfaces/include/lbot_arm_interfaces/lbot_arm_interfaces/srv/detail/get_all_frames__functions.h
-- Up-to-date: /home/lzy/lbot_ws/install/lbot_arm_interfaces/include/lbot_arm_interfaces/lbot_arm_interfaces/srv/detail/move_c__description.c
-- Up-to-date: /home/lzy/lbot_ws/install/lbot_arm_interfaces/include/lbot_arm_interfaces/lbot_arm_interfaces/srv/detail/forward_kinematics__functions.c
-- Up-to-date: /home/lzy/lbot_ws/install/lbot_arm_interfaces/include/lbot_arm_interfaces/lbot_arm_interfaces/srv/detail/set_emergency__struct.h
-- Up-to-date: /home/lzy/lbot_ws/install/lbot_arm_interfaces/include/lbot_arm_interfaces/lbot_arm_interfaces/srv/detail/move_j__functions.c
-- Up-to-date: /home/lzy/lbot_ws/install/lbot_arm_interfaces/include/lbot_arm_interfaces/lbot_arm_interfaces/srv/detail/get_current_frame__functions.h
-- Up-to-date: /home/lzy/lbot_ws/install/lbot_arm_interfaces/include/lbot_arm_interfaces/lbot_arm_interfaces/srv/detail/change_frame__functions.h
-- Up-to-date: /home/lzy/lbot_ws/install/lbot_arm_interfaces/include/lbot_arm_interfaces/lbot_arm_interfaces/srv/detail/move_jp__functions.h
-- Up-to-date: /home/lzy/lbot_ws/install/lbot_arm_interfaces/include/lbot_arm_interfaces/lbot_arm_interfaces/srv/detail/inverse_kinematics__type_support.c
-- Up-to-date: /home/lzy/lbot_ws/install/lbot_arm_interfaces/include/lbot_arm_interfaces/lbot_arm_interfaces/srv/detail/set_string__type_support.h
-- Up-to-date: /home/lzy/lbot_ws/install/lbot_arm_interfaces/include/lbot_arm_interfaces/lbot_arm_interfaces/srv/detail/move_jp__functions.c
-- Up-to-date: /home/lzy/lbot_ws/install/lbot_arm_interfaces/include/lbot_arm_interfaces/lbot_arm_interfaces/srv/detail/delete_frame__type_support.h
-- Up-to-date: /home/lzy/lbot_ws/install/lbot_arm_interfaces/include/lbot_arm_interfaces/lbot_arm_interfaces/srv/detail/set_frame__functions.h
-- Up-to-date: /home/lzy/lbot_ws/install/lbot_arm_interfaces/include/lbot_arm_interfaces/lbot_arm_interfaces/srv/detail/get_frame__description.c
-- Up-to-date: /home/lzy/lbot_ws/install/lbot_arm_interfaces/include/lbot_arm_interfaces/lbot_arm_interfaces/srv/detail/forward_kinematics__type_support.h
-- Up-to-date: /home/lzy/lbot_ws/install/lbot_arm_interfaces/include/lbot_arm_interfaces/lbot_arm_interfaces/srv/detail/get_current_frame__type_support.c
-- Up-to-date: /home/lzy/lbot_ws/install/lbot_arm_interfaces/include/lbot_arm_interfaces/lbot_arm_interfaces/srv/detail/change_frame__type_support.h
-- Up-to-date: /home/lzy/lbot_ws/install/lbot_arm_interfaces/include/lbot_arm_interfaces/lbot_arm_interfaces/srv/detail/move_j__type_support.h
-- Up-to-date: /home/lzy/lbot_ws/install/lbot_arm_interfaces/include/lbot_arm_interfaces/lbot_arm_interfaces/srv/detail/get_frame__type_support.h
-- Up-to-date: /home/lzy/lbot_ws/install/lbot_arm_interfaces/include/lbot_arm_interfaces/lbot_arm_interfaces/srv/detail/set_string__functions.h
-- Up-to-date: /home/lzy/lbot_ws/install/lbot_arm_interfaces/include/lbot_arm_interfaces/lbot_arm_interfaces/srv/detail/delete_frame__functions.c
-- Up-to-date: /home/lzy/lbot_ws/install/lbot_arm_interfaces/include/lbot_arm_interfaces/lbot_arm_interfaces/srv/detail/set_enable__type_support.c
-- Up-to-date: /home/lzy/lbot_ws/install/lbot_arm_interfaces/include/lbot_arm_interfaces/lbot_arm_interfaces/srv/detail/get_all_frames__struct.h
-- Up-to-date: /home/lzy/lbot_ws/install/lbot_arm_interfaces/include/lbot_arm_interfaces/lbot_arm_interfaces/srv/detail/set_frame__type_support.h
-- Up-to-date: /home/lzy/lbot_ws/install/lbot_arm_interfaces/include/lbot_arm_interfaces/lbot_arm_interfaces/srv/detail/set_zero__struct.h
-- Up-to-date: /home/lzy/lbot_ws/install/lbot_arm_interfaces/include/lbot_arm_interfaces/lbot_arm_interfaces/srv/detail/delete_frame__functions.h
-- Up-to-date: /home/lzy/lbot_ws/install/lbot_arm_interfaces/include/lbot_arm_interfaces/lbot_arm_interfaces/srv/detail/move_jp__description.c
-- Up-to-date: /home/lzy/lbot_ws/install/lbot_arm_interfaces/include/lbot_arm_interfaces/lbot_arm_interfaces/srv/detail/set_zero__type_support.c
-- Up-to-date: /home/lzy/lbot_ws/install/lbot_arm_interfaces/include/lbot_arm_interfaces/lbot_arm_interfaces/srv/detail/set_zero__functions.h
-- Up-to-date: /home/lzy/lbot_ws/install/lbot_arm_interfaces/include/lbot_arm_interfaces/lbot_arm_interfaces/srv/detail/set_enable__functions.h
-- Up-to-date: /home/lzy/lbot_ws/install/lbot_arm_interfaces/include/lbot_arm_interfaces/lbot_arm_interfaces/srv/detail/get_all_frames__functions.c
-- Up-to-date: /home/lzy/lbot_ws/install/lbot_arm_interfaces/include/lbot_arm_interfaces/lbot_arm_interfaces/srv/detail/move_jp__type_support.h
-- Up-to-date: /home/lzy/lbot_ws/install/lbot_arm_interfaces/include/lbot_arm_interfaces/lbot_arm_interfaces/srv/detail/move_j__type_support.c
-- Up-to-date: /home/lzy/lbot_ws/install/lbot_arm_interfaces/include/lbot_arm_interfaces/lbot_arm_interfaces/srv/detail/set_emergency__type_support.c
-- Up-to-date: /home/lzy/lbot_ws/install/lbot_arm_interfaces/include/lbot_arm_interfaces/lbot_arm_interfaces/srv/detail/set_zero__description.c
-- Up-to-date: /home/lzy/lbot_ws/install/lbot_arm_interfaces/include/lbot_arm_interfaces/lbot_arm_interfaces/srv/detail/set_string__type_support.c
-- Up-to-date: /home/lzy/lbot_ws/install/lbot_arm_interfaces/include/lbot_arm_interfaces/lbot_arm_interfaces/srv/detail/set_enable__functions.c
-- Up-to-date: /home/lzy/lbot_ws/install/lbot_arm_interfaces/include/lbot_arm_interfaces/lbot_arm_interfaces/srv/detail/set_enable__struct.h
-- Up-to-date: /home/lzy/lbot_ws/install/lbot_arm_interfaces/include/lbot_arm_interfaces/lbot_arm_interfaces/srv/detail/delete_frame__struct.h
-- Up-to-date: /home/lzy/lbot_ws/install/lbot_arm_interfaces/include/lbot_arm_interfaces/lbot_arm_interfaces/srv/detail/set_string__functions.c
-- Up-to-date: /home/lzy/lbot_ws/install/lbot_arm_interfaces/include/lbot_arm_interfaces/lbot_arm_interfaces/srv/detail/move_l__description.c
-- Up-to-date: /home/lzy/lbot_ws/install/lbot_arm_interfaces/include/lbot_arm_interfaces/lbot_arm_interfaces/srv/detail/get_all_frames__description.c
-- Up-to-date: /home/lzy/lbot_ws/install/lbot_arm_interfaces/include/lbot_arm_interfaces/lbot_arm_interfaces/srv/detail/delete_frame__type_support.c
-- Up-to-date: /home/lzy/lbot_ws/install/lbot_arm_interfaces/include/lbot_arm_interfaces/lbot_arm_interfaces/srv/detail/move_c__type_support.c
-- Up-to-date: /home/lzy/lbot_ws/install/lbot_arm_interfaces/include/lbot_arm_interfaces/lbot_arm_interfaces/srv/detail/change_frame__functions.c
-- Up-to-date: /home/lzy/lbot_ws/install/lbot_arm_interfaces/include/lbot_arm_interfaces/lbot_arm_interfaces/srv/detail/set_frame__functions.c
-- Up-to-date: /home/lzy/lbot_ws/install/lbot_arm_interfaces/include/lbot_arm_interfaces/lbot_arm_interfaces/srv/detail/move_j__functions.h
-- Up-to-date: /home/lzy/lbot_ws/install/lbot_arm_interfaces/include/lbot_arm_interfaces/lbot_arm_interfaces/srv/detail/inverse_kinematics__functions.c
-- Up-to-date: /home/lzy/lbot_ws/install/lbot_arm_interfaces/include/lbot_arm_interfaces/lbot_arm_interfaces/srv/detail/move_c__type_support.h
-- Up-to-date: /home/lzy/lbot_ws/install/lbot_arm_interfaces/include/lbot_arm_interfaces/lbot_arm_interfaces/srv/detail/forward_kinematics__description.c
-- Up-to-date: /home/lzy/lbot_ws/install/lbot_arm_interfaces/include/lbot_arm_interfaces/lbot_arm_interfaces/srv/detail/get_frame__type_support.c
-- Up-to-date: /home/lzy/lbot_ws/install/lbot_arm_interfaces/include/lbot_arm_interfaces/lbot_arm_interfaces/srv/detail/set_emergency__description.c
-- Up-to-date: /home/lzy/lbot_ws/install/lbot_arm_interfaces/include/lbot_arm_interfaces/lbot_arm_interfaces/srv/detail/set_string__struct.h
-- Up-to-date: /home/lzy/lbot_ws/install/lbot_arm_interfaces/include/lbot_arm_interfaces/lbot_arm_interfaces/srv/set_enable.h
-- Up-to-date: /home/lzy/lbot_ws/install/lbot_arm_interfaces/include/lbot_arm_interfaces/lbot_arm_interfaces/srv/forward_kinematics.h
-- Up-to-date: /home/lzy/lbot_ws/install/lbot_arm_interfaces/include/lbot_arm_interfaces/lbot_arm_interfaces/srv/set_emergency.h
-- Up-to-date: /home/lzy/lbot_ws/install/lbot_arm_interfaces/include/lbot_arm_interfaces/lbot_arm_interfaces/srv/delete_frame.h
-- Up-to-date: /home/lzy/lbot_ws/install/lbot_arm_interfaces/include/lbot_arm_interfaces/lbot_arm_interfaces/srv/get_frame.h
-- Up-to-date: /home/lzy/lbot_ws/install/lbot_arm_interfaces/include/lbot_arm_interfaces/lbot_arm_interfaces/srv/move_c.h
-- Up-to-date: /home/lzy/lbot_ws/install/lbot_arm_interfaces/include/lbot_arm_interfaces/lbot_arm_interfaces/srv/move_j.h
-- Up-to-date: /home/lzy/lbot_ws/install/lbot_arm_interfaces/include/lbot_arm_interfaces/lbot_arm_interfaces/srv/get_all_frames.h
-- Up-to-date: /home/lzy/lbot_ws/install/lbot_arm_interfaces/include/lbot_arm_interfaces/lbot_arm_interfaces/srv/set_string.h
-- Up-to-date: /home/lzy/lbot_ws/install/lbot_arm_interfaces/include/lbot_arm_interfaces/lbot_arm_interfaces/srv/set_zero.h
-- Up-to-date: /home/lzy/lbot_ws/install/lbot_arm_interfaces/include/lbot_arm_interfaces/lbot_arm_interfaces/srv/move_l.h
-- Up-to-date: /home/lzy/lbot_ws/install/lbot_arm_interfaces/include/lbot_arm_interfaces/lbot_arm_interfaces/srv/inverse_kinematics.h
-- Up-to-date: /home/lzy/lbot_ws/install/lbot_arm_interfaces/include/lbot_arm_interfaces/lbot_arm_interfaces/srv/get_current_frame.h
-- Up-to-date: /home/lzy/lbot_ws/install/lbot_arm_interfaces/include/lbot_arm_interfaces/lbot_arm_interfaces/srv/move_jp.h
-- Up-to-date: /home/lzy/lbot_ws/install/lbot_arm_interfaces/share/lbot_arm_interfaces/environment/library_path.sh
-- Up-to-date: /home/lzy/lbot_ws/install/lbot_arm_interfaces/share/lbot_arm_interfaces/environment/library_path.dsv
-- Up-to-date: /home/lzy/lbot_ws/install/lbot_arm_interfaces/lib/liblbot_arm_interfaces__rosidl_generator_c.so
-- Up-to-date: /home/lzy/lbot_ws/install/lbot_arm_interfaces/include/lbot_arm_interfaces/lbot_arm_interfaces
-- Up-to-date: /home/lzy/lbot_ws/install/lbot_arm_interfaces/include/lbot_arm_interfaces/lbot_arm_interfaces/msg
-- Up-to-date: /home/lzy/lbot_ws/install/lbot_arm_interfaces/include/lbot_arm_interfaces/lbot_arm_interfaces/msg/rosidl_typesupport_fastrtps_c__visibility_control.h
-- Up-to-date: /home/lzy/lbot_ws/install/lbot_arm_interfaces/include/lbot_arm_interfaces/lbot_arm_interfaces/msg/detail
-- Up-to-date: /home/lzy/lbot_ws/install/lbot_arm_interfaces/include/lbot_arm_interfaces/lbot_arm_interfaces/msg/detail/lbot_pose__rosidl_typesupport_fastrtps_c.h
-- Up-to-date: /home/lzy/lbot_ws/install/lbot_arm_interfaces/include/lbot_arm_interfaces/lbot_arm_interfaces/msg/detail/arm_state__rosidl_typesupport_fastrtps_c.h
-- Up-to-date: /home/lzy/lbot_ws/install/lbot_arm_interfaces/include/lbot_arm_interfaces/lbot_arm_interfaces/msg/detail/lbot_frame__rosidl_typesupport_fastrtps_c.h
-- Up-to-date: /home/lzy/lbot_ws/install/lbot_arm_interfaces/include/lbot_arm_interfaces/lbot_arm_interfaces/msg/detail/follow_joint__rosidl_typesupport_fastrtps_c.h
-- Up-to-date: /home/lzy/lbot_ws/install/lbot_arm_interfaces/include/lbot_arm_interfaces/lbot_arm_interfaces/srv
-- Up-to-date: /home/lzy/lbot_ws/install/lbot_arm_interfaces/include/lbot_arm_interfaces/lbot_arm_interfaces/srv/detail
-- Up-to-date: /home/lzy/lbot_ws/install/lbot_arm_interfaces/include/lbot_arm_interfaces/lbot_arm_interfaces/srv/detail/set_zero__rosidl_typesupport_fastrtps_c.h
-- Up-to-date: /home/lzy/lbot_ws/install/lbot_arm_interfaces/include/lbot_arm_interfaces/lbot_arm_interfaces/srv/detail/set_enable__rosidl_typesupport_fastrtps_c.h
-- Up-to-date: /home/lzy/lbot_ws/install/lbot_arm_interfaces/include/lbot_arm_interfaces/lbot_arm_interfaces/srv/detail/set_string__rosidl_typesupport_fastrtps_c.h
-- Up-to-date: /home/lzy/lbot_ws/install/lbot_arm_interfaces/include/lbot_arm_interfaces/lbot_arm_interfaces/srv/detail/get_frame__rosidl_typesupport_fastrtps_c.h
-- Up-to-date: /home/lzy/lbot_ws/install/lbot_arm_interfaces/include/lbot_arm_interfaces/lbot_arm_interfaces/srv/detail/get_all_frames__rosidl_typesupport_fastrtps_c.h
-- Up-to-date: /home/lzy/lbot_ws/install/lbot_arm_interfaces/include/lbot_arm_interfaces/lbot_arm_interfaces/srv/detail/move_j__rosidl_typesupport_fastrtps_c.h
-- Up-to-date: /home/lzy/lbot_ws/install/lbot_arm_interfaces/include/lbot_arm_interfaces/lbot_arm_interfaces/srv/detail/set_emergency__rosidl_typesupport_fastrtps_c.h
-- Up-to-date: /home/lzy/lbot_ws/install/lbot_arm_interfaces/include/lbot_arm_interfaces/lbot_arm_interfaces/srv/detail/forward_kinematics__rosidl_typesupport_fastrtps_c.h
-- Up-to-date: /home/lzy/lbot_ws/install/lbot_arm_interfaces/include/lbot_arm_interfaces/lbot_arm_interfaces/srv/detail/set_frame__rosidl_typesupport_fastrtps_c.h
-- Up-to-date: /home/lzy/lbot_ws/install/lbot_arm_interfaces/include/lbot_arm_interfaces/lbot_arm_interfaces/srv/detail/move_jp__rosidl_typesupport_fastrtps_c.h
-- Up-to-date: /home/lzy/lbot_ws/install/lbot_arm_interfaces/include/lbot_arm_interfaces/lbot_arm_interfaces/srv/detail/move_l__rosidl_typesupport_fastrtps_c.h
-- Up-to-date: /home/lzy/lbot_ws/install/lbot_arm_interfaces/include/lbot_arm_interfaces/lbot_arm_interfaces/srv/detail/move_c__rosidl_typesupport_fastrtps_c.h
-- Up-to-date: /home/lzy/lbot_ws/install/lbot_arm_interfaces/include/lbot_arm_interfaces/lbot_arm_interfaces/srv/detail/get_current_frame__rosidl_typesupport_fastrtps_c.h
-- Up-to-date: /home/lzy/lbot_ws/install/lbot_arm_interfaces/include/lbot_arm_interfaces/lbot_arm_interfaces/srv/detail/inverse_kinematics__rosidl_typesupport_fastrtps_c.h
-- Up-to-date: /home/lzy/lbot_ws/install/lbot_arm_interfaces/include/lbot_arm_interfaces/lbot_arm_interfaces/srv/detail/delete_frame__rosidl_typesupport_fastrtps_c.h
-- Up-to-date: /home/lzy/lbot_ws/install/lbot_arm_interfaces/include/lbot_arm_interfaces/lbot_arm_interfaces/srv/detail/change_frame__rosidl_typesupport_fastrtps_c.h
-- Up-to-date: /home/lzy/lbot_ws/install/lbot_arm_interfaces/lib/liblbot_arm_interfaces__rosidl_typesupport_fastrtps_c.so
-- Up-to-date: /home/lzy/lbot_ws/install/lbot_arm_interfaces/include/lbot_arm_interfaces/lbot_arm_interfaces
-- Up-to-date: /home/lzy/lbot_ws/install/lbot_arm_interfaces/include/lbot_arm_interfaces/lbot_arm_interfaces/msg
-- Up-to-date: /home/lzy/lbot_ws/install/lbot_arm_interfaces/include/lbot_arm_interfaces/lbot_arm_interfaces/msg/detail
-- Up-to-date: /home/lzy/lbot_ws/install/lbot_arm_interfaces/include/lbot_arm_interfaces/lbot_arm_interfaces/msg/detail/arm_state__type_support.hpp
-- Up-to-date: /home/lzy/lbot_ws/install/lbot_arm_interfaces/include/lbot_arm_interfaces/lbot_arm_interfaces/msg/detail/lbot_pose__type_support.hpp
-- Up-to-date: /home/lzy/lbot_ws/install/lbot_arm_interfaces/include/lbot_arm_interfaces/lbot_arm_interfaces/msg/detail/lbot_pose__traits.hpp
-- Up-to-date: /home/lzy/lbot_ws/install/lbot_arm_interfaces/include/lbot_arm_interfaces/lbot_arm_interfaces/msg/detail/lbot_frame__struct.hpp
-- Up-to-date: /home/lzy/lbot_ws/install/lbot_arm_interfaces/include/lbot_arm_interfaces/lbot_arm_interfaces/msg/detail/follow_joint__builder.hpp
-- Up-to-date: /home/lzy/lbot_ws/install/lbot_arm_interfaces/include/lbot_arm_interfaces/lbot_arm_interfaces/msg/detail/lbot_pose__builder.hpp
-- Up-to-date: /home/lzy/lbot_ws/install/lbot_arm_interfaces/include/lbot_arm_interfaces/lbot_arm_interfaces/msg/detail/arm_state__traits.hpp
-- Up-to-date: /home/lzy/lbot_ws/install/lbot_arm_interfaces/include/lbot_arm_interfaces/lbot_arm_interfaces/msg/detail/lbot_frame__builder.hpp
-- Up-to-date: /home/lzy/lbot_ws/install/lbot_arm_interfaces/include/lbot_arm_interfaces/lbot_arm_interfaces/msg/detail/follow_joint__traits.hpp
-- Up-to-date: /home/lzy/lbot_ws/install/lbot_arm_interfaces/include/lbot_arm_interfaces/lbot_arm_interfaces/msg/detail/arm_state__builder.hpp
-- Up-to-date: /home/lzy/lbot_ws/install/lbot_arm_interfaces/include/lbot_arm_interfaces/lbot_arm_interfaces/msg/detail/follow_joint__type_support.hpp
-- Up-to-date: /home/lzy/lbot_ws/install/lbot_arm_interfaces/include/lbot_arm_interfaces/lbot_arm_interfaces/msg/detail/lbot_frame__type_support.hpp
-- Up-to-date: /home/lzy/lbot_ws/install/lbot_arm_interfaces/include/lbot_arm_interfaces/lbot_arm_interfaces/msg/detail/follow_joint__struct.hpp
-- Up-to-date: /home/lzy/lbot_ws/install/lbot_arm_interfaces/include/lbot_arm_interfaces/lbot_arm_interfaces/msg/detail/lbot_frame__traits.hpp
-- Up-to-date: /home/lzy/lbot_ws/install/lbot_arm_interfaces/include/lbot_arm_interfaces/lbot_arm_interfaces/msg/detail/lbot_pose__struct.hpp
-- Up-to-date: /home/lzy/lbot_ws/install/lbot_arm_interfaces/include/lbot_arm_interfaces/lbot_arm_interfaces/msg/detail/arm_state__struct.hpp
-- Up-to-date: /home/lzy/lbot_ws/install/lbot_arm_interfaces/include/lbot_arm_interfaces/lbot_arm_interfaces/msg/arm_state.hpp
-- Up-to-date: /home/lzy/lbot_ws/install/lbot_arm_interfaces/include/lbot_arm_interfaces/lbot_arm_interfaces/msg/rosidl_generator_cpp__visibility_control.hpp
-- Up-to-date: /home/lzy/lbot_ws/install/lbot_arm_interfaces/include/lbot_arm_interfaces/lbot_arm_interfaces/msg/lbot_pose.hpp
-- Up-to-date: /home/lzy/lbot_ws/install/lbot_arm_interfaces/include/lbot_arm_interfaces/lbot_arm_interfaces/msg/follow_joint.hpp
-- Up-to-date: /home/lzy/lbot_ws/install/lbot_arm_interfaces/include/lbot_arm_interfaces/lbot_arm_interfaces/msg/lbot_frame.hpp
-- Up-to-date: /home/lzy/lbot_ws/install/lbot_arm_interfaces/include/lbot_arm_interfaces/lbot_arm_interfaces/srv
-- Up-to-date: /home/lzy/lbot_ws/install/lbot_arm_interfaces/include/lbot_arm_interfaces/lbot_arm_interfaces/srv/set_string.hpp
-- Up-to-date: /home/lzy/lbot_ws/install/lbot_arm_interfaces/include/lbot_arm_interfaces/lbot_arm_interfaces/srv/detail
-- Up-to-date: /home/lzy/lbot_ws/install/lbot_arm_interfaces/include/lbot_arm_interfaces/lbot_arm_interfaces/srv/detail/set_enable__struct.hpp
-- Up-to-date: /home/lzy/lbot_ws/install/lbot_arm_interfaces/include/lbot_arm_interfaces/lbot_arm_interfaces/srv/detail/set_frame__traits.hpp
-- Up-to-date: /home/lzy/lbot_ws/install/lbot_arm_interfaces/include/lbot_arm_interfaces/lbot_arm_interfaces/srv/detail/inverse_kinematics__builder.hpp
-- Up-to-date: /home/lzy/lbot_ws/install/lbot_arm_interfaces/include/lbot_arm_interfaces/lbot_arm_interfaces/srv/detail/get_current_frame__traits.hpp
-- Up-to-date: /home/lzy/lbot_ws/install/lbot_arm_interfaces/include/lbot_arm_interfaces/lbot_arm_interfaces/srv/detail/move_c__type_support.hpp
-- Up-to-date: /home/lzy/lbot_ws/install/lbot_arm_interfaces/include/lbot_arm_interfaces/lbot_arm_interfaces/srv/detail/set_string__builder.hpp
-- Up-to-date: /home/lzy/lbot_ws/install/lbot_arm_interfaces/include/lbot_arm_interfaces/lbot_arm_interfaces/srv/detail/set_enable__traits.hpp
-- Up-to-date: /home/lzy/lbot_ws/install/lbot_arm_interfaces/include/lbot_arm_interfaces/lbot_arm_interfaces/srv/detail/inverse_kinematics__type_support.hpp
-- Up-to-date: /home/lzy/lbot_ws/install/lbot_arm_interfaces/include/lbot_arm_interfaces/lbot_arm_interfaces/srv/detail/set_enable__type_support.hpp
-- Up-to-date: /home/lzy/lbot_ws/install/lbot_arm_interfaces/include/lbot_arm_interfaces/lbot_arm_interfaces/srv/detail/set_emergency__struct.hpp
-- Up-to-date: /home/lzy/lbot_ws/install/lbot_arm_interfaces/include/lbot_arm_interfaces/lbot_arm_interfaces/srv/detail/forward_kinematics__builder.hpp
-- Up-to-date: /home/lzy/lbot_ws/install/lbot_arm_interfaces/include/lbot_arm_interfaces/lbot_arm_interfaces/srv/detail/change_frame__traits.hpp
-- Up-to-date: /home/lzy/lbot_ws/install/lbot_arm_interfaces/include/lbot_arm_interfaces/lbot_arm_interfaces/srv/detail/move_jp__traits.hpp
-- Up-to-date: /home/lzy/lbot_ws/install/lbot_arm_interfaces/include/lbot_arm_interfaces/lbot_arm_interfaces/srv/detail/set_string__traits.hpp
-- Up-to-date: /home/lzy/lbot_ws/install/lbot_arm_interfaces/include/lbot_arm_interfaces/lbot_arm_interfaces/srv/detail/move_l__struct.hpp
-- Up-to-date: /home/lzy/lbot_ws/install/lbot_arm_interfaces/include/lbot_arm_interfaces/lbot_arm_interfaces/srv/detail/get_all_frames__struct.hpp
-- Up-to-date: /home/lzy/lbot_ws/install/lbot_arm_interfaces/include/lbot_arm_interfaces/lbot_arm_interfaces/srv/detail/set_emergency__type_support.hpp
-- Up-to-date: /home/lzy/lbot_ws/install/lbot_arm_interfaces/include/lbot_arm_interfaces/lbot_arm_interfaces/srv/detail/get_all_frames__traits.hpp
-- Up-to-date: /home/lzy/lbot_ws/install/lbot_arm_interfaces/include/lbot_arm_interfaces/lbot_arm_interfaces/srv/detail/set_zero__struct.hpp
-- Up-to-date: /home/lzy/lbot_ws/install/lbot_arm_interfaces/include/lbot_arm_interfaces/lbot_arm_interfaces/srv/detail/set_emergency__builder.hpp
-- Up-to-date: /home/lzy/lbot_ws/install/lbot_arm_interfaces/include/lbot_arm_interfaces/lbot_arm_interfaces/srv/detail/inverse_kinematics__traits.hpp
-- Up-to-date: /home/lzy/lbot_ws/install/lbot_arm_interfaces/include/lbot_arm_interfaces/lbot_arm_interfaces/srv/detail/get_all_frames__builder.hpp
-- Up-to-date: /home/lzy/lbot_ws/install/lbot_arm_interfaces/include/lbot_arm_interfaces/lbot_arm_interfaces/srv/detail/set_emergency__traits.hpp
-- Up-to-date: /home/lzy/lbot_ws/install/lbot_arm_interfaces/include/lbot_arm_interfaces/lbot_arm_interfaces/srv/detail/forward_kinematics__traits.hpp
-- Up-to-date: /home/lzy/lbot_ws/install/lbot_arm_interfaces/include/lbot_arm_interfaces/lbot_arm_interfaces/srv/detail/move_j__traits.hpp
-- Up-to-date: /home/lzy/lbot_ws/install/lbot_arm_interfaces/include/lbot_arm_interfaces/lbot_arm_interfaces/srv/detail/set_frame__builder.hpp
-- Up-to-date: /home/lzy/lbot_ws/install/lbot_arm_interfaces/include/lbot_arm_interfaces/lbot_arm_interfaces/srv/detail/forward_kinematics__struct.hpp
-- Up-to-date: /home/lzy/lbot_ws/install/lbot_arm_interfaces/include/lbot_arm_interfaces/lbot_arm_interfaces/srv/detail/move_c__struct.hpp
-- Up-to-date: /home/lzy/lbot_ws/install/lbot_arm_interfaces/include/lbot_arm_interfaces/lbot_arm_interfaces/srv/detail/change_frame__struct.hpp
-- Up-to-date: /home/lzy/lbot_ws/install/lbot_arm_interfaces/include/lbot_arm_interfaces/lbot_arm_interfaces/srv/detail/delete_frame__traits.hpp
-- Up-to-date: /home/lzy/lbot_ws/install/lbot_arm_interfaces/include/lbot_arm_interfaces/lbot_arm_interfaces/srv/detail/move_l__traits.hpp
-- Up-to-date: /home/lzy/lbot_ws/install/lbot_arm_interfaces/include/lbot_arm_interfaces/lbot_arm_interfaces/srv/detail/set_frame__struct.hpp
-- Up-to-date: /home/lzy/lbot_ws/install/lbot_arm_interfaces/include/lbot_arm_interfaces/lbot_arm_interfaces/srv/detail/set_string__type_support.hpp
-- Up-to-date: /home/lzy/lbot_ws/install/lbot_arm_interfaces/include/lbot_arm_interfaces/lbot_arm_interfaces/srv/detail/set_zero__traits.hpp
-- Up-to-date: /home/lzy/lbot_ws/install/lbot_arm_interfaces/include/lbot_arm_interfaces/lbot_arm_interfaces/srv/detail/get_frame__struct.hpp
-- Up-to-date: /home/lzy/lbot_ws/install/lbot_arm_interfaces/include/lbot_arm_interfaces/lbot_arm_interfaces/srv/detail/move_j__builder.hpp
-- Up-to-date: /home/lzy/lbot_ws/install/lbot_arm_interfaces/include/lbot_arm_interfaces/lbot_arm_interfaces/srv/detail/delete_frame__struct.hpp
-- Up-to-date: /home/lzy/lbot_ws/install/lbot_arm_interfaces/include/lbot_arm_interfaces/lbot_arm_interfaces/srv/detail/inverse_kinematics__struct.hpp
-- Up-to-date: /home/lzy/lbot_ws/install/lbot_arm_interfaces/include/lbot_arm_interfaces/lbot_arm_interfaces/srv/detail/move_j__struct.hpp
-- Up-to-date: /home/lzy/lbot_ws/install/lbot_arm_interfaces/include/lbot_arm_interfaces/lbot_arm_interfaces/srv/detail/set_enable__builder.hpp
-- Up-to-date: /home/lzy/lbot_ws/install/lbot_arm_interfaces/include/lbot_arm_interfaces/lbot_arm_interfaces/srv/detail/get_current_frame__struct.hpp
-- Up-to-date: /home/lzy/lbot_ws/install/lbot_arm_interfaces/include/lbot_arm_interfaces/lbot_arm_interfaces/srv/detail/move_c__builder.hpp
-- Up-to-date: /home/lzy/lbot_ws/install/lbot_arm_interfaces/include/lbot_arm_interfaces/lbot_arm_interfaces/srv/detail/forward_kinematics__type_support.hpp
-- Up-to-date: /home/lzy/lbot_ws/install/lbot_arm_interfaces/include/lbot_arm_interfaces/lbot_arm_interfaces/srv/detail/move_jp__struct.hpp
-- Up-to-date: /home/lzy/lbot_ws/install/lbot_arm_interfaces/include/lbot_arm_interfaces/lbot_arm_interfaces/srv/detail/get_frame__traits.hpp
-- Up-to-date: /home/lzy/lbot_ws/install/lbot_arm_interfaces/include/lbot_arm_interfaces/lbot_arm_interfaces/srv/detail/get_frame__type_support.hpp
-- Up-to-date: /home/lzy/lbot_ws/install/lbot_arm_interfaces/include/lbot_arm_interfaces/lbot_arm_interfaces/srv/detail/move_c__traits.hpp
-- Up-to-date: /home/lzy/lbot_ws/install/lbot_arm_interfaces/include/lbot_arm_interfaces/lbot_arm_interfaces/srv/detail/delete_frame__builder.hpp
-- Up-to-date: /home/lzy/lbot_ws/install/lbot_arm_interfaces/include/lbot_arm_interfaces/lbot_arm_interfaces/srv/detail/set_zero__builder.hpp
-- Up-to-date: /home/lzy/lbot_ws/install/lbot_arm_interfaces/include/lbot_arm_interfaces/lbot_arm_interfaces/srv/detail/set_zero__type_support.hpp
-- Up-to-date: /home/lzy/lbot_ws/install/lbot_arm_interfaces/include/lbot_arm_interfaces/lbot_arm_interfaces/srv/detail/move_jp__builder.hpp
-- Up-to-date: /home/lzy/lbot_ws/install/lbot_arm_interfaces/include/lbot_arm_interfaces/lbot_arm_interfaces/srv/detail/get_frame__builder.hpp
-- Up-to-date: /home/lzy/lbot_ws/install/lbot_arm_interfaces/include/lbot_arm_interfaces/lbot_arm_interfaces/srv/detail/set_frame__type_support.hpp
-- Up-to-date: /home/lzy/lbot_ws/install/lbot_arm_interfaces/include/lbot_arm_interfaces/lbot_arm_interfaces/srv/detail/move_l__builder.hpp
-- Up-to-date: /home/lzy/lbot_ws/install/lbot_arm_interfaces/include/lbot_arm_interfaces/lbot_arm_interfaces/srv/detail/move_j__type_support.hpp
-- Up-to-date: /home/lzy/lbot_ws/install/lbot_arm_interfaces/include/lbot_arm_interfaces/lbot_arm_interfaces/srv/detail/get_all_frames__type_support.hpp
-- Up-to-date: /home/lzy/lbot_ws/install/lbot_arm_interfaces/include/lbot_arm_interfaces/lbot_arm_interfaces/srv/detail/move_jp__type_support.hpp
-- Up-to-date: /home/lzy/lbot_ws/install/lbot_arm_interfaces/include/lbot_arm_interfaces/lbot_arm_interfaces/srv/detail/change_frame__type_support.hpp
-- Up-to-date: /home/lzy/lbot_ws/install/lbot_arm_interfaces/include/lbot_arm_interfaces/lbot_arm_interfaces/srv/detail/get_current_frame__builder.hpp
-- Up-to-date: /home/lzy/lbot_ws/install/lbot_arm_interfaces/include/lbot_arm_interfaces/lbot_arm_interfaces/srv/detail/delete_frame__type_support.hpp
-- Up-to-date: /home/lzy/lbot_ws/install/lbot_arm_interfaces/include/lbot_arm_interfaces/lbot_arm_interfaces/srv/detail/set_string__struct.hpp
-- Up-to-date: /home/lzy/lbot_ws/install/lbot_arm_interfaces/include/lbot_arm_interfaces/lbot_arm_interfaces/srv/detail/get_current_frame__type_support.hpp
-- Up-to-date: /home/lzy/lbot_ws/install/lbot_arm_interfaces/include/lbot_arm_interfaces/lbot_arm_interfaces/srv/detail/change_frame__builder.hpp
-- Up-to-date: /home/lzy/lbot_ws/install/lbot_arm_interfaces/include/lbot_arm_interfaces/lbot_arm_interfaces/srv/detail/move_l__type_support.hpp
-- Up-to-date: /home/lzy/lbot_ws/install/lbot_arm_interfaces/include/lbot_arm_interfaces/lbot_arm_interfaces/srv/delete_frame.hpp
-- Up-to-date: /home/lzy/lbot_ws/install/lbot_arm_interfaces/include/lbot_arm_interfaces/lbot_arm_interfaces/srv/forward_kinematics.hpp
-- Up-to-date: /home/lzy/lbot_ws/install/lbot_arm_interfaces/include/lbot_arm_interfaces/lbot_arm_interfaces/srv/set_frame.hpp
-- Up-to-date: /home/lzy/lbot_ws/install/lbot_arm_interfaces/include/lbot_arm_interfaces/lbot_arm_interfaces/srv/move_l.hpp
-- Up-to-date: /home/lzy/lbot_ws/install/lbot_arm_interfaces/include/lbot_arm_interfaces/lbot_arm_interfaces/srv/set_zero.hpp
-- Up-to-date: /home/lzy/lbot_ws/install/lbot_arm_interfaces/include/lbot_arm_interfaces/lbot_arm_interfaces/srv/move_jp.hpp
-- Up-to-date: /home/lzy/lbot_ws/install/lbot_arm_interfaces/include/lbot_arm_interfaces/lbot_arm_interfaces/srv/set_emergency.hpp
-- Up-to-date: /home/lzy/lbot_ws/install/lbot_arm_interfaces/include/lbot_arm_interfaces/lbot_arm_interfaces/srv/set_enable.hpp
-- Up-to-date: /home/lzy/lbot_ws/install/lbot_arm_interfaces/include/lbot_arm_interfaces/lbot_arm_interfaces/srv/change_frame.hpp
-- Up-to-date: /home/lzy/lbot_ws/install/lbot_arm_interfaces/include/lbot_arm_interfaces/lbot_arm_interfaces/srv/move_c.hpp
-- Up-to-date: /home/lzy/lbot_ws/install/lbot_arm_interfaces/include/lbot_arm_interfaces/lbot_arm_interfaces/srv/get_current_frame.hpp
-- Up-to-date: /home/lzy/lbot_ws/install/lbot_arm_interfaces/include/lbot_arm_interfaces/lbot_arm_interfaces/srv/move_j.hpp
-- Up-to-date: /home/lzy/lbot_ws/install/lbot_arm_interfaces/include/lbot_arm_interfaces/lbot_arm_interfaces/srv/get_all_frames.hpp
-- Up-to-date: /home/lzy/lbot_ws/install/lbot_arm_interfaces/include/lbot_arm_interfaces/lbot_arm_interfaces/srv/get_frame.hpp
-- Up-to-date: /home/lzy/lbot_ws/install/lbot_arm_interfaces/include/lbot_arm_interfaces/lbot_arm_interfaces/srv/inverse_kinematics.hpp
-- Up-to-date: /home/lzy/lbot_ws/install/lbot_arm_interfaces/include/lbot_arm_interfaces/lbot_arm_interfaces
-- Up-to-date: /home/lzy/lbot_ws/install/lbot_arm_interfaces/include/lbot_arm_interfaces/lbot_arm_interfaces/msg
-- Up-to-date: /home/lzy/lbot_ws/install/lbot_arm_interfaces/include/lbot_arm_interfaces/lbot_arm_interfaces/msg/detail
-- Up-to-date: /home/lzy/lbot_ws/install/lbot_arm_interfaces/include/lbot_arm_interfaces/lbot_arm_interfaces/msg/detail/lbot_frame__rosidl_typesupport_fastrtps_cpp.hpp
-- Up-to-date: /home/lzy/lbot_ws/install/lbot_arm_interfaces/include/lbot_arm_interfaces/lbot_arm_interfaces/msg/detail/dds_fastrtps
-- Up-to-date: /home/lzy/lbot_ws/install/lbot_arm_interfaces/include/lbot_arm_interfaces/lbot_arm_interfaces/msg/detail/lbot_pose__rosidl_typesupport_fastrtps_cpp.hpp
-- Up-to-date: /home/lzy/lbot_ws/install/lbot_arm_interfaces/include/lbot_arm_interfaces/lbot_arm_interfaces/msg/detail/follow_joint__rosidl_typesupport_fastrtps_cpp.hpp
-- Up-to-date: /home/lzy/lbot_ws/install/lbot_arm_interfaces/include/lbot_arm_interfaces/lbot_arm_interfaces/msg/detail/arm_state__rosidl_typesupport_fastrtps_cpp.hpp
-- Up-to-date: /home/lzy/lbot_ws/install/lbot_arm_interfaces/include/lbot_arm_interfaces/lbot_arm_interfaces/msg/rosidl_typesupport_fastrtps_cpp__visibility_control.h
-- Up-to-date: /home/lzy/lbot_ws/install/lbot_arm_interfaces/include/lbot_arm_interfaces/lbot_arm_interfaces/srv
-- Up-to-date: /home/lzy/lbot_ws/install/lbot_arm_interfaces/include/lbot_arm_interfaces/lbot_arm_interfaces/srv/detail
-- Up-to-date: /home/lzy/lbot_ws/install/lbot_arm_interfaces/include/lbot_arm_interfaces/lbot_arm_interfaces/srv/detail/move_c__rosidl_typesupport_fastrtps_cpp.hpp
-- Up-to-date: /home/lzy/lbot_ws/install/lbot_arm_interfaces/include/lbot_arm_interfaces/lbot_arm_interfaces/srv/detail/get_frame__rosidl_typesupport_fastrtps_cpp.hpp
-- Up-to-date: /home/lzy/lbot_ws/install/lbot_arm_interfaces/include/lbot_arm_interfaces/lbot_arm_interfaces/srv/detail/delete_frame__rosidl_typesupport_fastrtps_cpp.hpp
-- Up-to-date: /home/lzy/lbot_ws/install/lbot_arm_interfaces/include/lbot_arm_interfaces/lbot_arm_interfaces/srv/detail/forward_kinematics__rosidl_typesupport_fastrtps_cpp.hpp
-- Up-to-date: /home/lzy/lbot_ws/install/lbot_arm_interfaces/include/lbot_arm_interfaces/lbot_arm_interfaces/srv/detail/inverse_kinematics__rosidl_typesupport_fastrtps_cpp.hpp
-- Up-to-date: /home/lzy/lbot_ws/install/lbot_arm_interfaces/include/lbot_arm_interfaces/lbot_arm_interfaces/srv/detail/set_zero__rosidl_typesupport_fastrtps_cpp.hpp
-- Up-to-date: /home/lzy/lbot_ws/install/lbot_arm_interfaces/include/lbot_arm_interfaces/lbot_arm_interfaces/srv/detail/set_enable__rosidl_typesupport_fastrtps_cpp.hpp
-- Up-to-date: /home/lzy/lbot_ws/install/lbot_arm_interfaces/include/lbot_arm_interfaces/lbot_arm_interfaces/srv/detail/dds_fastrtps
-- Up-to-date: /home/lzy/lbot_ws/install/lbot_arm_interfaces/include/lbot_arm_interfaces/lbot_arm_interfaces/srv/detail/set_frame__rosidl_typesupport_fastrtps_cpp.hpp
-- Up-to-date: /home/lzy/lbot_ws/install/lbot_arm_interfaces/include/lbot_arm_interfaces/lbot_arm_interfaces/srv/detail/get_all_frames__rosidl_typesupport_fastrtps_cpp.hpp
-- Up-to-date: /home/lzy/lbot_ws/install/lbot_arm_interfaces/include/lbot_arm_interfaces/lbot_arm_interfaces/srv/detail/set_emergency__rosidl_typesupport_fastrtps_cpp.hpp
-- Up-to-date: /home/lzy/lbot_ws/install/lbot_arm_interfaces/include/lbot_arm_interfaces/lbot_arm_interfaces/srv/detail/set_string__rosidl_typesupport_fastrtps_cpp.hpp
-- Up-to-date: /home/lzy/lbot_ws/install/lbot_arm_interfaces/include/lbot_arm_interfaces/lbot_arm_interfaces/srv/detail/move_j__rosidl_typesupport_fastrtps_cpp.hpp
-- Up-to-date: /home/lzy/lbot_ws/install/lbot_arm_interfaces/include/lbot_arm_interfaces/lbot_arm_interfaces/srv/detail/get_current_frame__rosidl_typesupport_fastrtps_cpp.hpp
-- Up-to-date: /home/lzy/lbot_ws/install/lbot_arm_interfaces/include/lbot_arm_interfaces/lbot_arm_interfaces/srv/detail/change_frame__rosidl_typesupport_fastrtps_cpp.hpp
-- Up-to-date: /home/lzy/lbot_ws/install/lbot_arm_interfaces/include/lbot_arm_interfaces/lbot_arm_interfaces/srv/detail/move_l__rosidl_typesupport_fastrtps_cpp.hpp
-- Up-to-date: /home/lzy/lbot_ws/install/lbot_arm_interfaces/include/lbot_arm_interfaces/lbot_arm_interfaces/srv/detail/move_jp__rosidl_typesupport_fastrtps_cpp.hpp
-- Up-to-date: /home/lzy/lbot_ws/install/lbot_arm_interfaces/lib/liblbot_arm_interfaces__rosidl_typesupport_fastrtps_cpp.so
-- Up-to-date: /home/lzy/lbot_ws/install/lbot_arm_interfaces/include/lbot_arm_interfaces/lbot_arm_interfaces
-- Up-to-date: /home/lzy/lbot_ws/install/lbot_arm_interfaces/include/lbot_arm_interfaces/lbot_arm_interfaces/msg
-- Up-to-date: /home/lzy/lbot_ws/install/lbot_arm_interfaces/include/lbot_arm_interfaces/lbot_arm_interfaces/msg/detail
-- Up-to-date: /home/lzy/lbot_ws/install/lbot_arm_interfaces/include/lbot_arm_interfaces/lbot_arm_interfaces/msg/detail/follow_joint__rosidl_typesupport_introspection_c.h
-- Up-to-date: /home/lzy/lbot_ws/install/lbot_arm_interfaces/include/lbot_arm_interfaces/lbot_arm_interfaces/msg/detail/arm_state__type_support.c
-- Up-to-date: /home/lzy/lbot_ws/install/lbot_arm_interfaces/include/lbot_arm_interfaces/lbot_arm_interfaces/msg/detail/follow_joint__type_support.c
-- Up-to-date: /home/lzy/lbot_ws/install/lbot_arm_interfaces/include/lbot_arm_interfaces/lbot_arm_interfaces/msg/detail/lbot_frame__rosidl_typesupport_introspection_c.h
-- Up-to-date: /home/lzy/lbot_ws/install/lbot_arm_interfaces/include/lbot_arm_interfaces/lbot_arm_interfaces/msg/detail/lbot_pose__rosidl_typesupport_introspection_c.h
-- Up-to-date: /home/lzy/lbot_ws/install/lbot_arm_interfaces/include/lbot_arm_interfaces/lbot_arm_interfaces/msg/detail/lbot_pose__type_support.c
-- Up-to-date: /home/lzy/lbot_ws/install/lbot_arm_interfaces/include/lbot_arm_interfaces/lbot_arm_interfaces/msg/detail/lbot_frame__type_support.c
-- Up-to-date: /home/lzy/lbot_ws/install/lbot_arm_interfaces/include/lbot_arm_interfaces/lbot_arm_interfaces/msg/detail/arm_state__rosidl_typesupport_introspection_c.h
-- Up-to-date: /home/lzy/lbot_ws/install/lbot_arm_interfaces/include/lbot_arm_interfaces/lbot_arm_interfaces/msg/rosidl_typesupport_introspection_c__visibility_control.h
-- Up-to-date: /home/lzy/lbot_ws/install/lbot_arm_interfaces/include/lbot_arm_interfaces/lbot_arm_interfaces/srv
-- Up-to-date: /home/lzy/lbot_ws/install/lbot_arm_interfaces/include/lbot_arm_interfaces/lbot_arm_interfaces/srv/detail
-- Up-to-date: /home/lzy/lbot_ws/install/lbot_arm_interfaces/include/lbot_arm_interfaces/lbot_arm_interfaces/srv/detail/get_frame__rosidl_typesupport_introspection_c.h
-- Up-to-date: /home/lzy/lbot_ws/install/lbot_arm_interfaces/include/lbot_arm_interfaces/lbot_arm_interfaces/srv/detail/move_l__type_support.c
-- Up-to-date: /home/lzy/lbot_ws/install/lbot_arm_interfaces/include/lbot_arm_interfaces/lbot_arm_interfaces/srv/detail/get_current_frame__rosidl_typesupport_introspection_c.h
-- Up-to-date: /home/lzy/lbot_ws/install/lbot_arm_interfaces/include/lbot_arm_interfaces/lbot_arm_interfaces/srv/detail/set_emergency__rosidl_typesupport_introspection_c.h
-- Up-to-date: /home/lzy/lbot_ws/install/lbot_arm_interfaces/include/lbot_arm_interfaces/lbot_arm_interfaces/srv/detail/change_frame__type_support.c
-- Up-to-date: /home/lzy/lbot_ws/install/lbot_arm_interfaces/include/lbot_arm_interfaces/lbot_arm_interfaces/srv/detail/delete_frame__rosidl_typesupport_introspection_c.h
-- Up-to-date: /home/lzy/lbot_ws/install/lbot_arm_interfaces/include/lbot_arm_interfaces/lbot_arm_interfaces/srv/detail/inverse_kinematics__rosidl_typesupport_introspection_c.h
-- Up-to-date: /home/lzy/lbot_ws/install/lbot_arm_interfaces/include/lbot_arm_interfaces/lbot_arm_interfaces/srv/detail/move_l__rosidl_typesupport_introspection_c.h
-- Up-to-date: /home/lzy/lbot_ws/install/lbot_arm_interfaces/include/lbot_arm_interfaces/lbot_arm_interfaces/srv/detail/move_jp__rosidl_typesupport_introspection_c.h
-- Up-to-date: /home/lzy/lbot_ws/install/lbot_arm_interfaces/include/lbot_arm_interfaces/lbot_arm_interfaces/srv/detail/forward_kinematics__type_support.c
-- Up-to-date: /home/lzy/lbot_ws/install/lbot_arm_interfaces/include/lbot_arm_interfaces/lbot_arm_interfaces/srv/detail/get_all_frames__type_support.c
-- Up-to-date: /home/lzy/lbot_ws/install/lbot_arm_interfaces/include/lbot_arm_interfaces/lbot_arm_interfaces/srv/detail/forward_kinematics__rosidl_typesupport_introspection_c.h
-- Up-to-date: /home/lzy/lbot_ws/install/lbot_arm_interfaces/include/lbot_arm_interfaces/lbot_arm_interfaces/srv/detail/set_frame__type_support.c
-- Up-to-date: /home/lzy/lbot_ws/install/lbot_arm_interfaces/include/lbot_arm_interfaces/lbot_arm_interfaces/srv/detail/move_jp__type_support.c
-- Up-to-date: /home/lzy/lbot_ws/install/lbot_arm_interfaces/include/lbot_arm_interfaces/lbot_arm_interfaces/srv/detail/change_frame__rosidl_typesupport_introspection_c.h
-- Up-to-date: /home/lzy/lbot_ws/install/lbot_arm_interfaces/include/lbot_arm_interfaces/lbot_arm_interfaces/srv/detail/move_c__rosidl_typesupport_introspection_c.h
-- Up-to-date: /home/lzy/lbot_ws/install/lbot_arm_interfaces/include/lbot_arm_interfaces/lbot_arm_interfaces/srv/detail/move_j__rosidl_typesupport_introspection_c.h
-- Up-to-date: /home/lzy/lbot_ws/install/lbot_arm_interfaces/include/lbot_arm_interfaces/lbot_arm_interfaces/srv/detail/set_frame__rosidl_typesupport_introspection_c.h
-- Up-to-date: /home/lzy/lbot_ws/install/lbot_arm_interfaces/include/lbot_arm_interfaces/lbot_arm_interfaces/srv/detail/inverse_kinematics__type_support.c
-- Up-to-date: /home/lzy/lbot_ws/install/lbot_arm_interfaces/include/lbot_arm_interfaces/lbot_arm_interfaces/srv/detail/get_current_frame__type_support.c
-- Up-to-date: /home/lzy/lbot_ws/install/lbot_arm_interfaces/include/lbot_arm_interfaces/lbot_arm_interfaces/srv/detail/set_enable__type_support.c
-- Up-to-date: /home/lzy/lbot_ws/install/lbot_arm_interfaces/include/lbot_arm_interfaces/lbot_arm_interfaces/srv/detail/set_zero__type_support.c
-- Up-to-date: /home/lzy/lbot_ws/install/lbot_arm_interfaces/include/lbot_arm_interfaces/lbot_arm_interfaces/srv/detail/move_j__type_support.c
-- Up-to-date: /home/lzy/lbot_ws/install/lbot_arm_interfaces/include/lbot_arm_interfaces/lbot_arm_interfaces/srv/detail/set_zero__rosidl_typesupport_introspection_c.h
-- Up-to-date: /home/lzy/lbot_ws/install/lbot_arm_interfaces/include/lbot_arm_interfaces/lbot_arm_interfaces/srv/detail/set_emergency__type_support.c
-- Up-to-date: /home/lzy/lbot_ws/install/lbot_arm_interfaces/include/lbot_arm_interfaces/lbot_arm_interfaces/srv/detail/set_string__type_support.c
-- Up-to-date: /home/lzy/lbot_ws/install/lbot_arm_interfaces/include/lbot_arm_interfaces/lbot_arm_interfaces/srv/detail/set_string__rosidl_typesupport_introspection_c.h
-- Up-to-date: /home/lzy/lbot_ws/install/lbot_arm_interfaces/include/lbot_arm_interfaces/lbot_arm_interfaces/srv/detail/set_enable__rosidl_typesupport_introspection_c.h
-- Up-to-date: /home/lzy/lbot_ws/install/lbot_arm_interfaces/include/lbot_arm_interfaces/lbot_arm_interfaces/srv/detail/get_all_frames__rosidl_typesupport_introspection_c.h
-- Up-to-date: /home/lzy/lbot_ws/install/lbot_arm_interfaces/include/lbot_arm_interfaces/lbot_arm_interfaces/srv/detail/delete_frame__type_support.c
-- Up-to-date: /home/lzy/lbot_ws/install/lbot_arm_interfaces/include/lbot_arm_interfaces/lbot_arm_interfaces/srv/detail/move_c__type_support.c
-- Up-to-date: /home/lzy/lbot_ws/install/lbot_arm_interfaces/include/lbot_arm_interfaces/lbot_arm_interfaces/srv/detail/get_frame__type_support.c
-- Up-to-date: /home/lzy/lbot_ws/install/lbot_arm_interfaces/lib/liblbot_arm_interfaces__rosidl_typesupport_introspection_c.so
-- Up-to-date: /home/lzy/lbot_ws/install/lbot_arm_interfaces/lib/liblbot_arm_interfaces__rosidl_typesupport_c.so
-- Up-to-date: /home/lzy/lbot_ws/install/lbot_arm_interfaces/include/lbot_arm_interfaces/lbot_arm_interfaces
-- Up-to-date: /home/lzy/lbot_ws/install/lbot_arm_interfaces/include/lbot_arm_interfaces/lbot_arm_interfaces/msg
-- Up-to-date: /home/lzy/lbot_ws/install/lbot_arm_interfaces/include/lbot_arm_interfaces/lbot_arm_interfaces/msg/detail
-- Up-to-date: /home/lzy/lbot_ws/install/lbot_arm_interfaces/include/lbot_arm_interfaces/lbot_arm_interfaces/msg/detail/follow_joint__rosidl_typesupport_introspection_cpp.hpp
-- Up-to-date: /home/lzy/lbot_ws/install/lbot_arm_interfaces/include/lbot_arm_interfaces/lbot_arm_interfaces/msg/detail/arm_state__type_support.cpp
-- Up-to-date: /home/lzy/lbot_ws/install/lbot_arm_interfaces/include/lbot_arm_interfaces/lbot_arm_interfaces/msg/detail/lbot_pose__rosidl_typesupport_introspection_cpp.hpp
-- Up-to-date: /home/lzy/lbot_ws/install/lbot_arm_interfaces/include/lbot_arm_interfaces/lbot_arm_interfaces/msg/detail/lbot_pose__type_support.cpp
-- Up-to-date: /home/lzy/lbot_ws/install/lbot_arm_interfaces/include/lbot_arm_interfaces/lbot_arm_interfaces/msg/detail/lbot_frame__rosidl_typesupport_introspection_cpp.hpp
-- Up-to-date: /home/lzy/lbot_ws/install/lbot_arm_interfaces/include/lbot_arm_interfaces/lbot_arm_interfaces/msg/detail/arm_state__rosidl_typesupport_introspection_cpp.hpp
-- Up-to-date: /home/lzy/lbot_ws/install/lbot_arm_interfaces/include/lbot_arm_interfaces/lbot_arm_interfaces/msg/detail/follow_joint__type_support.cpp
-- Up-to-date: /home/lzy/lbot_ws/install/lbot_arm_interfaces/include/lbot_arm_interfaces/lbot_arm_interfaces/msg/detail/lbot_frame__type_support.cpp
-- Up-to-date: /home/lzy/lbot_ws/install/lbot_arm_interfaces/include/lbot_arm_interfaces/lbot_arm_interfaces/srv
-- Up-to-date: /home/lzy/lbot_ws/install/lbot_arm_interfaces/include/lbot_arm_interfaces/lbot_arm_interfaces/srv/detail
-- Up-to-date: /home/lzy/lbot_ws/install/lbot_arm_interfaces/include/lbot_arm_interfaces/lbot_arm_interfaces/srv/detail/move_jp__type_support.cpp
-- Up-to-date: /home/lzy/lbot_ws/install/lbot_arm_interfaces/include/lbot_arm_interfaces/lbot_arm_interfaces/srv/detail/set_string__rosidl_typesupport_introspection_cpp.hpp
-- Up-to-date: /home/lzy/lbot_ws/install/lbot_arm_interfaces/include/lbot_arm_interfaces/lbot_arm_interfaces/srv/detail/move_c__rosidl_typesupport_introspection_cpp.hpp
-- Up-to-date: /home/lzy/lbot_ws/install/lbot_arm_interfaces/include/lbot_arm_interfaces/lbot_arm_interfaces/srv/detail/inverse_kinematics__rosidl_typesupport_introspection_cpp.hpp
-- Up-to-date: /home/lzy/lbot_ws/install/lbot_arm_interfaces/include/lbot_arm_interfaces/lbot_arm_interfaces/srv/detail/delete_frame__type_support.cpp
-- Up-to-date: /home/lzy/lbot_ws/install/lbot_arm_interfaces/include/lbot_arm_interfaces/lbot_arm_interfaces/srv/detail/set_enable__type_support.cpp
-- Up-to-date: /home/lzy/lbot_ws/install/lbot_arm_interfaces/include/lbot_arm_interfaces/lbot_arm_interfaces/srv/detail/move_l__type_support.cpp
-- Up-to-date: /home/lzy/lbot_ws/install/lbot_arm_interfaces/include/lbot_arm_interfaces/lbot_arm_interfaces/srv/detail/move_jp__rosidl_typesupport_introspection_cpp.hpp
-- Up-to-date: /home/lzy/lbot_ws/install/lbot_arm_interfaces/include/lbot_arm_interfaces/lbot_arm_interfaces/srv/detail/forward_kinematics__rosidl_typesupport_introspection_cpp.hpp
-- Up-to-date: /home/lzy/lbot_ws/install/lbot_arm_interfaces/include/lbot_arm_interfaces/lbot_arm_interfaces/srv/detail/get_frame__type_support.cpp
-- Up-to-date: /home/lzy/lbot_ws/install/lbot_arm_interfaces/include/lbot_arm_interfaces/lbot_arm_interfaces/srv/detail/set_zero__type_support.cpp
-- Up-to-date: /home/lzy/lbot_ws/install/lbot_arm_interfaces/include/lbot_arm_interfaces/lbot_arm_interfaces/srv/detail/set_emergency__rosidl_typesupport_introspection_cpp.hpp
-- Up-to-date: /home/lzy/lbot_ws/install/lbot_arm_interfaces/include/lbot_arm_interfaces/lbot_arm_interfaces/srv/detail/move_j__rosidl_typesupport_introspection_cpp.hpp
-- Up-to-date: /home/lzy/lbot_ws/install/lbot_arm_interfaces/include/lbot_arm_interfaces/lbot_arm_interfaces/srv/detail/set_string__type_support.cpp
-- Up-to-date: /home/lzy/lbot_ws/install/lbot_arm_interfaces/include/lbot_arm_interfaces/lbot_arm_interfaces/srv/detail/change_frame__rosidl_typesupport_introspection_cpp.hpp
-- Up-to-date: /home/lzy/lbot_ws/install/lbot_arm_interfaces/include/lbot_arm_interfaces/lbot_arm_interfaces/srv/detail/get_all_frames__rosidl_typesupport_introspection_cpp.hpp
-- Up-to-date: /home/lzy/lbot_ws/install/lbot_arm_interfaces/include/lbot_arm_interfaces/lbot_arm_interfaces/srv/detail/get_frame__rosidl_typesupport_introspection_cpp.hpp
-- Up-to-date: /home/lzy/lbot_ws/install/lbot_arm_interfaces/include/lbot_arm_interfaces/lbot_arm_interfaces/srv/detail/set_enable__rosidl_typesupport_introspection_cpp.hpp
-- Up-to-date: /home/lzy/lbot_ws/install/lbot_arm_interfaces/include/lbot_arm_interfaces/lbot_arm_interfaces/srv/detail/inverse_kinematics__type_support.cpp
-- Up-to-date: /home/lzy/lbot_ws/install/lbot_arm_interfaces/include/lbot_arm_interfaces/lbot_arm_interfaces/srv/detail/get_current_frame__type_support.cpp
-- Up-to-date: /home/lzy/lbot_ws/install/lbot_arm_interfaces/include/lbot_arm_interfaces/lbot_arm_interfaces/srv/detail/delete_frame__rosidl_typesupport_introspection_cpp.hpp
-- Up-to-date: /home/lzy/lbot_ws/install/lbot_arm_interfaces/include/lbot_arm_interfaces/lbot_arm_interfaces/srv/detail/set_frame__type_support.cpp
-- Up-to-date: /home/lzy/lbot_ws/install/lbot_arm_interfaces/include/lbot_arm_interfaces/lbot_arm_interfaces/srv/detail/move_l__rosidl_typesupport_introspection_cpp.hpp
-- Up-to-date: /home/lzy/lbot_ws/install/lbot_arm_interfaces/include/lbot_arm_interfaces/lbot_arm_interfaces/srv/detail/get_current_frame__rosidl_typesupport_introspection_cpp.hpp
-- Up-to-date: /home/lzy/lbot_ws/install/lbot_arm_interfaces/include/lbot_arm_interfaces/lbot_arm_interfaces/srv/detail/forward_kinematics__type_support.cpp
-- Up-to-date: /home/lzy/lbot_ws/install/lbot_arm_interfaces/include/lbot_arm_interfaces/lbot_arm_interfaces/srv/detail/move_j__type_support.cpp
-- Up-to-date: /home/lzy/lbot_ws/install/lbot_arm_interfaces/include/lbot_arm_interfaces/lbot_arm_interfaces/srv/detail/get_all_frames__type_support.cpp
-- Up-to-date: /home/lzy/lbot_ws/install/lbot_arm_interfaces/include/lbot_arm_interfaces/lbot_arm_interfaces/srv/detail/set_zero__rosidl_typesupport_introspection_cpp.hpp
-- Up-to-date: /home/lzy/lbot_ws/install/lbot_arm_interfaces/include/lbot_arm_interfaces/lbot_arm_interfaces/srv/detail/set_emergency__type_support.cpp
-- Up-to-date: /home/lzy/lbot_ws/install/lbot_arm_interfaces/include/lbot_arm_interfaces/lbot_arm_interfaces/srv/detail/move_c__type_support.cpp
-- Up-to-date: /home/lzy/lbot_ws/install/lbot_arm_interfaces/include/lbot_arm_interfaces/lbot_arm_interfaces/srv/detail/change_frame__type_support.cpp
-- Up-to-date: /home/lzy/lbot_ws/install/lbot_arm_interfaces/include/lbot_arm_interfaces/lbot_arm_interfaces/srv/detail/set_frame__rosidl_typesupport_introspection_cpp.hpp
-- Up-to-date: /home/lzy/lbot_ws/install/lbot_arm_interfaces/lib/liblbot_arm_interfaces__rosidl_typesupport_introspection_cpp.so
-- Up-to-date: /home/lzy/lbot_ws/install/lbot_arm_interfaces/lib/liblbot_arm_interfaces__rosidl_typesupport_cpp.so
-- Up-to-date: /home/lzy/lbot_ws/install/lbot_arm_interfaces/share/lbot_arm_interfaces/environment/pythonpath.sh
-- Up-to-date: /home/lzy/lbot_ws/install/lbot_arm_interfaces/share/lbot_arm_interfaces/environment/pythonpath.dsv
-- Up-to-date: /home/lzy/lbot_ws/install/lbot_arm_interfaces/lib/python3.12/site-packages/lbot_arm_interfaces-0.0.0-py3.12.egg-info
-- Installing: /home/lzy/lbot_ws/install/lbot_arm_interfaces/lib/python3.12/site-packages/lbot_arm_interfaces-0.0.0-py3.12.egg-info/SOURCES.txt
-- Installing: /home/lzy/lbot_ws/install/lbot_arm_interfaces/lib/python3.12/site-packages/lbot_arm_interfaces-0.0.0-py3.12.egg-info/top_level.txt
-- Installing: /home/lzy/lbot_ws/install/lbot_arm_interfaces/lib/python3.12/site-packages/lbot_arm_interfaces-0.0.0-py3.12.egg-info/PKG-INFO
-- Installing: /home/lzy/lbot_ws/install/lbot_arm_interfaces/lib/python3.12/site-packages/lbot_arm_interfaces-0.0.0-py3.12.egg-info/dependency_links.txt
-- Up-to-date: /home/lzy/lbot_ws/install/lbot_arm_interfaces/lib/python3.12/site-packages/lbot_arm_interfaces
-- Up-to-date: /home/lzy/lbot_ws/install/lbot_arm_interfaces/lib/python3.12/site-packages/lbot_arm_interfaces/lbot_arm_interfaces_s__rosidl_typesupport_introspection_c.so
-- Up-to-date: /home/lzy/lbot_ws/install/lbot_arm_interfaces/lib/python3.12/site-packages/lbot_arm_interfaces/msg
-- Up-to-date: /home/lzy/lbot_ws/install/lbot_arm_interfaces/lib/python3.12/site-packages/lbot_arm_interfaces/msg/_lbot_pose.py
-- Up-to-date: /home/lzy/lbot_ws/install/lbot_arm_interfaces/lib/python3.12/site-packages/lbot_arm_interfaces/msg/_lbot_frame.py
-- Up-to-date: /home/lzy/lbot_ws/install/lbot_arm_interfaces/lib/python3.12/site-packages/lbot_arm_interfaces/msg/_lbot_frame_s.c
-- Up-to-date: /home/lzy/lbot_ws/install/lbot_arm_interfaces/lib/python3.12/site-packages/lbot_arm_interfaces/msg/_follow_joint_s.c
-- Up-to-date: /home/lzy/lbot_ws/install/lbot_arm_interfaces/lib/python3.12/site-packages/lbot_arm_interfaces/msg/_arm_state.py
-- Up-to-date: /home/lzy/lbot_ws/install/lbot_arm_interfaces/lib/python3.12/site-packages/lbot_arm_interfaces/msg/__init__.py
-- Up-to-date: /home/lzy/lbot_ws/install/lbot_arm_interfaces/lib/python3.12/site-packages/lbot_arm_interfaces/msg/_arm_state_s.c
-- Up-to-date: /home/lzy/lbot_ws/install/lbot_arm_interfaces/lib/python3.12/site-packages/lbot_arm_interfaces/msg/_lbot_pose_s.c
-- Up-to-date: /home/lzy/lbot_ws/install/lbot_arm_interfaces/lib/python3.12/site-packages/lbot_arm_interfaces/msg/_follow_joint.py
-- Up-to-date: /home/lzy/lbot_ws/install/lbot_arm_interfaces/lib/python3.12/site-packages/lbot_arm_interfaces/lbot_arm_interfaces_s__rosidl_typesupport_fastrtps_c.so
-- Up-to-date: /home/lzy/lbot_ws/install/lbot_arm_interfaces/lib/python3.12/site-packages/lbot_arm_interfaces/lbot_arm_interfaces_s__rosidl_typesupport_c.so
-- Up-to-date: /home/lzy/lbot_ws/install/lbot_arm_interfaces/lib/python3.12/site-packages/lbot_arm_interfaces/__init__.py
-- Up-to-date: /home/lzy/lbot_ws/install/lbot_arm_interfaces/lib/python3.12/site-packages/lbot_arm_interfaces/_lbot_arm_interfaces_s.ep.rosidl_typesupport_fastrtps_c.c
-- Up-to-date: /home/lzy/lbot_ws/install/lbot_arm_interfaces/lib/python3.12/site-packages/lbot_arm_interfaces/srv
-- Up-to-date: /home/lzy/lbot_ws/install/lbot_arm_interfaces/lib/python3.12/site-packages/lbot_arm_interfaces/srv/_forward_kinematics_s.c
-- Up-to-date: /home/lzy/lbot_ws/install/lbot_arm_interfaces/lib/python3.12/site-packages/lbot_arm_interfaces/srv/_get_frame.py
-- Up-to-date: /home/lzy/lbot_ws/install/lbot_arm_interfaces/lib/python3.12/site-packages/lbot_arm_interfaces/srv/_move_l_s.c
-- Up-to-date: /home/lzy/lbot_ws/install/lbot_arm_interfaces/lib/python3.12/site-packages/lbot_arm_interfaces/srv/_delete_frame.py
-- Up-to-date: /home/lzy/lbot_ws/install/lbot_arm_interfaces/lib/python3.12/site-packages/lbot_arm_interfaces/srv/_set_zero.py
-- Up-to-date: /home/lzy/lbot_ws/install/lbot_arm_interfaces/lib/python3.12/site-packages/lbot_arm_interfaces/srv/_change_frame.py
-- Up-to-date: /home/lzy/lbot_ws/install/lbot_arm_interfaces/lib/python3.12/site-packages/lbot_arm_interfaces/srv/_inverse_kinematics.py
-- Up-to-date: /home/lzy/lbot_ws/install/lbot_arm_interfaces/lib/python3.12/site-packages/lbot_arm_interfaces/srv/_set_string.py
-- Up-to-date: /home/lzy/lbot_ws/install/lbot_arm_interfaces/lib/python3.12/site-packages/lbot_arm_interfaces/srv/_move_jp.py
-- Up-to-date: /home/lzy/lbot_ws/install/lbot_arm_interfaces/lib/python3.12/site-packages/lbot_arm_interfaces/srv/_move_c_s.c
-- Up-to-date: /home/lzy/lbot_ws/install/lbot_arm_interfaces/lib/python3.12/site-packages/lbot_arm_interfaces/srv/_set_string_s.c
-- Up-to-date: /home/lzy/lbot_ws/install/lbot_arm_interfaces/lib/python3.12/site-packages/lbot_arm_interfaces/srv/_forward_kinematics.py
-- Up-to-date: /home/lzy/lbot_ws/install/lbot_arm_interfaces/lib/python3.12/site-packages/lbot_arm_interfaces/srv/_get_current_frame.py
-- Up-to-date: /home/lzy/lbot_ws/install/lbot_arm_interfaces/lib/python3.12/site-packages/lbot_arm_interfaces/srv/_move_j_s.c
-- Up-to-date: /home/lzy/lbot_ws/install/lbot_arm_interfaces/lib/python3.12/site-packages/lbot_arm_interfaces/srv/_set_frame.py
-- Up-to-date: /home/lzy/lbot_ws/install/lbot_arm_interfaces/lib/python3.12/site-packages/lbot_arm_interfaces/srv/_set_emergency.py
-- Up-to-date: /home/lzy/lbot_ws/install/lbot_arm_interfaces/lib/python3.12/site-packages/lbot_arm_interfaces/srv/_get_all_frames_s.c
-- Up-to-date: /home/lzy/lbot_ws/install/lbot_arm_interfaces/lib/python3.12/site-packages/lbot_arm_interfaces/srv/_get_current_frame_s.c
-- Up-to-date: /home/lzy/lbot_ws/install/lbot_arm_interfaces/lib/python3.12/site-packages/lbot_arm_interfaces/srv/_get_frame_s.c
-- Up-to-date: /home/lzy/lbot_ws/install/lbot_arm_interfaces/lib/python3.12/site-packages/lbot_arm_interfaces/srv/_get_all_frames.py
-- Up-to-date: /home/lzy/lbot_ws/install/lbot_arm_interfaces/lib/python3.12/site-packages/lbot_arm_interfaces/srv/__init__.py
-- Up-to-date: /home/lzy/lbot_ws/install/lbot_arm_interfaces/lib/python3.12/site-packages/lbot_arm_interfaces/srv/_inverse_kinematics_s.c
-- Up-to-date: /home/lzy/lbot_ws/install/lbot_arm_interfaces/lib/python3.12/site-packages/lbot_arm_interfaces/srv/_move_j.py
-- Up-to-date: /home/lzy/lbot_ws/install/lbot_arm_interfaces/lib/python3.12/site-packages/lbot_arm_interfaces/srv/_set_emergency_s.c
-- Up-to-date: /home/lzy/lbot_ws/install/lbot_arm_interfaces/lib/python3.12/site-packages/lbot_arm_interfaces/srv/_set_enable_s.c
-- Up-to-date: /home/lzy/lbot_ws/install/lbot_arm_interfaces/lib/python3.12/site-packages/lbot_arm_interfaces/srv/_set_enable.py
-- Up-to-date: /home/lzy/lbot_ws/install/lbot_arm_interfaces/lib/python3.12/site-packages/lbot_arm_interfaces/srv/_set_frame_s.c
-- Up-to-date: /home/lzy/lbot_ws/install/lbot_arm_interfaces/lib/python3.12/site-packages/lbot_arm_interfaces/srv/_delete_frame_s.c
-- Up-to-date: /home/lzy/lbot_ws/install/lbot_arm_interfaces/lib/python3.12/site-packages/lbot_arm_interfaces/srv/_move_jp_s.c
-- Up-to-date: /home/lzy/lbot_ws/install/lbot_arm_interfaces/lib/python3.12/site-packages/lbot_arm_interfaces/srv/_move_c.py
-- Up-to-date: /home/lzy/lbot_ws/install/lbot_arm_interfaces/lib/python3.12/site-packages/lbot_arm_interfaces/srv/_set_zero_s.c
-- Up-to-date: /home/lzy/lbot_ws/install/lbot_arm_interfaces/lib/python3.12/site-packages/lbot_arm_interfaces/srv/_move_l.py
-- Up-to-date: /home/lzy/lbot_ws/install/lbot_arm_interfaces/lib/python3.12/site-packages/lbot_arm_interfaces/srv/_change_frame_s.c
-- Up-to-date: /home/lzy/lbot_ws/install/lbot_arm_interfaces/lib/python3.12/site-packages/lbot_arm_interfaces/_lbot_arm_interfaces_s.ep.rosidl_typesupport_c.c
-- Up-to-date: /home/lzy/lbot_ws/install/lbot_arm_interfaces/lib/python3.12/site-packages/lbot_arm_interfaces/_lbot_arm_interfaces_s.ep.rosidl_typesupport_introspection_c.c
Listing '/home/lzy/lbot_ws/install/lbot_arm_interfaces/lib/python3.12/site-packages/lbot_arm_interfaces'...
Listing '/home/lzy/lbot_ws/install/lbot_arm_interfaces/lib/python3.12/site-packages/lbot_arm_interfaces/msg'...
Listing '/home/lzy/lbot_ws/install/lbot_arm_interfaces/lib/python3.12/site-packages/lbot_arm_interfaces/srv'...
-- Up-to-date: /home/lzy/lbot_ws/install/lbot_arm_interfaces/lib/python3.12/site-packages/lbot_arm_interfaces/lbot_arm_interfaces_s__rosidl_typesupport_fastrtps_c.so
-- Up-to-date: /home/lzy/lbot_ws/install/lbot_arm_interfaces/lib/python3.12/site-packages/lbot_arm_interfaces/lbot_arm_interfaces_s__rosidl_typesupport_introspection_c.so
-- Up-to-date: /home/lzy/lbot_ws/install/lbot_arm_interfaces/lib/python3.12/site-packages/lbot_arm_interfaces/lbot_arm_interfaces_s__rosidl_typesupport_c.so
-- Up-to-date: /home/lzy/lbot_ws/install/lbot_arm_interfaces/lib/liblbot_arm_interfaces__rosidl_generator_py.so
-- Up-to-date: /home/lzy/lbot_ws/install/lbot_arm_interfaces/share/ament_index/resource_index/rust_packages/lbot_arm_interfaces
-- Up-to-date: /home/lzy/lbot_ws/install/lbot_arm_interfaces/share/lbot_arm_interfaces/rust
-- Up-to-date: /home/lzy/lbot_ws/install/lbot_arm_interfaces/share/lbot_arm_interfaces/rust/build.rs
-- Up-to-date: /home/lzy/lbot_ws/install/lbot_arm_interfaces/share/lbot_arm_interfaces/rust/Cargo.toml
-- Up-to-date: /home/lzy/lbot_ws/install/lbot_arm_interfaces/share/lbot_arm_interfaces/rust/src
-- Up-to-date: /home/lzy/lbot_ws/install/lbot_arm_interfaces/share/lbot_arm_interfaces/rust/src/msg
-- Up-to-date: /home/lzy/lbot_ws/install/lbot_arm_interfaces/share/lbot_arm_interfaces/rust/src/msg/rmw.rs
-- Up-to-date: /home/lzy/lbot_ws/install/lbot_arm_interfaces/share/lbot_arm_interfaces/rust/src/srv
-- Up-to-date: /home/lzy/lbot_ws/install/lbot_arm_interfaces/share/lbot_arm_interfaces/rust/src/srv/rmw.rs
-- Up-to-date: /home/lzy/lbot_ws/install/lbot_arm_interfaces/share/lbot_arm_interfaces/rust/src/srv.rs
-- Up-to-date: /home/lzy/lbot_ws/install/lbot_arm_interfaces/share/lbot_arm_interfaces/rust/src/lib.rs
-- Up-to-date: /home/lzy/lbot_ws/install/lbot_arm_interfaces/share/lbot_arm_interfaces/rust/src/msg.rs
-- Up-to-date: /home/lzy/lbot_ws/install/lbot_arm_interfaces/share/lbot_arm_interfaces/srv/MoveJ.idl
-- Up-to-date: /home/lzy/lbot_ws/install/lbot_arm_interfaces/share/lbot_arm_interfaces/srv/MoveL.idl
-- Up-to-date: /home/lzy/lbot_ws/install/lbot_arm_interfaces/share/lbot_arm_interfaces/srv/MoveC.idl
-- Up-to-date: /home/lzy/lbot_ws/install/lbot_arm_interfaces/share/lbot_arm_interfaces/srv/MoveJP.idl
-- Up-to-date: /home/lzy/lbot_ws/install/lbot_arm_interfaces/share/lbot_arm_interfaces/srv/InverseKinematics.idl
-- Up-to-date: /home/lzy/lbot_ws/install/lbot_arm_interfaces/share/lbot_arm_interfaces/srv/ForwardKinematics.idl
-- Up-to-date: /home/lzy/lbot_ws/install/lbot_arm_interfaces/share/lbot_arm_interfaces/srv/SetFrame.idl
-- Up-to-date: /home/lzy/lbot_ws/install/lbot_arm_interfaces/share/lbot_arm_interfaces/srv/SetString.idl
-- Up-to-date: /home/lzy/lbot_ws/install/lbot_arm_interfaces/share/lbot_arm_interfaces/srv/GetFrame.idl
-- Up-to-date: /home/lzy/lbot_ws/install/lbot_arm_interfaces/share/lbot_arm_interfaces/srv/GetCurrentFrame.idl
-- Up-to-date: /home/lzy/lbot_ws/install/lbot_arm_interfaces/share/lbot_arm_interfaces/srv/ChangeFrame.idl
-- Up-to-date: /home/lzy/lbot_ws/install/lbot_arm_interfaces/share/lbot_arm_interfaces/srv/DeleteFrame.idl
-- Up-to-date: /home/lzy/lbot_ws/install/lbot_arm_interfaces/share/lbot_arm_interfaces/srv/GetAllFrames.idl
-- Up-to-date: /home/lzy/lbot_ws/install/lbot_arm_interfaces/share/lbot_arm_interfaces/srv/SetZero.idl
-- Up-to-date: /home/lzy/lbot_ws/install/lbot_arm_interfaces/share/lbot_arm_interfaces/srv/SetEmergency.idl
-- Up-to-date: /home/lzy/lbot_ws/install/lbot_arm_interfaces/share/lbot_arm_interfaces/srv/SetEnable.idl
-- Up-to-date: /home/lzy/lbot_ws/install/lbot_arm_interfaces/share/lbot_arm_interfaces/msg/ArmState.idl
-- Up-to-date: /home/lzy/lbot_ws/install/lbot_arm_interfaces/share/lbot_arm_interfaces/msg/LbotPose.idl
-- Up-to-date: /home/lzy/lbot_ws/install/lbot_arm_interfaces/share/lbot_arm_interfaces/msg/LbotFrame.idl
-- Up-to-date: /home/lzy/lbot_ws/install/lbot_arm_interfaces/share/lbot_arm_interfaces/msg/FollowJoint.idl
-- Up-to-date: /home/lzy/lbot_ws/install/lbot_arm_interfaces/share/lbot_arm_interfaces/srv/MoveJ.srv
-- Up-to-date: /home/lzy/lbot_ws/install/lbot_arm_interfaces/share/lbot_arm_interfaces/srv/MoveL.srv
-- Up-to-date: /home/lzy/lbot_ws/install/lbot_arm_interfaces/share/lbot_arm_interfaces/srv/MoveC.srv
-- Up-to-date: /home/lzy/lbot_ws/install/lbot_arm_interfaces/share/lbot_arm_interfaces/srv/MoveJP.srv
-- Up-to-date: /home/lzy/lbot_ws/install/lbot_arm_interfaces/share/lbot_arm_interfaces/srv/InverseKinematics.srv
-- Up-to-date: /home/lzy/lbot_ws/install/lbot_arm_interfaces/share/lbot_arm_interfaces/srv/ForwardKinematics.srv
-- Up-to-date: /home/lzy/lbot_ws/install/lbot_arm_interfaces/share/lbot_arm_interfaces/srv/SetFrame.srv
-- Up-to-date: /home/lzy/lbot_ws/install/lbot_arm_interfaces/share/lbot_arm_interfaces/srv/SetString.srv
-- Up-to-date: /home/lzy/lbot_ws/install/lbot_arm_interfaces/share/lbot_arm_interfaces/srv/GetFrame.srv
-- Up-to-date: /home/lzy/lbot_ws/install/lbot_arm_interfaces/share/lbot_arm_interfaces/srv/GetCurrentFrame.srv
-- Up-to-date: /home/lzy/lbot_ws/install/lbot_arm_interfaces/share/lbot_arm_interfaces/srv/ChangeFrame.srv
-- Up-to-date: /home/lzy/lbot_ws/install/lbot_arm_interfaces/share/lbot_arm_interfaces/srv/DeleteFrame.srv
-- Up-to-date: /home/lzy/lbot_ws/install/lbot_arm_interfaces/share/lbot_arm_interfaces/srv/GetAllFrames.srv
-- Up-to-date: /home/lzy/lbot_ws/install/lbot_arm_interfaces/share/lbot_arm_interfaces/srv/SetZero.srv
-- Up-to-date: /home/lzy/lbot_ws/install/lbot_arm_interfaces/share/lbot_arm_interfaces/srv/SetEmergency.srv
-- Up-to-date: /home/lzy/lbot_ws/install/lbot_arm_interfaces/share/lbot_arm_interfaces/srv/SetEnable.srv
-- Up-to-date: /home/lzy/lbot_ws/install/lbot_arm_interfaces/share/lbot_arm_interfaces/msg/ArmState.msg
-- Up-to-date: /home/lzy/lbot_ws/install/lbot_arm_interfaces/share/lbot_arm_interfaces/msg/LbotPose.msg
-- Up-to-date: /home/lzy/lbot_ws/install/lbot_arm_interfaces/share/lbot_arm_interfaces/msg/LbotFrame.msg
-- Up-to-date: /home/lzy/lbot_ws/install/lbot_arm_interfaces/share/lbot_arm_interfaces/msg/FollowJoint.msg
-- Up-to-date: /home/lzy/lbot_ws/install/lbot_arm_interfaces/share/ament_index/resource_index/package_run_dependencies/lbot_arm_interfaces
-- Up-to-date: /home/lzy/lbot_ws/install/lbot_arm_interfaces/share/ament_index/resource_index/parent_prefix_path/lbot_arm_interfaces
-- Up-to-date: /home/lzy/lbot_ws/install/lbot_arm_interfaces/share/lbot_arm_interfaces/environment/ament_prefix_path.sh
-- Up-to-date: /home/lzy/lbot_ws/install/lbot_arm_interfaces/share/lbot_arm_interfaces/environment/ament_prefix_path.dsv
-- Up-to-date: /home/lzy/lbot_ws/install/lbot_arm_interfaces/share/lbot_arm_interfaces/environment/path.sh
-- Up-to-date: /home/lzy/lbot_ws/install/lbot_arm_interfaces/share/lbot_arm_interfaces/environment/path.dsv
-- Up-to-date: /home/lzy/lbot_ws/install/lbot_arm_interfaces/share/lbot_arm_interfaces/local_setup.bash
-- Up-to-date: /home/lzy/lbot_ws/install/lbot_arm_interfaces/share/lbot_arm_interfaces/local_setup.sh
-- Up-to-date: /home/lzy/lbot_ws/install/lbot_arm_interfaces/share/lbot_arm_interfaces/local_setup.zsh
-- Up-to-date: /home/lzy/lbot_ws/install/lbot_arm_interfaces/share/lbot_arm_interfaces/local_setup.dsv
-- Installing: /home/lzy/lbot_ws/install/lbot_arm_interfaces/share/lbot_arm_interfaces/package.dsv
-- Up-to-date: /home/lzy/lbot_ws/install/lbot_arm_interfaces/share/ament_index/resource_index/packages/lbot_arm_interfaces
-- Up-to-date: /home/lzy/lbot_ws/install/lbot_arm_interfaces/share/lbot_arm_interfaces/cmake/export_lbot_arm_interfaces__rosidl_generator_cExport.cmake
-- Up-to-date: /home/lzy/lbot_ws/install/lbot_arm_interfaces/share/lbot_arm_interfaces/cmake/export_lbot_arm_interfaces__rosidl_generator_cExport-noconfig.cmake
-- Up-to-date: /home/lzy/lbot_ws/install/lbot_arm_interfaces/share/lbot_arm_interfaces/cmake/export_lbot_arm_interfaces__rosidl_typesupport_fastrtps_cExport.cmake
-- Up-to-date: /home/lzy/lbot_ws/install/lbot_arm_interfaces/share/lbot_arm_interfaces/cmake/export_lbot_arm_interfaces__rosidl_typesupport_fastrtps_cExport-noconfig.cmake
-- Up-to-date: /home/lzy/lbot_ws/install/lbot_arm_interfaces/share/lbot_arm_interfaces/cmake/export_lbot_arm_interfaces__rosidl_generator_cppExport.cmake
-- Up-to-date: /home/lzy/lbot_ws/install/lbot_arm_interfaces/share/lbot_arm_interfaces/cmake/export_lbot_arm_interfaces__rosidl_typesupport_fastrtps_cppExport.cmake
-- Up-to-date: /home/lzy/lbot_ws/install/lbot_arm_interfaces/share/lbot_arm_interfaces/cmake/export_lbot_arm_interfaces__rosidl_typesupport_fastrtps_cppExport-noconfig.cmake
-- Up-to-date: /home/lzy/lbot_ws/install/lbot_arm_interfaces/share/lbot_arm_interfaces/cmake/lbot_arm_interfaces__rosidl_typesupport_introspection_cExport.cmake
-- Up-to-date: /home/lzy/lbot_ws/install/lbot_arm_interfaces/share/lbot_arm_interfaces/cmake/lbot_arm_interfaces__rosidl_typesupport_introspection_cExport-noconfig.cmake
-- Up-to-date: /home/lzy/lbot_ws/install/lbot_arm_interfaces/share/lbot_arm_interfaces/cmake/lbot_arm_interfaces__rosidl_typesupport_cExport.cmake
-- Up-to-date: /home/lzy/lbot_ws/install/lbot_arm_interfaces/share/lbot_arm_interfaces/cmake/lbot_arm_interfaces__rosidl_typesupport_cExport-noconfig.cmake
-- Up-to-date: /home/lzy/lbot_ws/install/lbot_arm_interfaces/share/lbot_arm_interfaces/cmake/lbot_arm_interfaces__rosidl_typesupport_introspection_cppExport.cmake
-- Up-to-date: /home/lzy/lbot_ws/install/lbot_arm_interfaces/share/lbot_arm_interfaces/cmake/lbot_arm_interfaces__rosidl_typesupport_introspection_cppExport-noconfig.cmake
-- Up-to-date: /home/lzy/lbot_ws/install/lbot_arm_interfaces/share/lbot_arm_interfaces/cmake/lbot_arm_interfaces__rosidl_typesupport_cppExport.cmake
-- Up-to-date: /home/lzy/lbot_ws/install/lbot_arm_interfaces/share/lbot_arm_interfaces/cmake/lbot_arm_interfaces__rosidl_typesupport_cppExport-noconfig.cmake
-- Up-to-date: /home/lzy/lbot_ws/install/lbot_arm_interfaces/share/lbot_arm_interfaces/cmake/export_lbot_arm_interfaces__rosidl_generator_pyExport.cmake
-- Up-to-date: /home/lzy/lbot_ws/install/lbot_arm_interfaces/share/lbot_arm_interfaces/cmake/export_lbot_arm_interfaces__rosidl_generator_pyExport-noconfig.cmake
-- Up-to-date: /home/lzy/lbot_ws/install/lbot_arm_interfaces/share/lbot_arm_interfaces/cmake/rosidl_cmake-extras.cmake
-- Up-to-date: /home/lzy/lbot_ws/install/lbot_arm_interfaces/share/lbot_arm_interfaces/cmake/ament_cmake_export_dependencies-extras.cmake
-- Up-to-date: /home/lzy/lbot_ws/install/lbot_arm_interfaces/share/lbot_arm_interfaces/cmake/ament_cmake_export_include_directories-extras.cmake
-- Up-to-date: /home/lzy/lbot_ws/install/lbot_arm_interfaces/share/lbot_arm_interfaces/cmake/ament_cmake_export_libraries-extras.cmake
-- Up-to-date: /home/lzy/lbot_ws/install/lbot_arm_interfaces/share/lbot_arm_interfaces/cmake/ament_cmake_export_targets-extras.cmake
-- Up-to-date: /home/lzy/lbot_ws/install/lbot_arm_interfaces/share/lbot_arm_interfaces/cmake/rosidl_cmake_export_typesupport_targets-extras.cmake
-- Up-to-date: /home/lzy/lbot_ws/install/lbot_arm_interfaces/share/lbot_arm_interfaces/cmake/rosidl_cmake_export_typesupport_libraries-extras.cmake
-- Up-to-date: /home/lzy/lbot_ws/install/lbot_arm_interfaces/share/lbot_arm_interfaces/cmake/rosidl_cmake_aggregate_target-extras.cmake
-- Up-to-date: /home/lzy/lbot_ws/install/lbot_arm_interfaces/share/lbot_arm_interfaces/cmake/lbot_arm_interfacesConfig.cmake
-- Up-to-date: /home/lzy/lbot_ws/install/lbot_arm_interfaces/share/lbot_arm_interfaces/cmake/lbot_arm_interfacesConfig-version.cmake
-- Up-to-date: /home/lzy/lbot_ws/install/lbot_arm_interfaces/share/lbot_arm_interfaces/package.xml
