[0.050s] Invoking command in '/home/lzy/lbot_ws/build/lbot_demo': CMAKE_PREFIX_PATH=/home/lzy/lbot_ws/install/lbot_arm_interfaces:/home/lzy/lbot_ws/install/lbot_teleop:/home/lzy/lbot_ws/install/lbot_demo:/opt/ros/jazzy/opt/gz_math_vendor:/opt/ros/jazzy/opt/gz_utils_vendor:/opt/ros/jazzy/opt/gz_cmake_vendor:/opt/ros/jazzy /usr/bin/cmake --build /home/lzy/lbot_ws/build/lbot_demo -- -j24 -l24
[0.081s] [ 13%] Built target demo_lkls_i1_movej
[0.081s] [ 13%] Built target demo_lkls_i1_movejp
[0.081s] [ 20%] Built target demo_lkls_i1_movel
[0.081s] [ 26%] Built target demo_lkls_movej
[0.082s] [ 33%] Built target demo_fk
[0.084s] [ 40%] Built target demo_lkrs_movel
[0.084s] [ 46%] Built target demo_lkrs_movejp
[0.084s] [ 53%] Built target demo_emergency_enable
[0.084s] [ 60%] Built target demo_tool_frame
[0.084s] [ 66%] Built target demo_lkrs_movej
[0.084s] [ 73%] Built target demo_lkls_movejp
[0.084s] [ 80%] Built target demo_hand_l6_control
[0.084s] [ 86%] Built target demo_lkls_movel
[0.084s] [ 93%] Built target demo_hand_l10_control
[0.085s] [100%] Built target demo_ik
[0.090s] Invoked command in '/home/lzy/lbot_ws/build/lbot_demo' returned '0': CMAKE_PREFIX_PATH=/home/lzy/lbot_ws/install/lbot_arm_interfaces:/home/lzy/lbot_ws/install/lbot_teleop:/home/lzy/lbot_ws/install/lbot_demo:/opt/ros/jazzy/opt/gz_math_vendor:/opt/ros/jazzy/opt/gz_utils_vendor:/opt/ros/jazzy/opt/gz_cmake_vendor:/opt/ros/jazzy /usr/bin/cmake --build /home/lzy/lbot_ws/build/lbot_demo -- -j24 -l24
[0.091s] Invoking command in '/home/lzy/lbot_ws/build/lbot_demo': CMAKE_PREFIX_PATH=/home/lzy/lbot_ws/install/lbot_arm_interfaces:/home/lzy/lbot_ws/install/lbot_teleop:/home/lzy/lbot_ws/install/lbot_demo:/opt/ros/jazzy/opt/gz_math_vendor:/opt/ros/jazzy/opt/gz_utils_vendor:/opt/ros/jazzy/opt/gz_cmake_vendor:/opt/ros/jazzy /usr/bin/cmake --install /home/lzy/lbot_ws/build/lbot_demo
[0.095s] -- Install configuration: ""
[0.095s] -- Up-to-date: /home/lzy/lbot_ws/install/lbot_demo/lib/lbot_demo/demo_lkrs_movel
[0.095s] -- Up-to-date: /home/lzy/lbot_ws/install/lbot_demo/lib/lbot_demo/demo_lkrs_movej
[0.095s] -- Up-to-date: /home/lzy/lbot_ws/install/lbot_demo/lib/lbot_demo/demo_lkrs_movejp
[0.095s] -- Up-to-date: /home/lzy/lbot_ws/install/lbot_demo/lib/lbot_demo/demo_lkls_movel
[0.095s] -- Up-to-date: /home/lzy/lbot_ws/install/lbot_demo/lib/lbot_demo/demo_lkls_movej
[0.095s] -- Up-to-date: /home/lzy/lbot_ws/install/lbot_demo/lib/lbot_demo/demo_lkls_movejp
[0.095s] -- Up-to-date: /home/lzy/lbot_ws/install/lbot_demo/lib/lbot_demo/demo_lkls_i1_movel
[0.095s] -- Up-to-date: /home/lzy/lbot_ws/install/lbot_demo/lib/lbot_demo/demo_lkls_i1_movej
[0.095s] -- Up-to-date: /home/lzy/lbot_ws/install/lbot_demo/lib/lbot_demo/demo_lkls_i1_movejp
[0.096s] -- Up-to-date: /home/lzy/lbot_ws/install/lbot_demo/lib/lbot_demo/demo_fk
[0.096s] -- Up-to-date: /home/lzy/lbot_ws/install/lbot_demo/lib/lbot_demo/demo_ik
[0.096s] -- Up-to-date: /home/lzy/lbot_ws/install/lbot_demo/lib/lbot_demo/demo_tool_frame
[0.096s] -- Up-to-date: /home/lzy/lbot_ws/install/lbot_demo/lib/lbot_demo/demo_emergency_enable
[0.096s] -- Up-to-date: /home/lzy/lbot_ws/install/lbot_demo/lib/lbot_demo/demo_hand_l6_control
[0.096s] -- Up-to-date: /home/lzy/lbot_ws/install/lbot_demo/lib/lbot_demo/demo_hand_l10_control
[0.096s] -- Up-to-date: /home/lzy/lbot_ws/install/lbot_demo/share/lbot_demo/launch
[0.096s] -- Up-to-date: /home/lzy/lbot_ws/install/lbot_demo/share/lbot_demo/launch/lbot_start_demo.launch.py
[0.096s] -- Up-to-date: /home/lzy/lbot_ws/install/lbot_demo/share/ament_index/resource_index/package_run_dependencies/lbot_demo
[0.096s] -- Up-to-date: /home/lzy/lbot_ws/install/lbot_demo/share/ament_index/resource_index/parent_prefix_path/lbot_demo
[0.096s] -- Up-to-date: /home/lzy/lbot_ws/install/lbot_demo/share/lbot_demo/environment/ament_prefix_path.sh
[0.096s] -- Up-to-date: /home/lzy/lbot_ws/install/lbot_demo/share/lbot_demo/environment/ament_prefix_path.dsv
[0.096s] -- Up-to-date: /home/lzy/lbot_ws/install/lbot_demo/share/lbot_demo/environment/path.sh
[0.096s] -- Up-to-date: /home/lzy/lbot_ws/install/lbot_demo/share/lbot_demo/environment/path.dsv
[0.096s] -- Up-to-date: /home/lzy/lbot_ws/install/lbot_demo/share/lbot_demo/local_setup.bash
[0.096s] -- Up-to-date: /home/lzy/lbot_ws/install/lbot_demo/share/lbot_demo/local_setup.sh
[0.096s] -- Up-to-date: /home/lzy/lbot_ws/install/lbot_demo/share/lbot_demo/local_setup.zsh
[0.097s] -- Up-to-date: /home/lzy/lbot_ws/install/lbot_demo/share/lbot_demo/local_setup.dsv
[0.097s] -- Installing: /home/lzy/lbot_ws/install/lbot_demo/share/lbot_demo/package.dsv
[0.097s] -- Up-to-date: /home/lzy/lbot_ws/install/lbot_demo/share/ament_index/resource_index/packages/lbot_demo
[0.097s] -- Up-to-date: /home/lzy/lbot_ws/install/lbot_demo/share/lbot_demo/cmake/lbot_demoConfig.cmake
[0.097s] -- Up-to-date: /home/lzy/lbot_ws/install/lbot_demo/share/lbot_demo/cmake/lbot_demoConfig-version.cmake
[0.097s] -- Up-to-date: /home/lzy/lbot_ws/install/lbot_demo/share/lbot_demo/package.xml
[0.097s] Invoked command in '/home/lzy/lbot_ws/build/lbot_demo' returned '0': CMAKE_PREFIX_PATH=/home/lzy/lbot_ws/install/lbot_arm_interfaces:/home/lzy/lbot_ws/install/lbot_teleop:/home/lzy/lbot_ws/install/lbot_demo:/opt/ros/jazzy/opt/gz_math_vendor:/opt/ros/jazzy/opt/gz_utils_vendor:/opt/ros/jazzy/opt/gz_cmake_vendor:/opt/ros/jazzy /usr/bin/cmake --install /home/lzy/lbot_ws/build/lbot_demo
