[100%] Built target lbot_driver
-- Install configuration: ""
-- Up-to-date: /home/lzy/lbot_ws/install/lbot_driver/lib/lbot_driver/lbot_driver
-- Up-to-date: /home/lzy/lbot_ws/install/lbot_driver/share/lbot_driver/launch
-- Up-to-date: /home/lzy/lbot_ws/install/lbot_driver/share/lbot_driver/launch/lbot_start_driver.launch.py
-- Up-to-date: /home/lzy/lbot_ws/install/lbot_driver/share/lbot_driver/config
-- Up-to-date: /home/lzy/lbot_ws/install/lbot_driver/share/lbot_driver/config/lbot_config.yaml
-- Up-to-date: /home/lzy/lbot_ws/install/lbot_driver/lib
-- Up-to-date: /home/lzy/lbot_ws/install/lbot_driver/lib/lib_install.sh
-- Up-to-date: /home/lzy/lbot_ws/install/lbot_driver/lib/linux_arm64
-- Up-to-date: /home/lzy/lbot_ws/install/lbot_driver/lib/linux_arm64/liblbot_api_cpp.so.1.0.5
-- Up-to-date: /home/lzy/lbot_ws/install/lbot_driver/lib/linux_arm64/liblbot_api.so.1.0.5
-- Up-to-date: /home/lzy/lbot_ws/install/lbot_driver/lib/linux_arm64/liblbot_api.so
-- Up-to-date: /home/lzy/lbot_ws/install/lbot_driver/lib/linux_arm64/liblbot_api_cpp.so
-- Up-to-date: /home/lzy/lbot_ws/install/lbot_driver/lib/linux_arm64/liblbot_api_cpp.so.1
-- Up-to-date: /home/lzy/lbot_ws/install/lbot_driver/lib/linux_arm64/liblbot_api.so.1
-- Up-to-date: /home/lzy/lbot_ws/install/lbot_driver/lib/linux_x64
-- Up-to-date: /home/lzy/lbot_ws/install/lbot_driver/lib/linux_x64/liblbot_api_cpp.so.1.0.5
-- Up-to-date: /home/lzy/lbot_ws/install/lbot_driver/lib/linux_x64/liblbot_api.so.1.0.5
-- Up-to-date: /home/lzy/lbot_ws/install/lbot_driver/lib/linux_x64/liblbot_api.so
-- Up-to-date: /home/lzy/lbot_ws/install/lbot_driver/lib/linux_x64/liblbot_api_cpp.so
-- Up-to-date: /home/lzy/lbot_ws/install/lbot_driver/lib/linux_x64/liblbot_api_cpp.so.1
-- Up-to-date: /home/lzy/lbot_ws/install/lbot_driver/lib/linux_x64/liblbot_api.so.1
-- Up-to-date: /home/lzy/lbot_ws/install/lbot_driver/lib/liblbot_api_cpp.so.1.0.0
-- Up-to-date: /home/lzy/lbot_ws/install/lbot_driver/lib/liblbot_api_cpp.so
-- Up-to-date: /home/lzy/lbot_ws/install/lbot_driver/lib/liblbot_api_cpp.so.1
-- Up-to-date: /home/lzy/lbot_ws/install/lbot_driver/share/ament_index/resource_index/package_run_dependencies/lbot_driver
-- Up-to-date: /home/lzy/lbot_ws/install/lbot_driver/share/ament_index/resource_index/parent_prefix_path/lbot_driver
-- Up-to-date: /home/lzy/lbot_ws/install/lbot_driver/share/lbot_driver/environment/ament_prefix_path.sh
-- Up-to-date: /home/lzy/lbot_ws/install/lbot_driver/share/lbot_driver/environment/ament_prefix_path.dsv
-- Up-to-date: /home/lzy/lbot_ws/install/lbot_driver/share/lbot_driver/environment/path.sh
-- Up-to-date: /home/lzy/lbot_ws/install/lbot_driver/share/lbot_driver/environment/path.dsv
-- Up-to-date: /home/lzy/lbot_ws/install/lbot_driver/share/lbot_driver/local_setup.bash
-- Up-to-date: /home/lzy/lbot_ws/install/lbot_driver/share/lbot_driver/local_setup.sh
-- Up-to-date: /home/lzy/lbot_ws/install/lbot_driver/share/lbot_driver/local_setup.zsh
-- Up-to-date: /home/lzy/lbot_ws/install/lbot_driver/share/lbot_driver/local_setup.dsv
-- Installing: /home/lzy/lbot_ws/install/lbot_driver/share/lbot_driver/package.dsv
-- Up-to-date: /home/lzy/lbot_ws/install/lbot_driver/share/ament_index/resource_index/packages/lbot_driver
-- Up-to-date: /home/lzy/lbot_ws/install/lbot_driver/share/lbot_driver/cmake/lbot_driverConfig.cmake
-- Up-to-date: /home/lzy/lbot_ws/install/lbot_driver/share/lbot_driver/cmake/lbot_driverConfig-version.cmake
-- Up-to-date: /home/lzy/lbot_ws/install/lbot_driver/share/lbot_driver/package.xml
