[100%] Built target demo_teleop
-- Install configuration: ""
-- Up-to-date: /home/lzy/lbot_ws/install/lbot_teleop/lib/lbot_teleop/demo_teleop
-- Up-to-date: /home/lzy/lbot_ws/install/lbot_teleop/share/lbot_teleop/launch
-- Up-to-date: /home/lzy/lbot_ws/install/lbot_teleop/share/lbot_teleop/launch/lbot_start_teleop.launch.py
-- Up-to-date: /home/lzy/lbot_ws/install/lbot_teleop/share/ament_index/resource_index/package_run_dependencies/lbot_teleop
-- Up-to-date: /home/lzy/lbot_ws/install/lbot_teleop/share/ament_index/resource_index/parent_prefix_path/lbot_teleop
-- Up-to-date: /home/lzy/lbot_ws/install/lbot_teleop/share/lbot_teleop/environment/ament_prefix_path.sh
-- Up-to-date: /home/lzy/lbot_ws/install/lbot_teleop/share/lbot_teleop/environment/ament_prefix_path.dsv
-- Up-to-date: /home/lzy/lbot_ws/install/lbot_teleop/share/lbot_teleop/environment/path.sh
-- Up-to-date: /home/lzy/lbot_ws/install/lbot_teleop/share/lbot_teleop/environment/path.dsv
-- Up-to-date: /home/lzy/lbot_ws/install/lbot_teleop/share/lbot_teleop/local_setup.bash
-- Up-to-date: /home/lzy/lbot_ws/install/lbot_teleop/share/lbot_teleop/local_setup.sh
-- Up-to-date: /home/lzy/lbot_ws/install/lbot_teleop/share/lbot_teleop/local_setup.zsh
-- Up-to-date: /home/lzy/lbot_ws/install/lbot_teleop/share/lbot_teleop/local_setup.dsv
-- Installing: /home/lzy/lbot_ws/install/lbot_teleop/share/lbot_teleop/package.dsv
-- Up-to-date: /home/lzy/lbot_ws/install/lbot_teleop/share/ament_index/resource_index/packages/lbot_teleop
-- Up-to-date: /home/lzy/lbot_ws/install/lbot_teleop/share/lbot_teleop/cmake/lbot_teleopConfig.cmake
-- Up-to-date: /home/lzy/lbot_ws/install/lbot_teleop/share/lbot_teleop/cmake/lbot_teleopConfig-version.cmake
-- Up-to-date: /home/lzy/lbot_ws/install/lbot_teleop/share/lbot_teleop/package.xml
