[0.038s] Invoking command in '/home/lzy/lbot_ws/build/lbot_demo': AMENT_PREFIX_PATH=/home/lzy/lbot_ws/install/lbot_arm_interfaces:${AMENT_PREFIX_PATH} CMAKE_PREFIX_PATH=/home/lzy/lbot_ws/install/lbot_arm_interfaces:/opt/ros/jazzy/opt/gz_math_vendor:/opt/ros/jazzy/opt/gz_utils_vendor:/opt/ros/jazzy/opt/gz_cmake_vendor:/opt/ros/jazzy LD_LIBRARY_PATH=/home/lzy/lbot_ws/install/lbot_arm_interfaces/lib:${LD_LIBRARY_PATH} PYTHONPATH=/home/lzy/lbot_ws/install/lbot_arm_interfaces/lib/python3.12/site-packages:${PYTHONPATH} /usr/bin/cmake /home/lzy/lbot_ws/src/lbot_demo -DCMAKE_INSTALL_PREFIX=/home/lzy/lbot_ws/install/lbot_demo
[0.089s] -- The C compiler identification is GNU 13.3.0
[0.289s] -- The CXX compiler identification is GNU 13.3.0
[0.479s] -- Detecting C compiler ABI info
[0.579s] -- Detecting C compiler ABI info - done
[0.584s] -- Check for working C compiler: /usr/bin/cc - skipped
[0.584s] -- Detecting C compile features
[0.584s] -- Detecting C compile features - done
[0.619s] -- Detecting CXX compiler ABI info
[0.717s] -- Detecting CXX compiler ABI info - done
[0.722s] -- Check for working CXX compiler: /usr/bin/c++ - skipped
[0.722s] -- Detecting CXX compile features
[0.722s] -- Detecting CXX compile features - done
[0.723s] -- Found ament_cmake: 2.5.6 (/opt/ros/jazzy/share/ament_cmake/cmake)
[0.799s] -- Found Python3: /usr/bin/python3 (found version "3.12.3") found components: Interpreter 
[0.850s] -- Found rclcpp: 28.1.21 (/opt/ros/jazzy/share/rclcpp/cmake)
[0.909s] -- Found rosidl_generator_c: 4.6.9 (/opt/ros/jazzy/share/rosidl_generator_c/cmake)
[0.914s] -- Found rosidl_generator_cpp: 4.6.9 (/opt/ros/jazzy/share/rosidl_generator_cpp/cmake)
[0.921s] -- Using all available rosidl_typesupport_c: rosidl_typesupport_fastrtps_c;rosidl_typesupport_introspection_c
[0.929s] -- Using all available rosidl_typesupport_cpp: rosidl_typesupport_fastrtps_cpp;rosidl_typesupport_introspection_cpp
[0.975s] -- Found rmw_implementation_cmake: 7.3.3 (/opt/ros/jazzy/share/rmw_implementation_cmake/cmake)
[0.978s] -- Found rmw_fastrtps_cpp: 8.4.4 (/opt/ros/jazzy/share/rmw_fastrtps_cpp/cmake)
[1.025s] -- Found OpenSSL: /usr/lib/x86_64-linux-gnu/libcrypto.so (found version "3.0.13")  
[1.083s] -- Found FastRTPS: /opt/ros/jazzy/include (Required is at least version "2.13") 
[1.118s] -- Using RMW implementation 'rmw_fastrtps_cpp' as default
[1.215s] -- Found std_msgs: 5.3.8 (/opt/ros/jazzy/share/std_msgs/cmake)
[1.223s] -- Found std_srvs: 5.3.8 (/opt/ros/jazzy/share/std_srvs/cmake)
[1.236s] -- Found sensor_msgs: 5.3.8 (/opt/ros/jazzy/share/sensor_msgs/cmake)
[1.258s] -- Found tf2: 0.36.21 (/opt/ros/jazzy/share/tf2/cmake)
[1.261s] -- Found tf2_geometry_msgs: 0.36.21 (/opt/ros/jazzy/share/tf2_geometry_msgs/cmake)
[1.284s] -- Found eigen3_cmake_module: 0.3.1 (/opt/ros/jazzy/share/eigen3_cmake_module/cmake)
[1.285s] -- Found Eigen3: TRUE (found version "3.4.0") 
[1.285s] -- Ensuring Eigen3 include directory is part of orocos-kdl CMake target
[1.380s] -- Found lbot_arm_interfaces: 0.0.0 (/home/lzy/lbot_ws/install/lbot_arm_interfaces/share/lbot_arm_interfaces/cmake)
[1.401s] -- Found ament_lint_auto: 0.17.5 (/opt/ros/jazzy/share/ament_lint_auto/cmake)
[1.464s] -- Added test 'cppcheck' to perform static code analysis on C / C++ code
[1.465s] -- Configured cppcheck include dirs: /home/lzy/lbot_ws/src/lbot_demo/include;/home/lzy/lbot_ws/src/lbot_demo/include/lbot_demo
[1.465s] -- Configured cppcheck exclude dirs and/or files: 
[1.465s] -- Added test 'flake8' to check Python code syntax and style conventions
[1.465s] -- Configured 'flake8' exclude dirs and/or files: 
[1.465s] -- Added test 'lint_cmake' to check CMake code style
[1.466s] -- Added test 'pep257' to check Python code against some of the docstring style conventions in PEP 257
[1.466s] -- Added test 'uncrustify' to check C / C++ code style
[1.466s] -- Configured uncrustify additional arguments: 
[1.467s] -- Added test 'xmllint' to check XML markup files
[1.467s] -- Configuring done (1.4s)
[1.504s] -- Generating done (0.0s)
[1.516s] -- Build files have been written to: /home/lzy/lbot_ws/build/lbot_demo
[1.526s] Invoked command in '/home/lzy/lbot_ws/build/lbot_demo' returned '0': AMENT_PREFIX_PATH=/home/lzy/lbot_ws/install/lbot_arm_interfaces:${AMENT_PREFIX_PATH} CMAKE_PREFIX_PATH=/home/lzy/lbot_ws/install/lbot_arm_interfaces:/opt/ros/jazzy/opt/gz_math_vendor:/opt/ros/jazzy/opt/gz_utils_vendor:/opt/ros/jazzy/opt/gz_cmake_vendor:/opt/ros/jazzy LD_LIBRARY_PATH=/home/lzy/lbot_ws/install/lbot_arm_interfaces/lib:${LD_LIBRARY_PATH} PYTHONPATH=/home/lzy/lbot_ws/install/lbot_arm_interfaces/lib/python3.12/site-packages:${PYTHONPATH} /usr/bin/cmake /home/lzy/lbot_ws/src/lbot_demo -DCMAKE_INSTALL_PREFIX=/home/lzy/lbot_ws/install/lbot_demo
[1.527s] Invoking command in '/home/lzy/lbot_ws/build/lbot_demo': AMENT_PREFIX_PATH=/home/lzy/lbot_ws/install/lbot_arm_interfaces:${AMENT_PREFIX_PATH} CMAKE_PREFIX_PATH=/home/lzy/lbot_ws/install/lbot_arm_interfaces:/opt/ros/jazzy/opt/gz_math_vendor:/opt/ros/jazzy/opt/gz_utils_vendor:/opt/ros/jazzy/opt/gz_cmake_vendor:/opt/ros/jazzy LD_LIBRARY_PATH=/home/lzy/lbot_ws/install/lbot_arm_interfaces/lib:${LD_LIBRARY_PATH} PYTHONPATH=/home/lzy/lbot_ws/install/lbot_arm_interfaces/lib/python3.12/site-packages:${PYTHONPATH} /usr/bin/cmake --build /home/lzy/lbot_ws/build/lbot_demo -- -j24 -l24
[1.557s] [  3%] [32mBuilding CXX object CMakeFiles/demo_lkls_i1_movej.dir/src/demo_lkls_i1_movej.cpp.o[0m
[1.557s] [ 10%] [32mBuilding CXX object CMakeFiles/demo_lkrs_movej.dir/src/demo_lkrs_movej.cpp.o[0m
[1.558s] [ 10%] [32mBuilding CXX object CMakeFiles/demo_lkrs_movejp.dir/src/demo_lkrs_movejp.cpp.o[0m
[1.558s] [ 13%] [32mBuilding CXX object CMakeFiles/demo_fk.dir/src/demo_fk.cpp.o[0m
[1.559s] [ 20%] [32mBuilding CXX object CMakeFiles/demo_lkrs_movel.dir/src/demo_lkrs_movel.cpp.o[0m
[1.559s] [ 20%] [32mBuilding CXX object CMakeFiles/demo_lkls_i1_movejp.dir/src/demo_lkls_i1_movejp.cpp.o[0m
[1.559s] [ 23%] [32mBuilding CXX object CMakeFiles/demo_lkls_movel.dir/src/demo_lkls_movel.cpp.o[0m
[1.559s] [ 26%] [32mBuilding CXX object CMakeFiles/demo_lkls_i1_movel.dir/src/demo_lkls_i1_movel.cpp.o[0m
[1.560s] [ 30%] [32mBuilding CXX object CMakeFiles/demo_hand_l6_control.dir/src/demo_hand_l6_control.cpp.o[0m
[1.560s] [ 33%] [32mBuilding CXX object CMakeFiles/demo_emergency_enable.dir/src/demo_emergency_enable.cpp.o[0m
[1.560s] [ 36%] [32mBuilding CXX object CMakeFiles/demo_tool_frame.dir/src/demo_tool_frame.cpp.o[0m
[1.561s] [ 40%] [32mBuilding CXX object CMakeFiles/demo_lkls_movejp.dir/src/demo_lkls_movejp.cpp.o[0m
[1.561s] [ 43%] [32mBuilding CXX object CMakeFiles/demo_lkls_movej.dir/src/demo_lkls_movej.cpp.o[0m
[1.562s] [ 46%] [32mBuilding CXX object CMakeFiles/demo_hand_l10_control.dir/src/demo_hand_l10_control.cpp.o[0m
[1.563s] [ 50%] [32mBuilding CXX object CMakeFiles/demo_ik.dir/src/demo_ik.cpp.o[0m
[4.899s] [ 53%] [32m[1mLinking CXX executable demo_lkls_movej[0m
[4.918s] [ 56%] [32m[1mLinking CXX executable demo_lkls_movejp[0m
[4.931s] [ 60%] [32m[1mLinking CXX executable demo_lkls_i1_movejp[0m
[4.937s] [ 63%] [32m[1mLinking CXX executable demo_fk[0m
[4.937s] [ 66%] [32m[1mLinking CXX executable demo_lkrs_movejp[0m
[4.947s] [ 70%] [32m[1mLinking CXX executable demo_lkrs_movej[0m
[4.955s] [ 73%] [32m[1mLinking CXX executable demo_lkls_i1_movej[0m
[4.992s] [ 76%] [32m[1mLinking CXX executable demo_ik[0m
[5.128s] [ 76%] Built target demo_fk
[5.129s] [ 76%] Built target demo_lkls_i1_movejp
[5.129s] [ 76%] Built target demo_lkrs_movejp
[5.129s] [ 76%] Built target demo_lkls_movej
[5.130s] [ 76%] Built target demo_lkls_movejp
[5.140s] [ 76%] Built target demo_lkrs_movej
[5.155s] [ 76%] Built target demo_lkls_i1_movej
[5.182s] [ 76%] Built target demo_ik
[5.287s] [ 83%] [32m[1mLinking CXX executable demo_hand_l6_control[0m
[5.287s] [ 83%] [32m[1mLinking CXX executable demo_lkls_i1_movel[0m
[5.290s] [ 86%] [32m[1mLinking CXX executable demo_lkls_movel[0m
[5.290s] [ 90%] [32m[1mLinking CXX executable demo_lkrs_movel[0m
[5.313s] [ 93%] [32m[1mLinking CXX executable demo_hand_l10_control[0m
[5.443s] [ 93%] Built target demo_lkrs_movel
[5.443s] [ 93%] Built target demo_lkls_i1_movel
[5.444s] [ 93%] Built target demo_hand_l6_control
[5.451s] [ 93%] Built target demo_lkls_movel
[5.471s] [ 93%] Built target demo_hand_l10_control
[5.849s] [ 96%] [32m[1mLinking CXX executable demo_emergency_enable[0m
[5.993s] [ 96%] Built target demo_emergency_enable
[6.679s] [100%] [32m[1mLinking CXX executable demo_tool_frame[0m
[6.852s] [100%] Built target demo_tool_frame
[6.859s] Invoked command in '/home/lzy/lbot_ws/build/lbot_demo' returned '0': AMENT_PREFIX_PATH=/home/lzy/lbot_ws/install/lbot_arm_interfaces:${AMENT_PREFIX_PATH} CMAKE_PREFIX_PATH=/home/lzy/lbot_ws/install/lbot_arm_interfaces:/opt/ros/jazzy/opt/gz_math_vendor:/opt/ros/jazzy/opt/gz_utils_vendor:/opt/ros/jazzy/opt/gz_cmake_vendor:/opt/ros/jazzy LD_LIBRARY_PATH=/home/lzy/lbot_ws/install/lbot_arm_interfaces/lib:${LD_LIBRARY_PATH} PYTHONPATH=/home/lzy/lbot_ws/install/lbot_arm_interfaces/lib/python3.12/site-packages:${PYTHONPATH} /usr/bin/cmake --build /home/lzy/lbot_ws/build/lbot_demo -- -j24 -l24
[6.859s] Invoking command in '/home/lzy/lbot_ws/build/lbot_demo': AMENT_PREFIX_PATH=/home/lzy/lbot_ws/install/lbot_arm_interfaces:${AMENT_PREFIX_PATH} CMAKE_PREFIX_PATH=/home/lzy/lbot_ws/install/lbot_arm_interfaces:/opt/ros/jazzy/opt/gz_math_vendor:/opt/ros/jazzy/opt/gz_utils_vendor:/opt/ros/jazzy/opt/gz_cmake_vendor:/opt/ros/jazzy LD_LIBRARY_PATH=/home/lzy/lbot_ws/install/lbot_arm_interfaces/lib:${LD_LIBRARY_PATH} PYTHONPATH=/home/lzy/lbot_ws/install/lbot_arm_interfaces/lib/python3.12/site-packages:${PYTHONPATH} /usr/bin/cmake --install /home/lzy/lbot_ws/build/lbot_demo
[6.863s] -- Install configuration: ""
[6.864s] -- Installing: /home/lzy/lbot_ws/install/lbot_demo/lib/lbot_demo/demo_lkrs_movel
[6.864s] -- Set non-toolchain portion of runtime path of "/home/lzy/lbot_ws/install/lbot_demo/lib/lbot_demo/demo_lkrs_movel" to ""
[6.865s] -- Installing: /home/lzy/lbot_ws/install/lbot_demo/lib/lbot_demo/demo_lkrs_movej
[6.865s] -- Set non-toolchain portion of runtime path of "/home/lzy/lbot_ws/install/lbot_demo/lib/lbot_demo/demo_lkrs_movej" to ""
[6.865s] -- Installing: /home/lzy/lbot_ws/install/lbot_demo/lib/lbot_demo/demo_lkrs_movejp
[6.865s] -- Set non-toolchain portion of runtime path of "/home/lzy/lbot_ws/install/lbot_demo/lib/lbot_demo/demo_lkrs_movejp" to ""
[6.866s] -- Installing: /home/lzy/lbot_ws/install/lbot_demo/lib/lbot_demo/demo_lkls_movel
[6.866s] -- Set non-toolchain portion of runtime path of "/home/lzy/lbot_ws/install/lbot_demo/lib/lbot_demo/demo_lkls_movel" to ""
[6.866s] -- Installing: /home/lzy/lbot_ws/install/lbot_demo/lib/lbot_demo/demo_lkls_movej
[6.867s] -- Set non-toolchain portion of runtime path of "/home/lzy/lbot_ws/install/lbot_demo/lib/lbot_demo/demo_lkls_movej" to ""
[6.867s] -- Installing: /home/lzy/lbot_ws/install/lbot_demo/lib/lbot_demo/demo_lkls_movejp
[6.867s] -- Set non-toolchain portion of runtime path of "/home/lzy/lbot_ws/install/lbot_demo/lib/lbot_demo/demo_lkls_movejp" to ""
[6.867s] -- Installing: /home/lzy/lbot_ws/install/lbot_demo/lib/lbot_demo/demo_lkls_i1_movel
[6.868s] -- Set non-toolchain portion of runtime path of "/home/lzy/lbot_ws/install/lbot_demo/lib/lbot_demo/demo_lkls_i1_movel" to ""
[6.868s] -- Installing: /home/lzy/lbot_ws/install/lbot_demo/lib/lbot_demo/demo_lkls_i1_movej
[6.868s] -- Set non-toolchain portion of runtime path of "/home/lzy/lbot_ws/install/lbot_demo/lib/lbot_demo/demo_lkls_i1_movej" to ""
[6.868s] -- Installing: /home/lzy/lbot_ws/install/lbot_demo/lib/lbot_demo/demo_lkls_i1_movejp
[6.869s] -- Set non-toolchain portion of runtime path of "/home/lzy/lbot_ws/install/lbot_demo/lib/lbot_demo/demo_lkls_i1_movejp" to ""
[6.869s] -- Installing: /home/lzy/lbot_ws/install/lbot_demo/lib/lbot_demo/demo_fk
[6.869s] -- Set non-toolchain portion of runtime path of "/home/lzy/lbot_ws/install/lbot_demo/lib/lbot_demo/demo_fk" to ""
[6.869s] -- Installing: /home/lzy/lbot_ws/install/lbot_demo/lib/lbot_demo/demo_ik
[6.869s] -- Set non-toolchain portion of runtime path of "/home/lzy/lbot_ws/install/lbot_demo/lib/lbot_demo/demo_ik" to ""
[6.869s] -- Installing: /home/lzy/lbot_ws/install/lbot_demo/lib/lbot_demo/demo_tool_frame
[6.871s] -- Set non-toolchain portion of runtime path of "/home/lzy/lbot_ws/install/lbot_demo/lib/lbot_demo/demo_tool_frame" to ""
[6.871s] -- Installing: /home/lzy/lbot_ws/install/lbot_demo/lib/lbot_demo/demo_emergency_enable
[6.872s] -- Set non-toolchain portion of runtime path of "/home/lzy/lbot_ws/install/lbot_demo/lib/lbot_demo/demo_emergency_enable" to ""
[6.872s] -- Installing: /home/lzy/lbot_ws/install/lbot_demo/lib/lbot_demo/demo_hand_l6_control
[6.872s] -- Set non-toolchain portion of runtime path of "/home/lzy/lbot_ws/install/lbot_demo/lib/lbot_demo/demo_hand_l6_control" to ""
[6.872s] -- Installing: /home/lzy/lbot_ws/install/lbot_demo/lib/lbot_demo/demo_hand_l10_control
[6.873s] -- Set non-toolchain portion of runtime path of "/home/lzy/lbot_ws/install/lbot_demo/lib/lbot_demo/demo_hand_l10_control" to ""
[6.873s] -- Installing: /home/lzy/lbot_ws/install/lbot_demo/share/lbot_demo/launch
[6.873s] -- Installing: /home/lzy/lbot_ws/install/lbot_demo/share/lbot_demo/launch/lbot_start_demo.launch.py
[6.874s] -- Installing: /home/lzy/lbot_ws/install/lbot_demo/share/ament_index/resource_index/package_run_dependencies/lbot_demo
[6.874s] -- Installing: /home/lzy/lbot_ws/install/lbot_demo/share/ament_index/resource_index/parent_prefix_path/lbot_demo
[6.874s] -- Installing: /home/lzy/lbot_ws/install/lbot_demo/share/lbot_demo/environment/ament_prefix_path.sh
[6.874s] -- Installing: /home/lzy/lbot_ws/install/lbot_demo/share/lbot_demo/environment/ament_prefix_path.dsv
[6.874s] -- Installing: /home/lzy/lbot_ws/install/lbot_demo/share/lbot_demo/environment/path.sh
[6.874s] -- Installing: /home/lzy/lbot_ws/install/lbot_demo/share/lbot_demo/environment/path.dsv
[6.874s] -- Installing: /home/lzy/lbot_ws/install/lbot_demo/share/lbot_demo/local_setup.bash
[6.874s] -- Installing: /home/lzy/lbot_ws/install/lbot_demo/share/lbot_demo/local_setup.sh
[6.874s] -- Installing: /home/lzy/lbot_ws/install/lbot_demo/share/lbot_demo/local_setup.zsh
[6.874s] -- Installing: /home/lzy/lbot_ws/install/lbot_demo/share/lbot_demo/local_setup.dsv
[6.874s] -- Installing: /home/lzy/lbot_ws/install/lbot_demo/share/lbot_demo/package.dsv
[6.874s] -- Installing: /home/lzy/lbot_ws/install/lbot_demo/share/ament_index/resource_index/packages/lbot_demo
[6.874s] -- Installing: /home/lzy/lbot_ws/install/lbot_demo/share/lbot_demo/cmake/lbot_demoConfig.cmake
[6.875s] -- Installing: /home/lzy/lbot_ws/install/lbot_demo/share/lbot_demo/cmake/lbot_demoConfig-version.cmake
[6.875s] -- Installing: /home/lzy/lbot_ws/install/lbot_demo/share/lbot_demo/package.xml
[6.876s] Invoked command in '/home/lzy/lbot_ws/build/lbot_demo' returned '0': AMENT_PREFIX_PATH=/home/lzy/lbot_ws/install/lbot_arm_interfaces:${AMENT_PREFIX_PATH} CMAKE_PREFIX_PATH=/home/lzy/lbot_ws/install/lbot_arm_interfaces:/opt/ros/jazzy/opt/gz_math_vendor:/opt/ros/jazzy/opt/gz_utils_vendor:/opt/ros/jazzy/opt/gz_cmake_vendor:/opt/ros/jazzy LD_LIBRARY_PATH=/home/lzy/lbot_ws/install/lbot_arm_interfaces/lib:${LD_LIBRARY_PATH} PYTHONPATH=/home/lzy/lbot_ws/install/lbot_arm_interfaces/lib/python3.12/site-packages:${PYTHONPATH} /usr/bin/cmake --install /home/lzy/lbot_ws/build/lbot_demo
