[  6%] Built target demo_lkrs_movejp
[ 15%] Built target demo_lkls_movejp
[ 18%] Built target demo_lkls_movej
[ 25%] Built target demo_lkls_i1_movel
[ 31%] Built target demo_tool_frame
[ 50%] Built target demo_lkrs_movel
[ 43%] Built target demo_lkls_i1_movej
[ 50%] Built target demo_emergency_enable
[ 56%] Built target demo_hand_l6_control
[ 62%] Built target demo_lkrs_movej
[ 68%] Built target demo_fk
[ 75%] Built target demo_lkls_movel
[ 81%] Built target demo_ik
[ 87%] Built target demo_lkls_i1_movejp
[ 93%] Built target demo_hand_l10_control
[100%] Built target demo_motion_test
-- Install configuration: ""
-- Up-to-date: /home/lzy/lbot_ws/install/lbot_demo/lib/lbot_demo/demo_lkrs_movel
-- Up-to-date: /home/lzy/lbot_ws/install/lbot_demo/lib/lbot_demo/demo_lkrs_movej
-- Up-to-date: /home/lzy/lbot_ws/install/lbot_demo/lib/lbot_demo/demo_lkrs_movejp
-- Up-to-date: /home/lzy/lbot_ws/install/lbot_demo/lib/lbot_demo/demo_lkls_movel
-- Up-to-date: /home/lzy/lbot_ws/install/lbot_demo/lib/lbot_demo/demo_lkls_movej
-- Up-to-date: /home/lzy/lbot_ws/install/lbot_demo/lib/lbot_demo/demo_lkls_movejp
-- Up-to-date: /home/lzy/lbot_ws/install/lbot_demo/lib/lbot_demo/demo_lkls_i1_movel
-- Up-to-date: /home/lzy/lbot_ws/install/lbot_demo/lib/lbot_demo/demo_lkls_i1_movej
-- Up-to-date: /home/lzy/lbot_ws/install/lbot_demo/lib/lbot_demo/demo_lkls_i1_movejp
-- Up-to-date: /home/lzy/lbot_ws/install/lbot_demo/lib/lbot_demo/demo_fk
-- Up-to-date: /home/lzy/lbot_ws/install/lbot_demo/lib/lbot_demo/demo_ik
-- Up-to-date: /home/lzy/lbot_ws/install/lbot_demo/lib/lbot_demo/demo_tool_frame
-- Up-to-date: /home/lzy/lbot_ws/install/lbot_demo/lib/lbot_demo/demo_emergency_enable
-- Up-to-date: /home/lzy/lbot_ws/install/lbot_demo/lib/lbot_demo/demo_hand_l6_control
-- Up-to-date: /home/lzy/lbot_ws/install/lbot_demo/lib/lbot_demo/demo_hand_l10_control
-- Up-to-date: /home/lzy/lbot_ws/install/lbot_demo/lib/lbot_demo/demo_motion_test
-- Up-to-date: /home/lzy/lbot_ws/install/lbot_demo/share/lbot_demo/launch
-- Up-to-date: /home/lzy/lbot_ws/install/lbot_demo/share/lbot_demo/launch/lbot_start_smoke_test.launch.py
-- Up-to-date: /home/lzy/lbot_ws/install/lbot_demo/share/lbot_demo/launch/__pycache__
-- Up-to-date: /home/lzy/lbot_ws/install/lbot_demo/share/lbot_demo/launch/__pycache__/lbot_start_motion_test.launch.cpython-312.pyc
-- Up-to-date: /home/lzy/lbot_ws/install/lbot_demo/share/lbot_demo/launch/__pycache__/lbot_start_smoke_test.launch.cpython-312.pyc
-- Up-to-date: /home/lzy/lbot_ws/install/lbot_demo/share/lbot_demo/launch/lbot_start_motion_test.launch.py
-- Up-to-date: /home/lzy/lbot_ws/install/lbot_demo/share/lbot_demo/launch/lbot_start_demo.launch.py
-- Up-to-date: /home/lzy/lbot_ws/install/lbot_demo/share/ament_index/resource_index/package_run_dependencies/lbot_demo
-- Up-to-date: /home/lzy/lbot_ws/install/lbot_demo/share/ament_index/resource_index/parent_prefix_path/lbot_demo
-- Up-to-date: /home/lzy/lbot_ws/install/lbot_demo/share/lbot_demo/environment/ament_prefix_path.sh
-- Up-to-date: /home/lzy/lbot_ws/install/lbot_demo/share/lbot_demo/environment/ament_prefix_path.dsv
-- Up-to-date: /home/lzy/lbot_ws/install/lbot_demo/share/lbot_demo/environment/path.sh
-- Up-to-date: /home/lzy/lbot_ws/install/lbot_demo/share/lbot_demo/environment/path.dsv
-- Up-to-date: /home/lzy/lbot_ws/install/lbot_demo/share/lbot_demo/local_setup.bash
-- Up-to-date: /home/lzy/lbot_ws/install/lbot_demo/share/lbot_demo/local_setup.sh
-- Up-to-date: /home/lzy/lbot_ws/install/lbot_demo/share/lbot_demo/local_setup.zsh
-- Up-to-date: /home/lzy/lbot_ws/install/lbot_demo/share/lbot_demo/local_setup.dsv
-- Installing: /home/lzy/lbot_ws/install/lbot_demo/share/lbot_demo/package.dsv
-- Up-to-date: /home/lzy/lbot_ws/install/lbot_demo/share/ament_index/resource_index/packages/lbot_demo
-- Up-to-date: /home/lzy/lbot_ws/install/lbot_demo/share/lbot_demo/cmake/lbot_demoConfig.cmake
-- Up-to-date: /home/lzy/lbot_ws/install/lbot_demo/share/lbot_demo/cmake/lbot_demoConfig-version.cmake
-- Up-to-date: /home/lzy/lbot_ws/install/lbot_demo/share/lbot_demo/package.xml
