-- Found ament_cmake: 2.5.6 (/opt/ros/jazzy/share/ament_cmake/cmake)
-- Override CMake install command with custom implementation using symlinks instead of copying resources
-- Found rclcpp: 28.1.21 (/opt/ros/jazzy/share/rclcpp/cmake)
-- Found rosidl_generator_c: 4.6.9 (/opt/ros/jazzy/share/rosidl_generator_c/cmake)
-- Found rosidl_generator_cpp: 4.6.9 (/opt/ros/jazzy/share/rosidl_generator_cpp/cmake)
-- Using all available rosidl_typesupport_c: rosidl_typesupport_fastrtps_c;rosidl_typesupport_introspection_c
-- Using all available rosidl_typesupport_cpp: rosidl_typesupport_fastrtps_cpp;rosidl_typesupport_introspection_cpp
-- Found rmw_implementation_cmake: 7.3.3 (/opt/ros/jazzy/share/rmw_implementation_cmake/cmake)
-- Found rmw_fastrtps_cpp: 8.4.4 (/opt/ros/jazzy/share/rmw_fastrtps_cpp/cmake)
-- Using RMW implementation 'rmw_fastrtps_cpp' as default
-- Found sensor_msgs: 5.3.8 (/opt/ros/jazzy/share/sensor_msgs/cmake)
-- Found lbot_arm_interfaces: 0.0.0 (/home/lzy/lbot_ws/install/lbot_arm_interfaces/share/lbot_arm_interfaces/cmake)
-- Configuring done (0.6s)
-- Generating done (0.0s)
-- Build files have been written to: /home/lzy/lbot_ws/build/lbot_camera_motion
[ 50%] Building CXX object CMakeFiles/camera_motion_node.dir/src/camera_motion_node.cpp.o
[100%] Linking CXX executable camera_motion_node
[100%] Built target camera_motion_node
-- Install configuration: ""
-- Execute custom install script
-- Up-to-date symlink: /home/lzy/lbot_ws/install/lbot_camera_motion/lib/lbot_camera_motion/camera_motion_node
-- Up-to-date symlink: /home/lzy/lbot_ws/install/lbot_camera_motion/share/lbot_camera_motion/launch/__pycache__/camera_motion.launch.cpython-312.pyc
-- Up-to-date symlink: /home/lzy/lbot_ws/install/lbot_camera_motion/share/lbot_camera_motion/launch/__pycache__/camera_motion_retract.launch.cpython-312.pyc
-- Up-to-date symlink: /home/lzy/lbot_ws/install/lbot_camera_motion/share/lbot_camera_motion/launch/camera_motion.launch.py
-- Up-to-date symlink: /home/lzy/lbot_ws/install/lbot_camera_motion/share/lbot_camera_motion/launch/camera_motion_retract.launch.py
-- Up-to-date symlink: /home/lzy/lbot_ws/install/lbot_camera_motion/share/ament_index/resource_index/package_run_dependencies/lbot_camera_motion
-- Up-to-date symlink: /home/lzy/lbot_ws/install/lbot_camera_motion/share/ament_index/resource_index/parent_prefix_path/lbot_camera_motion
-- Up-to-date symlink: /home/lzy/lbot_ws/install/lbot_camera_motion/share/lbot_camera_motion/environment/ament_prefix_path.sh
-- Up-to-date symlink: /home/lzy/lbot_ws/install/lbot_camera_motion/share/lbot_camera_motion/environment/ament_prefix_path.dsv
-- Up-to-date symlink: /home/lzy/lbot_ws/install/lbot_camera_motion/share/lbot_camera_motion/environment/path.sh
-- Up-to-date symlink: /home/lzy/lbot_ws/install/lbot_camera_motion/share/lbot_camera_motion/environment/path.dsv
-- Up-to-date symlink: /home/lzy/lbot_ws/install/lbot_camera_motion/share/lbot_camera_motion/local_setup.bash
-- Up-to-date symlink: /home/lzy/lbot_ws/install/lbot_camera_motion/share/lbot_camera_motion/local_setup.sh
-- Up-to-date symlink: /home/lzy/lbot_ws/install/lbot_camera_motion/share/lbot_camera_motion/local_setup.zsh
-- Up-to-date symlink: /home/lzy/lbot_ws/install/lbot_camera_motion/share/lbot_camera_motion/local_setup.dsv
-- Symlinking: /home/lzy/lbot_ws/install/lbot_camera_motion/share/lbot_camera_motion/package.dsv
-- Up-to-date symlink: /home/lzy/lbot_ws/install/lbot_camera_motion/share/ament_index/resource_index/packages/lbot_camera_motion
-- Up-to-date symlink: /home/lzy/lbot_ws/install/lbot_camera_motion/share/lbot_camera_motion/cmake/lbot_camera_motionConfig.cmake
-- Up-to-date symlink: /home/lzy/lbot_ws/install/lbot_camera_motion/share/lbot_camera_motion/cmake/lbot_camera_motionConfig-version.cmake
-- Up-to-date symlink: /home/lzy/lbot_ws/install/lbot_camera_motion/share/lbot_camera_motion/package.xml
