[0.045s] Invoking command in '/home/lzy/lbot_ws/build/lbot_driver': AMENT_PREFIX_PATH=/home/lzy/lbot_ws/install/lbot_arm_interfaces:${AMENT_PREFIX_PATH} CMAKE_PREFIX_PATH=/home/lzy/lbot_ws/install/lbot_arm_interfaces:/opt/ros/jazzy/opt/gz_math_vendor:/opt/ros/jazzy/opt/gz_utils_vendor:/opt/ros/jazzy/opt/gz_cmake_vendor:/opt/ros/jazzy LD_LIBRARY_PATH=/home/lzy/lbot_ws/install/lbot_arm_interfaces/lib:${LD_LIBRARY_PATH} PYTHONPATH=/home/lzy/lbot_ws/install/lbot_arm_interfaces/lib/python3.12/site-packages:${PYTHONPATH} /usr/bin/cmake --build /home/lzy/lbot_ws/build/lbot_driver -- -j24 -l24
[0.080s] [ 50%] [32m[1mLinking CXX executable lbot_driver[0m
[0.628s] [100%] Built target lbot_driver
[30.670s] Invoked command in '/home/lzy/lbot_ws/build/lbot_driver' returned '0': AMENT_PREFIX_PATH=/home/lzy/lbot_ws/install/lbot_arm_interfaces:${AMENT_PREFIX_PATH} CMAKE_PREFIX_PATH=/home/lzy/lbot_ws/install/lbot_arm_interfaces:/opt/ros/jazzy/opt/gz_math_vendor:/opt/ros/jazzy/opt/gz_utils_vendor:/opt/ros/jazzy/opt/gz_cmake_vendor:/opt/ros/jazzy LD_LIBRARY_PATH=/home/lzy/lbot_ws/install/lbot_arm_interfaces/lib:${LD_LIBRARY_PATH} PYTHONPATH=/home/lzy/lbot_ws/install/lbot_arm_interfaces/lib/python3.12/site-packages:${PYTHONPATH} /usr/bin/cmake --build /home/lzy/lbot_ws/build/lbot_driver -- -j24 -l24
[30.671s] Invoking command in '/home/lzy/lbot_ws/build/lbot_driver': AMENT_PREFIX_PATH=/home/lzy/lbot_ws/install/lbot_arm_interfaces:${AMENT_PREFIX_PATH} CMAKE_PREFIX_PATH=/home/lzy/lbot_ws/install/lbot_arm_interfaces:/opt/ros/jazzy/opt/gz_math_vendor:/opt/ros/jazzy/opt/gz_utils_vendor:/opt/ros/jazzy/opt/gz_cmake_vendor:/opt/ros/jazzy LD_LIBRARY_PATH=/home/lzy/lbot_ws/install/lbot_arm_interfaces/lib:${LD_LIBRARY_PATH} PYTHONPATH=/home/lzy/lbot_ws/install/lbot_arm_interfaces/lib/python3.12/site-packages:${PYTHONPATH} /usr/bin/cmake --install /home/lzy/lbot_ws/build/lbot_driver
[30.675s] -- Install configuration: ""
[30.676s] -- Installing: /home/lzy/lbot_ws/install/lbot_driver/lib/lbot_driver/lbot_driver
[30.682s] -- Set non-toolchain portion of runtime path of "/home/lzy/lbot_ws/install/lbot_driver/lib/lbot_driver/lbot_driver" to ""
[30.682s] -- Installing: /home/lzy/lbot_ws/install/lbot_driver/share/lbot_driver/launch
[30.682s] -- Installing: /home/lzy/lbot_ws/install/lbot_driver/share/lbot_driver/launch/lbot_start_driver.launch.py
[30.682s] -- Installing: /home/lzy/lbot_ws/install/lbot_driver/share/lbot_driver/config
[30.682s] -- Installing: /home/lzy/lbot_ws/install/lbot_driver/share/lbot_driver/config/lbot_config.yaml
[30.682s] -- Up-to-date: /home/lzy/lbot_ws/install/lbot_driver/lib
[30.682s] -- Installing: /home/lzy/lbot_ws/install/lbot_driver/lib/lib_install.sh
[30.683s] -- Installing: /home/lzy/lbot_ws/install/lbot_driver/lib/linux_arm64
[30.683s] -- Installing: /home/lzy/lbot_ws/install/lbot_driver/lib/linux_arm64/liblbot_api_cpp.so.1.0.5
[30.683s] -- Installing: /home/lzy/lbot_ws/install/lbot_driver/lib/linux_arm64/liblbot_api.so.1.0.5
[30.683s] -- Installing: /home/lzy/lbot_ws/install/lbot_driver/lib/linux_arm64/liblbot_api.so
[30.683s] -- Installing: /home/lzy/lbot_ws/install/lbot_driver/lib/linux_arm64/liblbot_api_cpp.so
[30.683s] -- Installing: /home/lzy/lbot_ws/install/lbot_driver/lib/linux_arm64/liblbot_api_cpp.so.1
[30.683s] -- Installing: /home/lzy/lbot_ws/install/lbot_driver/lib/linux_arm64/liblbot_api.so.1
[30.683s] -- Installing: /home/lzy/lbot_ws/install/lbot_driver/lib/linux_x64
[30.683s] -- Installing: /home/lzy/lbot_ws/install/lbot_driver/lib/linux_x64/liblbot_api_cpp.so.1.0.5
[30.683s] -- Installing: /home/lzy/lbot_ws/install/lbot_driver/lib/linux_x64/liblbot_api.so.1.0.5
[30.684s] -- Installing: /home/lzy/lbot_ws/install/lbot_driver/lib/linux_x64/liblbot_api.so
[30.684s] -- Installing: /home/lzy/lbot_ws/install/lbot_driver/lib/linux_x64/liblbot_api_cpp.so
[30.684s] -- Installing: /home/lzy/lbot_ws/install/lbot_driver/lib/linux_x64/liblbot_api_cpp.so.1
[30.684s] -- Installing: /home/lzy/lbot_ws/install/lbot_driver/lib/linux_x64/liblbot_api.so.1
[30.684s] -- Installing: /home/lzy/lbot_ws/install/lbot_driver/lib/liblbot_api_cpp.so.1.0.0
[30.684s] -- Installing: /home/lzy/lbot_ws/install/lbot_driver/lib/liblbot_api_cpp.so
[30.684s] -- Installing: /home/lzy/lbot_ws/install/lbot_driver/lib/liblbot_api_cpp.so.1
[30.684s] -- Installing: /home/lzy/lbot_ws/install/lbot_driver/share/ament_index/resource_index/package_run_dependencies/lbot_driver
[30.684s] -- Installing: /home/lzy/lbot_ws/install/lbot_driver/share/ament_index/resource_index/parent_prefix_path/lbot_driver
[30.684s] -- Installing: /home/lzy/lbot_ws/install/lbot_driver/share/lbot_driver/environment/ament_prefix_path.sh
[30.686s] -- Installing: /home/lzy/lbot_ws/install/lbot_driver/share/lbot_driver/environment/ament_prefix_path.dsv
[30.686s] -- Installing: /home/lzy/lbot_ws/install/lbot_driver/share/lbot_driver/environment/path.sh
[30.686s] -- Installing: /home/lzy/lbot_ws/install/lbot_driver/share/lbot_driver/environment/path.dsv
[30.686s] -- Installing: /home/lzy/lbot_ws/install/lbot_driver/share/lbot_driver/local_setup.bash
[30.686s] -- Installing: /home/lzy/lbot_ws/install/lbot_driver/share/lbot_driver/local_setup.sh
[30.686s] -- Installing: /home/lzy/lbot_ws/install/lbot_driver/share/lbot_driver/local_setup.zsh
[30.687s] -- Installing: /home/lzy/lbot_ws/install/lbot_driver/share/lbot_driver/local_setup.dsv
[30.687s] -- Installing: /home/lzy/lbot_ws/install/lbot_driver/share/lbot_driver/package.dsv
[30.687s] -- Installing: /home/lzy/lbot_ws/install/lbot_driver/share/ament_index/resource_index/packages/lbot_driver
[30.687s] -- Installing: /home/lzy/lbot_ws/install/lbot_driver/share/lbot_driver/cmake/lbot_driverConfig.cmake
[30.687s] -- Installing: /home/lzy/lbot_ws/install/lbot_driver/share/lbot_driver/cmake/lbot_driverConfig-version.cmake
[30.687s] -- Installing: /home/lzy/lbot_ws/install/lbot_driver/share/lbot_driver/package.xml
[60.699s] Invoked command in '/home/lzy/lbot_ws/build/lbot_driver' returned '0': AMENT_PREFIX_PATH=/home/lzy/lbot_ws/install/lbot_arm_interfaces:${AMENT_PREFIX_PATH} CMAKE_PREFIX_PATH=/home/lzy/lbot_ws/install/lbot_arm_interfaces:/opt/ros/jazzy/opt/gz_math_vendor:/opt/ros/jazzy/opt/gz_utils_vendor:/opt/ros/jazzy/opt/gz_cmake_vendor:/opt/ros/jazzy LD_LIBRARY_PATH=/home/lzy/lbot_ws/install/lbot_arm_interfaces/lib:${LD_LIBRARY_PATH} PYTHONPATH=/home/lzy/lbot_ws/install/lbot_arm_interfaces/lib/python3.12/site-packages:${PYTHONPATH} /usr/bin/cmake --install /home/lzy/lbot_ws/build/lbot_driver
