[0.085s] Invoking command in '/home/lzy/lbot_ws/build/lbot_camera_motion': AMENT_PREFIX_PATH=/home/lzy/lbot_ws/install/lbot_arm_interfaces:${AMENT_PREFIX_PATH} CMAKE_PREFIX_PATH=/home/lzy/lbot_ws/install/lbot_arm_interfaces:/opt/ros/jazzy/opt/gz_math_vendor:/opt/ros/jazzy/opt/gz_utils_vendor:/opt/ros/jazzy/opt/gz_cmake_vendor:/opt/ros/jazzy LD_LIBRARY_PATH=/home/lzy/lbot_ws/install/lbot_arm_interfaces/lib:${LD_LIBRARY_PATH} PYTHONPATH=/home/lzy/lbot_ws/install/lbot_arm_interfaces/lib/python3.12/site-packages:${PYTHONPATH} /usr/bin/cmake /home/lzy/lbot_ws/src/lbot_camera_motion -DAMENT_CMAKE_SYMLINK_INSTALL=1 -DCMAKE_INSTALL_PREFIX=/home/lzy/lbot_ws/install/lbot_camera_motion
[0.111s] -- Found ament_cmake: 2.5.6 (/opt/ros/jazzy/share/ament_cmake/cmake)
[0.225s] -- Override CMake install command with custom implementation using symlinks instead of copying resources
[0.243s] -- Found rclcpp: 28.1.21 (/opt/ros/jazzy/share/rclcpp/cmake)
[0.347s] -- Found rosidl_generator_c: 4.6.9 (/opt/ros/jazzy/share/rosidl_generator_c/cmake)
[0.355s] -- Found rosidl_generator_cpp: 4.6.9 (/opt/ros/jazzy/share/rosidl_generator_cpp/cmake)
[0.367s] -- Using all available rosidl_typesupport_c: rosidl_typesupport_fastrtps_c;rosidl_typesupport_introspection_c
[0.378s] -- Using all available rosidl_typesupport_cpp: rosidl_typesupport_fastrtps_cpp;rosidl_typesupport_introspection_cpp
[0.427s] -- Found rmw_implementation_cmake: 7.3.3 (/opt/ros/jazzy/share/rmw_implementation_cmake/cmake)
[0.428s] -- Found rmw_fastrtps_cpp: 8.4.4 (/opt/ros/jazzy/share/rmw_fastrtps_cpp/cmake)
[0.537s] -- Using RMW implementation 'rmw_fastrtps_cpp' as default
[0.634s] -- Found sensor_msgs: 5.3.8 (/opt/ros/jazzy/share/sensor_msgs/cmake)
[0.674s] -- Found lbot_arm_interfaces: 0.0.0 (/home/lzy/lbot_ws/install/lbot_arm_interfaces/share/lbot_arm_interfaces/cmake)
[0.753s] -- Configuring done (0.7s)
[0.765s] -- Generating done (0.0s)
[0.767s] -- Build files have been written to: /home/lzy/lbot_ws/build/lbot_camera_motion
[0.772s] Invoked command in '/home/lzy/lbot_ws/build/lbot_camera_motion' returned '0': AMENT_PREFIX_PATH=/home/lzy/lbot_ws/install/lbot_arm_interfaces:${AMENT_PREFIX_PATH} CMAKE_PREFIX_PATH=/home/lzy/lbot_ws/install/lbot_arm_interfaces:/opt/ros/jazzy/opt/gz_math_vendor:/opt/ros/jazzy/opt/gz_utils_vendor:/opt/ros/jazzy/opt/gz_cmake_vendor:/opt/ros/jazzy LD_LIBRARY_PATH=/home/lzy/lbot_ws/install/lbot_arm_interfaces/lib:${LD_LIBRARY_PATH} PYTHONPATH=/home/lzy/lbot_ws/install/lbot_arm_interfaces/lib/python3.12/site-packages:${PYTHONPATH} /usr/bin/cmake /home/lzy/lbot_ws/src/lbot_camera_motion -DAMENT_CMAKE_SYMLINK_INSTALL=1 -DCMAKE_INSTALL_PREFIX=/home/lzy/lbot_ws/install/lbot_camera_motion
[0.773s] Invoking command in '/home/lzy/lbot_ws/build/lbot_camera_motion': AMENT_PREFIX_PATH=/home/lzy/lbot_ws/install/lbot_arm_interfaces:${AMENT_PREFIX_PATH} CMAKE_PREFIX_PATH=/home/lzy/lbot_ws/install/lbot_arm_interfaces:/opt/ros/jazzy/opt/gz_math_vendor:/opt/ros/jazzy/opt/gz_utils_vendor:/opt/ros/jazzy/opt/gz_cmake_vendor:/opt/ros/jazzy LD_LIBRARY_PATH=/home/lzy/lbot_ws/install/lbot_arm_interfaces/lib:${LD_LIBRARY_PATH} PYTHONPATH=/home/lzy/lbot_ws/install/lbot_arm_interfaces/lib/python3.12/site-packages:${PYTHONPATH} /usr/bin/cmake --build /home/lzy/lbot_ws/build/lbot_camera_motion -- -j24 -l24
[0.818s] [ 50%] Building CXX object CMakeFiles/camera_motion_node.dir/src/camera_motion_node.cpp.o
[5.866s] [100%] Linking CXX executable camera_motion_node
[6.102s] [100%] Built target camera_motion_node
[6.107s] Invoked command in '/home/lzy/lbot_ws/build/lbot_camera_motion' returned '0': AMENT_PREFIX_PATH=/home/lzy/lbot_ws/install/lbot_arm_interfaces:${AMENT_PREFIX_PATH} CMAKE_PREFIX_PATH=/home/lzy/lbot_ws/install/lbot_arm_interfaces:/opt/ros/jazzy/opt/gz_math_vendor:/opt/ros/jazzy/opt/gz_utils_vendor:/opt/ros/jazzy/opt/gz_cmake_vendor:/opt/ros/jazzy LD_LIBRARY_PATH=/home/lzy/lbot_ws/install/lbot_arm_interfaces/lib:${LD_LIBRARY_PATH} PYTHONPATH=/home/lzy/lbot_ws/install/lbot_arm_interfaces/lib/python3.12/site-packages:${PYTHONPATH} /usr/bin/cmake --build /home/lzy/lbot_ws/build/lbot_camera_motion -- -j24 -l24
[6.111s] Invoking command in '/home/lzy/lbot_ws/build/lbot_camera_motion': AMENT_PREFIX_PATH=/home/lzy/lbot_ws/install/lbot_arm_interfaces:${AMENT_PREFIX_PATH} CMAKE_PREFIX_PATH=/home/lzy/lbot_ws/install/lbot_arm_interfaces:/opt/ros/jazzy/opt/gz_math_vendor:/opt/ros/jazzy/opt/gz_utils_vendor:/opt/ros/jazzy/opt/gz_cmake_vendor:/opt/ros/jazzy LD_LIBRARY_PATH=/home/lzy/lbot_ws/install/lbot_arm_interfaces/lib:${LD_LIBRARY_PATH} PYTHONPATH=/home/lzy/lbot_ws/install/lbot_arm_interfaces/lib/python3.12/site-packages:${PYTHONPATH} /usr/bin/cmake --install /home/lzy/lbot_ws/build/lbot_camera_motion
[6.114s] -- Install configuration: ""
[6.114s] -- Execute custom install script
[6.114s] -- Up-to-date symlink: /home/lzy/lbot_ws/install/lbot_camera_motion/lib/lbot_camera_motion/camera_motion_node
[6.115s] -- Up-to-date symlink: /home/lzy/lbot_ws/install/lbot_camera_motion/share/lbot_camera_motion/launch/camera_motion.launch.py
[6.115s] -- Up-to-date symlink: /home/lzy/lbot_ws/install/lbot_camera_motion/share/ament_index/resource_index/package_run_dependencies/lbot_camera_motion
[6.115s] -- Up-to-date symlink: /home/lzy/lbot_ws/install/lbot_camera_motion/share/ament_index/resource_index/parent_prefix_path/lbot_camera_motion
[6.115s] -- Up-to-date symlink: /home/lzy/lbot_ws/install/lbot_camera_motion/share/lbot_camera_motion/environment/ament_prefix_path.sh
[6.116s] -- Up-to-date symlink: /home/lzy/lbot_ws/install/lbot_camera_motion/share/lbot_camera_motion/environment/ament_prefix_path.dsv
[6.116s] -- Up-to-date symlink: /home/lzy/lbot_ws/install/lbot_camera_motion/share/lbot_camera_motion/environment/path.sh
[6.116s] -- Up-to-date symlink: /home/lzy/lbot_ws/install/lbot_camera_motion/share/lbot_camera_motion/environment/path.dsv
[6.116s] -- Up-to-date symlink: /home/lzy/lbot_ws/install/lbot_camera_motion/share/lbot_camera_motion/local_setup.bash
[6.116s] -- Up-to-date symlink: /home/lzy/lbot_ws/install/lbot_camera_motion/share/lbot_camera_motion/local_setup.sh
[6.116s] -- Up-to-date symlink: /home/lzy/lbot_ws/install/lbot_camera_motion/share/lbot_camera_motion/local_setup.zsh
[6.116s] -- Up-to-date symlink: /home/lzy/lbot_ws/install/lbot_camera_motion/share/lbot_camera_motion/local_setup.dsv
[6.116s] -- Symlinking: /home/lzy/lbot_ws/install/lbot_camera_motion/share/lbot_camera_motion/package.dsv
[6.120s] -- Up-to-date symlink: /home/lzy/lbot_ws/install/lbot_camera_motion/share/ament_index/resource_index/packages/lbot_camera_motion
[6.120s] -- Up-to-date symlink: /home/lzy/lbot_ws/install/lbot_camera_motion/share/lbot_camera_motion/cmake/lbot_camera_motionConfig.cmake
[6.120s] -- Up-to-date symlink: /home/lzy/lbot_ws/install/lbot_camera_motion/share/lbot_camera_motion/cmake/lbot_camera_motionConfig-version.cmake
[6.120s] -- Up-to-date symlink: /home/lzy/lbot_ws/install/lbot_camera_motion/share/lbot_camera_motion/package.xml
[6.121s] Invoked command in '/home/lzy/lbot_ws/build/lbot_camera_motion' returned '0': AMENT_PREFIX_PATH=/home/lzy/lbot_ws/install/lbot_arm_interfaces:${AMENT_PREFIX_PATH} CMAKE_PREFIX_PATH=/home/lzy/lbot_ws/install/lbot_arm_interfaces:/opt/ros/jazzy/opt/gz_math_vendor:/opt/ros/jazzy/opt/gz_utils_vendor:/opt/ros/jazzy/opt/gz_cmake_vendor:/opt/ros/jazzy LD_LIBRARY_PATH=/home/lzy/lbot_ws/install/lbot_arm_interfaces/lib:${LD_LIBRARY_PATH} PYTHONPATH=/home/lzy/lbot_ws/install/lbot_arm_interfaces/lib/python3.12/site-packages:${PYTHONPATH} /usr/bin/cmake --install /home/lzy/lbot_ws/build/lbot_camera_motion
