[0.095s] DEBUG:colcon:Command line arguments: ['/usr/bin/colcon', 'list']
[0.095s] DEBUG:colcon:Parsed command line arguments: Namespace(log_base=None, log_level=None, verb_name='list', build_base='build', ignore_user_meta=False, metas=['./colcon.meta'], base_paths=['.'], packages_ignore=None, packages_ignore_regex=None, paths=None, packages_up_to=None, packages_up_to_regex=None, packages_above=None, packages_above_and_dependencies=None, packages_above_depth=None, packages_select_by_dep=None, packages_skip_by_dep=None, packages_skip_up_to=None, packages_select_build_failed=False, packages_skip_build_finished=False, packages_select_test_failures=False, packages_skip_test_passed=False, packages_select=None, packages_skip=None, packages_select_regex=None, packages_skip_regex=None, packages_start=None, packages_end=None, allow_overriding=[], topological_order=False, names_only=False, paths_only=False, topological_graph=False, topological_graph_dot=False, topological_graph_density=False, topological_graph_legend=False, topological_graph_dot_cluster=False, topological_graph_dot_include_skipped=False, mixin_files=None, mixin=None, verb_parser=<colcon_mixin.mixin.mixin_argument.MixinArgumentDecorator object at 0x79a215446c30>, verb_extension=<colcon_package_information.verb.list.ListVerb object at 0x79a21559e270>, main=<bound method ListVerb.main of <colcon_package_information.verb.list.ListVerb object at 0x79a21559e270>>, mixin_verb=('list',))
[0.113s] Level 1:colcon.colcon_core.package_discovery:discover_packages(colcon_meta) check parameters
[0.113s] Level 1:colcon.colcon_core.package_discovery:discover_packages(recursive) check parameters
[0.113s] Level 1:colcon.colcon_core.package_discovery:discover_packages(ignore) check parameters
[0.113s] Level 1:colcon.colcon_core.package_discovery:discover_packages(path) check parameters
[0.113s] Level 1:colcon.colcon_core.package_discovery:discover_packages(colcon_meta) discover
[0.113s] Level 1:colcon.colcon_core.package_discovery:discover_packages(recursive) discover
[0.113s] INFO:colcon.colcon_core.package_discovery:Crawling recursively for packages in '/home/lzy/lbot_ws'
[0.113s] Level 1:colcon.colcon_core.package_identification:_identify(.) by extensions ['ignore', 'ignore_ament_install']
[0.113s] Level 1:colcon.colcon_core.package_identification:_identify(.) by extension 'ignore'
[0.113s] Level 1:colcon.colcon_core.package_identification:_identify(.) by extension 'ignore_ament_install'
[0.113s] Level 1:colcon.colcon_core.package_identification:_identify(.) by extensions ['colcon_pkg']
[0.113s] Level 1:colcon.colcon_core.package_identification:_identify(.) by extension 'colcon_pkg'
[0.113s] Level 1:colcon.colcon_core.package_identification:_identify(.) by extensions ['colcon_meta']
[0.113s] Level 1:colcon.colcon_core.package_identification:_identify(.) by extension 'colcon_meta'
[0.113s] Level 1:colcon.colcon_core.package_identification:_identify(.) by extensions ['ros']
[0.113s] Level 1:colcon.colcon_core.package_identification:_identify(.) by extension 'ros'
[0.125s] Level 1:colcon.colcon_core.package_identification:_identify(.) by extensions ['cmake', 'python']
[0.125s] Level 1:colcon.colcon_core.package_identification:_identify(.) by extension 'cmake'
[0.125s] Level 1:colcon.colcon_core.package_identification:_identify(.) by extension 'python'
[0.125s] Level 1:colcon.colcon_core.package_identification:_identify(.) by extensions ['python_setup_py']
[0.125s] Level 1:colcon.colcon_core.package_identification:_identify(.) by extension 'python_setup_py'
[0.125s] Level 1:colcon.colcon_core.package_identification:_identify(build) by extensions ['ignore', 'ignore_ament_install']
[0.125s] Level 1:colcon.colcon_core.package_identification:_identify(build) by extension 'ignore'
[0.125s] Level 1:colcon.colcon_core.package_identification:_identify(build) ignored
[0.125s] Level 1:colcon.colcon_core.package_identification:_identify(install) by extensions ['ignore', 'ignore_ament_install']
[0.126s] Level 1:colcon.colcon_core.package_identification:_identify(install) by extension 'ignore'
[0.126s] Level 1:colcon.colcon_core.package_identification:_identify(install) ignored
[0.126s] Level 1:colcon.colcon_core.package_identification:_identify(log) by extensions ['ignore', 'ignore_ament_install']
[0.126s] Level 1:colcon.colcon_core.package_identification:_identify(log) by extension 'ignore'
[0.126s] Level 1:colcon.colcon_core.package_identification:_identify(log) ignored
[0.126s] Level 1:colcon.colcon_core.package_identification:_identify(src) by extensions ['ignore', 'ignore_ament_install']
[0.126s] Level 1:colcon.colcon_core.package_identification:_identify(src) by extension 'ignore'
[0.126s] Level 1:colcon.colcon_core.package_identification:_identify(src) by extension 'ignore_ament_install'
[0.126s] Level 1:colcon.colcon_core.package_identification:_identify(src) by extensions ['colcon_pkg']
[0.126s] Level 1:colcon.colcon_core.package_identification:_identify(src) by extension 'colcon_pkg'
[0.126s] Level 1:colcon.colcon_core.package_identification:_identify(src) by extensions ['colcon_meta']
[0.126s] Level 1:colcon.colcon_core.package_identification:_identify(src) by extension 'colcon_meta'
[0.126s] Level 1:colcon.colcon_core.package_identification:_identify(src) by extensions ['ros']
[0.126s] Level 1:colcon.colcon_core.package_identification:_identify(src) by extension 'ros'
[0.126s] Level 1:colcon.colcon_core.package_identification:_identify(src) by extensions ['cmake', 'python']
[0.126s] Level 1:colcon.colcon_core.package_identification:_identify(src) by extension 'cmake'
[0.126s] Level 1:colcon.colcon_core.package_identification:_identify(src) by extension 'python'
[0.126s] Level 1:colcon.colcon_core.package_identification:_identify(src) by extensions ['python_setup_py']
[0.126s] Level 1:colcon.colcon_core.package_identification:_identify(src) by extension 'python_setup_py'
[0.126s] Level 1:colcon.colcon_core.package_identification:_identify(src/lbot_arm_interfaces) by extensions ['ignore', 'ignore_ament_install']
[0.126s] Level 1:colcon.colcon_core.package_identification:_identify(src/lbot_arm_interfaces) by extension 'ignore'
[0.126s] Level 1:colcon.colcon_core.package_identification:_identify(src/lbot_arm_interfaces) by extension 'ignore_ament_install'
[0.126s] Level 1:colcon.colcon_core.package_identification:_identify(src/lbot_arm_interfaces) by extensions ['colcon_pkg']
[0.126s] Level 1:colcon.colcon_core.package_identification:_identify(src/lbot_arm_interfaces) by extension 'colcon_pkg'
[0.126s] Level 1:colcon.colcon_core.package_identification:_identify(src/lbot_arm_interfaces) by extensions ['colcon_meta']
[0.126s] Level 1:colcon.colcon_core.package_identification:_identify(src/lbot_arm_interfaces) by extension 'colcon_meta'
[0.126s] Level 1:colcon.colcon_core.package_identification:_identify(src/lbot_arm_interfaces) by extensions ['ros']
[0.126s] Level 1:colcon.colcon_core.package_identification:_identify(src/lbot_arm_interfaces) by extension 'ros'
[0.128s] DEBUG:colcon.colcon_core.package_identification:Package 'src/lbot_arm_interfaces' with type 'ros.ament_cmake' and name 'lbot_arm_interfaces'
[0.128s] Level 1:colcon.colcon_core.package_identification:_identify(src/lbot_camera_motion) by extensions ['ignore', 'ignore_ament_install']
[0.128s] Level 1:colcon.colcon_core.package_identification:_identify(src/lbot_camera_motion) by extension 'ignore'
[0.128s] Level 1:colcon.colcon_core.package_identification:_identify(src/lbot_camera_motion) by extension 'ignore_ament_install'
[0.128s] Level 1:colcon.colcon_core.package_identification:_identify(src/lbot_camera_motion) by extensions ['colcon_pkg']
[0.128s] Level 1:colcon.colcon_core.package_identification:_identify(src/lbot_camera_motion) by extension 'colcon_pkg'
[0.128s] Level 1:colcon.colcon_core.package_identification:_identify(src/lbot_camera_motion) by extensions ['colcon_meta']
[0.128s] Level 1:colcon.colcon_core.package_identification:_identify(src/lbot_camera_motion) by extension 'colcon_meta'
[0.128s] Level 1:colcon.colcon_core.package_identification:_identify(src/lbot_camera_motion) by extensions ['ros']
[0.128s] Level 1:colcon.colcon_core.package_identification:_identify(src/lbot_camera_motion) by extension 'ros'
[0.128s] Level 1:colcon.colcon_core.package_identification:_identify(src/lbot_camera_motion) by extensions ['cmake', 'python']
[0.128s] Level 1:colcon.colcon_core.package_identification:_identify(src/lbot_camera_motion) by extension 'cmake'
[0.128s] Level 1:colcon.colcon_core.package_identification:_identify(src/lbot_camera_motion) by extension 'python'
[0.128s] Level 1:colcon.colcon_core.package_identification:_identify(src/lbot_camera_motion) by extensions ['python_setup_py']
[0.128s] Level 1:colcon.colcon_core.package_identification:_identify(src/lbot_camera_motion) by extension 'python_setup_py'
[0.128s] Level 1:colcon.colcon_core.package_identification:_identify(src/lbot_camera_motion/launch) by extensions ['ignore', 'ignore_ament_install']
[0.128s] Level 1:colcon.colcon_core.package_identification:_identify(src/lbot_camera_motion/launch) by extension 'ignore'
[0.128s] Level 1:colcon.colcon_core.package_identification:_identify(src/lbot_camera_motion/launch) by extension 'ignore_ament_install'
[0.128s] Level 1:colcon.colcon_core.package_identification:_identify(src/lbot_camera_motion/launch) by extensions ['colcon_pkg']
[0.128s] Level 1:colcon.colcon_core.package_identification:_identify(src/lbot_camera_motion/launch) by extension 'colcon_pkg'
[0.128s] Level 1:colcon.colcon_core.package_identification:_identify(src/lbot_camera_motion/launch) by extensions ['colcon_meta']
[0.128s] Level 1:colcon.colcon_core.package_identification:_identify(src/lbot_camera_motion/launch) by extension 'colcon_meta'
[0.128s] Level 1:colcon.colcon_core.package_identification:_identify(src/lbot_camera_motion/launch) by extensions ['ros']
[0.128s] Level 1:colcon.colcon_core.package_identification:_identify(src/lbot_camera_motion/launch) by extension 'ros'
[0.128s] Level 1:colcon.colcon_core.package_identification:_identify(src/lbot_camera_motion/launch) by extensions ['cmake', 'python']
[0.128s] Level 1:colcon.colcon_core.package_identification:_identify(src/lbot_camera_motion/launch) by extension 'cmake'
[0.128s] Level 1:colcon.colcon_core.package_identification:_identify(src/lbot_camera_motion/launch) by extension 'python'
[0.128s] Level 1:colcon.colcon_core.package_identification:_identify(src/lbot_camera_motion/launch) by extensions ['python_setup_py']
[0.128s] Level 1:colcon.colcon_core.package_identification:_identify(src/lbot_camera_motion/launch) by extension 'python_setup_py'
[0.128s] Level 1:colcon.colcon_core.package_identification:_identify(src/lbot_camera_motion/src) by extensions ['ignore', 'ignore_ament_install']
[0.128s] Level 1:colcon.colcon_core.package_identification:_identify(src/lbot_camera_motion/src) by extension 'ignore'
[0.128s] Level 1:colcon.colcon_core.package_identification:_identify(src/lbot_camera_motion/src) by extension 'ignore_ament_install'
[0.128s] Level 1:colcon.colcon_core.package_identification:_identify(src/lbot_camera_motion/src) by extensions ['colcon_pkg']
[0.128s] Level 1:colcon.colcon_core.package_identification:_identify(src/lbot_camera_motion/src) by extension 'colcon_pkg'
[0.128s] Level 1:colcon.colcon_core.package_identification:_identify(src/lbot_camera_motion/src) by extensions ['colcon_meta']
[0.128s] Level 1:colcon.colcon_core.package_identification:_identify(src/lbot_camera_motion/src) by extension 'colcon_meta'
[0.128s] Level 1:colcon.colcon_core.package_identification:_identify(src/lbot_camera_motion/src) by extensions ['ros']
[0.128s] Level 1:colcon.colcon_core.package_identification:_identify(src/lbot_camera_motion/src) by extension 'ros'
[0.128s] Level 1:colcon.colcon_core.package_identification:_identify(src/lbot_camera_motion/src) by extensions ['cmake', 'python']
[0.129s] Level 1:colcon.colcon_core.package_identification:_identify(src/lbot_camera_motion/src) by extension 'cmake'
[0.129s] Level 1:colcon.colcon_core.package_identification:_identify(src/lbot_camera_motion/src) by extension 'python'
[0.129s] Level 1:colcon.colcon_core.package_identification:_identify(src/lbot_camera_motion/src) by extensions ['python_setup_py']
[0.129s] Level 1:colcon.colcon_core.package_identification:_identify(src/lbot_camera_motion/src) by extension 'python_setup_py'
[0.129s] Level 1:colcon.colcon_core.package_identification:_identify(src/lbot_demo) by extensions ['ignore', 'ignore_ament_install']
[0.129s] Level 1:colcon.colcon_core.package_identification:_identify(src/lbot_demo) by extension 'ignore'
[0.129s] Level 1:colcon.colcon_core.package_identification:_identify(src/lbot_demo) by extension 'ignore_ament_install'
[0.129s] Level 1:colcon.colcon_core.package_identification:_identify(src/lbot_demo) by extensions ['colcon_pkg']
[0.129s] Level 1:colcon.colcon_core.package_identification:_identify(src/lbot_demo) by extension 'colcon_pkg'
[0.129s] Level 1:colcon.colcon_core.package_identification:_identify(src/lbot_demo) by extensions ['colcon_meta']
[0.129s] Level 1:colcon.colcon_core.package_identification:_identify(src/lbot_demo) by extension 'colcon_meta'
[0.129s] Level 1:colcon.colcon_core.package_identification:_identify(src/lbot_demo) by extensions ['ros']
[0.129s] Level 1:colcon.colcon_core.package_identification:_identify(src/lbot_demo) by extension 'ros'
[0.129s] DEBUG:colcon.colcon_core.package_identification:Package 'src/lbot_demo' with type 'ros.ament_cmake' and name 'lbot_demo'
[0.129s] Level 1:colcon.colcon_core.package_identification:_identify(src/lbot_driver) by extensions ['ignore', 'ignore_ament_install']
[0.129s] Level 1:colcon.colcon_core.package_identification:_identify(src/lbot_driver) by extension 'ignore'
[0.129s] Level 1:colcon.colcon_core.package_identification:_identify(src/lbot_driver) by extension 'ignore_ament_install'
[0.129s] Level 1:colcon.colcon_core.package_identification:_identify(src/lbot_driver) by extensions ['colcon_pkg']
[0.129s] Level 1:colcon.colcon_core.package_identification:_identify(src/lbot_driver) by extension 'colcon_pkg'
[0.129s] Level 1:colcon.colcon_core.package_identification:_identify(src/lbot_driver) by extensions ['colcon_meta']
[0.129s] Level 1:colcon.colcon_core.package_identification:_identify(src/lbot_driver) by extension 'colcon_meta'
[0.129s] Level 1:colcon.colcon_core.package_identification:_identify(src/lbot_driver) by extensions ['ros']
[0.129s] Level 1:colcon.colcon_core.package_identification:_identify(src/lbot_driver) by extension 'ros'
[0.130s] DEBUG:colcon.colcon_core.package_identification:Package 'src/lbot_driver' with type 'ros.ament_cmake' and name 'lbot_driver'
[0.130s] Level 1:colcon.colcon_core.package_identification:_identify(src/lbot_motion) by extensions ['ignore', 'ignore_ament_install']
[0.130s] Level 1:colcon.colcon_core.package_identification:_identify(src/lbot_motion) by extension 'ignore'
[0.130s] Level 1:colcon.colcon_core.package_identification:_identify(src/lbot_motion) by extension 'ignore_ament_install'
[0.130s] Level 1:colcon.colcon_core.package_identification:_identify(src/lbot_motion) by extensions ['colcon_pkg']
[0.130s] Level 1:colcon.colcon_core.package_identification:_identify(src/lbot_motion) by extension 'colcon_pkg'
[0.130s] Level 1:colcon.colcon_core.package_identification:_identify(src/lbot_motion) by extensions ['colcon_meta']
[0.130s] Level 1:colcon.colcon_core.package_identification:_identify(src/lbot_motion) by extension 'colcon_meta'
[0.130s] Level 1:colcon.colcon_core.package_identification:_identify(src/lbot_motion) by extensions ['ros']
[0.130s] Level 1:colcon.colcon_core.package_identification:_identify(src/lbot_motion) by extension 'ros'
[0.130s] DEBUG:colcon.colcon_core.package_identification:Package 'src/lbot_motion' with type 'ros.ament_cmake' and name 'lbot_motion'
[0.130s] Level 1:colcon.colcon_core.package_identification:_identify(src/lbot_teleop) by extensions ['ignore', 'ignore_ament_install']
[0.130s] Level 1:colcon.colcon_core.package_identification:_identify(src/lbot_teleop) by extension 'ignore'
[0.130s] Level 1:colcon.colcon_core.package_identification:_identify(src/lbot_teleop) by extension 'ignore_ament_install'
[0.130s] Level 1:colcon.colcon_core.package_identification:_identify(src/lbot_teleop) by extensions ['colcon_pkg']
[0.130s] Level 1:colcon.colcon_core.package_identification:_identify(src/lbot_teleop) by extension 'colcon_pkg'
[0.130s] Level 1:colcon.colcon_core.package_identification:_identify(src/lbot_teleop) by extensions ['colcon_meta']
[0.130s] Level 1:colcon.colcon_core.package_identification:_identify(src/lbot_teleop) by extension 'colcon_meta'
[0.130s] Level 1:colcon.colcon_core.package_identification:_identify(src/lbot_teleop) by extensions ['ros']
[0.130s] Level 1:colcon.colcon_core.package_identification:_identify(src/lbot_teleop) by extension 'ros'
[0.131s] DEBUG:colcon.colcon_core.package_identification:Package 'src/lbot_teleop' with type 'ros.ament_cmake' and name 'lbot_teleop'
[0.131s] Level 1:colcon.colcon_core.package_identification:_identify(开发资源) by extensions ['ignore', 'ignore_ament_install']
[0.131s] Level 1:colcon.colcon_core.package_identification:_identify(开发资源) by extension 'ignore'
[0.131s] Level 1:colcon.colcon_core.package_identification:_identify(开发资源) by extension 'ignore_ament_install'
[0.131s] Level 1:colcon.colcon_core.package_identification:_identify(开发资源) by extensions ['colcon_pkg']
[0.131s] Level 1:colcon.colcon_core.package_identification:_identify(开发资源) by extension 'colcon_pkg'
[0.131s] Level 1:colcon.colcon_core.package_identification:_identify(开发资源) by extensions ['colcon_meta']
[0.131s] Level 1:colcon.colcon_core.package_identification:_identify(开发资源) by extension 'colcon_meta'
[0.131s] Level 1:colcon.colcon_core.package_identification:_identify(开发资源) by extensions ['ros']
[0.131s] Level 1:colcon.colcon_core.package_identification:_identify(开发资源) by extension 'ros'
[0.131s] Level 1:colcon.colcon_core.package_identification:_identify(开发资源) by extensions ['cmake', 'python']
[0.131s] Level 1:colcon.colcon_core.package_identification:_identify(开发资源) by extension 'cmake'
[0.131s] Level 1:colcon.colcon_core.package_identification:_identify(开发资源) by extension 'python'
[0.131s] Level 1:colcon.colcon_core.package_identification:_identify(开发资源) by extensions ['python_setup_py']
[0.131s] Level 1:colcon.colcon_core.package_identification:_identify(开发资源) by extension 'python_setup_py'
[0.131s] Level 1:colcon.colcon_core.package_identification:_identify(开发资源/assets) by extensions ['ignore', 'ignore_ament_install']
[0.131s] Level 1:colcon.colcon_core.package_identification:_identify(开发资源/assets) by extension 'ignore'
[0.131s] Level 1:colcon.colcon_core.package_identification:_identify(开发资源/assets) by extension 'ignore_ament_install'
[0.131s] Level 1:colcon.colcon_core.package_identification:_identify(开发资源/assets) by extensions ['colcon_pkg']
[0.131s] Level 1:colcon.colcon_core.package_identification:_identify(开发资源/assets) by extension 'colcon_pkg'
[0.131s] Level 1:colcon.colcon_core.package_identification:_identify(开发资源/assets) by extensions ['colcon_meta']
[0.131s] Level 1:colcon.colcon_core.package_identification:_identify(开发资源/assets) by extension 'colcon_meta'
[0.131s] Level 1:colcon.colcon_core.package_identification:_identify(开发资源/assets) by extensions ['ros']
[0.131s] Level 1:colcon.colcon_core.package_identification:_identify(开发资源/assets) by extension 'ros'
[0.131s] Level 1:colcon.colcon_core.package_identification:_identify(开发资源/assets) by extensions ['cmake', 'python']
[0.131s] Level 1:colcon.colcon_core.package_identification:_identify(开发资源/assets) by extension 'cmake'
[0.131s] Level 1:colcon.colcon_core.package_identification:_identify(开发资源/assets) by extension 'python'
[0.131s] Level 1:colcon.colcon_core.package_identification:_identify(开发资源/assets) by extensions ['python_setup_py']
[0.131s] Level 1:colcon.colcon_core.package_identification:_identify(开发资源/assets) by extension 'python_setup_py'
[0.131s] Level 1:colcon.colcon_core.package_identification:_identify(开发资源/assets/components) by extensions ['ignore', 'ignore_ament_install']
[0.131s] Level 1:colcon.colcon_core.package_identification:_identify(开发资源/assets/components) by extension 'ignore'
[0.131s] Level 1:colcon.colcon_core.package_identification:_identify(开发资源/assets/components) by extension 'ignore_ament_install'
[0.131s] Level 1:colcon.colcon_core.package_identification:_identify(开发资源/assets/components) by extensions ['colcon_pkg']
[0.131s] Level 1:colcon.colcon_core.package_identification:_identify(开发资源/assets/components) by extension 'colcon_pkg'
[0.131s] Level 1:colcon.colcon_core.package_identification:_identify(开发资源/assets/components) by extensions ['colcon_meta']
[0.131s] Level 1:colcon.colcon_core.package_identification:_identify(开发资源/assets/components) by extension 'colcon_meta'
[0.131s] Level 1:colcon.colcon_core.package_identification:_identify(开发资源/assets/components) by extensions ['ros']
[0.131s] Level 1:colcon.colcon_core.package_identification:_identify(开发资源/assets/components) by extension 'ros'
[0.131s] Level 1:colcon.colcon_core.package_identification:_identify(开发资源/assets/components) by extensions ['cmake', 'python']
[0.131s] Level 1:colcon.colcon_core.package_identification:_identify(开发资源/assets/components) by extension 'cmake'
[0.131s] Level 1:colcon.colcon_core.package_identification:_identify(开发资源/assets/components) by extension 'python'
[0.131s] Level 1:colcon.colcon_core.package_identification:_identify(开发资源/assets/components) by extensions ['python_setup_py']
[0.131s] Level 1:colcon.colcon_core.package_identification:_identify(开发资源/assets/components) by extension 'python_setup_py'
[0.131s] Level 1:colcon.colcon_core.package_identification:_identify(开发资源/assets/components/arms) by extensions ['ignore', 'ignore_ament_install']
[0.131s] Level 1:colcon.colcon_core.package_identification:_identify(开发资源/assets/components/arms) by extension 'ignore'
[0.132s] Level 1:colcon.colcon_core.package_identification:_identify(开发资源/assets/components/arms) by extension 'ignore_ament_install'
[0.132s] Level 1:colcon.colcon_core.package_identification:_identify(开发资源/assets/components/arms) by extensions ['colcon_pkg']
[0.132s] Level 1:colcon.colcon_core.package_identification:_identify(开发资源/assets/components/arms) by extension 'colcon_pkg'
[0.132s] Level 1:colcon.colcon_core.package_identification:_identify(开发资源/assets/components/arms) by extensions ['colcon_meta']
[0.132s] Level 1:colcon.colcon_core.package_identification:_identify(开发资源/assets/components/arms) by extension 'colcon_meta'
[0.132s] Level 1:colcon.colcon_core.package_identification:_identify(开发资源/assets/components/arms) by extensions ['ros']
[0.132s] Level 1:colcon.colcon_core.package_identification:_identify(开发资源/assets/components/arms) by extension 'ros'
[0.132s] Level 1:colcon.colcon_core.package_identification:_identify(开发资源/assets/components/arms) by extensions ['cmake', 'python']
[0.132s] Level 1:colcon.colcon_core.package_identification:_identify(开发资源/assets/components/arms) by extension 'cmake'
[0.132s] Level 1:colcon.colcon_core.package_identification:_identify(开发资源/assets/components/arms) by extension 'python'
[0.132s] Level 1:colcon.colcon_core.package_identification:_identify(开发资源/assets/components/arms) by extensions ['python_setup_py']
[0.132s] Level 1:colcon.colcon_core.package_identification:_identify(开发资源/assets/components/arms) by extension 'python_setup_py'
[0.132s] Level 1:colcon.colcon_core.package_identification:_identify(开发资源/assets/components/arms/lkls73_arm) by extensions ['ignore', 'ignore_ament_install']
[0.132s] Level 1:colcon.colcon_core.package_identification:_identify(开发资源/assets/components/arms/lkls73_arm) by extension 'ignore'
[0.132s] Level 1:colcon.colcon_core.package_identification:_identify(开发资源/assets/components/arms/lkls73_arm) by extension 'ignore_ament_install'
[0.132s] Level 1:colcon.colcon_core.package_identification:_identify(开发资源/assets/components/arms/lkls73_arm) by extensions ['colcon_pkg']
[0.132s] Level 1:colcon.colcon_core.package_identification:_identify(开发资源/assets/components/arms/lkls73_arm) by extension 'colcon_pkg'
[0.132s] Level 1:colcon.colcon_core.package_identification:_identify(开发资源/assets/components/arms/lkls73_arm) by extensions ['colcon_meta']
[0.132s] Level 1:colcon.colcon_core.package_identification:_identify(开发资源/assets/components/arms/lkls73_arm) by extension 'colcon_meta'
[0.132s] Level 1:colcon.colcon_core.package_identification:_identify(开发资源/assets/components/arms/lkls73_arm) by extensions ['ros']
[0.132s] Level 1:colcon.colcon_core.package_identification:_identify(开发资源/assets/components/arms/lkls73_arm) by extension 'ros'
[0.132s] Level 1:colcon.colcon_core.package_identification:_identify(开发资源/assets/components/arms/lkls73_arm) by extensions ['cmake', 'python']
[0.132s] Level 1:colcon.colcon_core.package_identification:_identify(开发资源/assets/components/arms/lkls73_arm) by extension 'cmake'
[0.132s] Level 1:colcon.colcon_core.package_identification:_identify(开发资源/assets/components/arms/lkls73_arm) by extension 'python'
[0.132s] Level 1:colcon.colcon_core.package_identification:_identify(开发资源/assets/components/arms/lkls73_arm) by extensions ['python_setup_py']
[0.132s] Level 1:colcon.colcon_core.package_identification:_identify(开发资源/assets/components/arms/lkls73_arm) by extension 'python_setup_py'
[0.132s] Level 1:colcon.colcon_core.package_identification:_identify(开发资源/assets/components/arms/lkls73_arm/variants) by extensions ['ignore', 'ignore_ament_install']
[0.132s] Level 1:colcon.colcon_core.package_identification:_identify(开发资源/assets/components/arms/lkls73_arm/variants) by extension 'ignore'
[0.132s] Level 1:colcon.colcon_core.package_identification:_identify(开发资源/assets/components/arms/lkls73_arm/variants) by extension 'ignore_ament_install'
[0.132s] Level 1:colcon.colcon_core.package_identification:_identify(开发资源/assets/components/arms/lkls73_arm/variants) by extensions ['colcon_pkg']
[0.132s] Level 1:colcon.colcon_core.package_identification:_identify(开发资源/assets/components/arms/lkls73_arm/variants) by extension 'colcon_pkg'
[0.132s] Level 1:colcon.colcon_core.package_identification:_identify(开发资源/assets/components/arms/lkls73_arm/variants) by extensions ['colcon_meta']
[0.132s] Level 1:colcon.colcon_core.package_identification:_identify(开发资源/assets/components/arms/lkls73_arm/variants) by extension 'colcon_meta'
[0.132s] Level 1:colcon.colcon_core.package_identification:_identify(开发资源/assets/components/arms/lkls73_arm/variants) by extensions ['ros']
[0.132s] Level 1:colcon.colcon_core.package_identification:_identify(开发资源/assets/components/arms/lkls73_arm/variants) by extension 'ros'
[0.133s] Level 1:colcon.colcon_core.package_identification:_identify(开发资源/assets/components/arms/lkls73_arm/variants) by extensions ['cmake', 'python']
[0.133s] Level 1:colcon.colcon_core.package_identification:_identify(开发资源/assets/components/arms/lkls73_arm/variants) by extension 'cmake'
[0.133s] Level 1:colcon.colcon_core.package_identification:_identify(开发资源/assets/components/arms/lkls73_arm/variants) by extension 'python'
[0.133s] Level 1:colcon.colcon_core.package_identification:_identify(开发资源/assets/components/arms/lkls73_arm/variants) by extensions ['python_setup_py']
[0.133s] Level 1:colcon.colcon_core.package_identification:_identify(开发资源/assets/components/arms/lkls73_arm/variants) by extension 'python_setup_py'
[0.133s] Level 1:colcon.colcon_core.package_identification:_identify(开发资源/assets/components/arms/lkls73_arm/variants/left) by extensions ['ignore', 'ignore_ament_install']
[0.133s] Level 1:colcon.colcon_core.package_identification:_identify(开发资源/assets/components/arms/lkls73_arm/variants/left) by extension 'ignore'
[0.133s] Level 1:colcon.colcon_core.package_identification:_identify(开发资源/assets/components/arms/lkls73_arm/variants/left) by extension 'ignore_ament_install'
[0.133s] Level 1:colcon.colcon_core.package_identification:_identify(开发资源/assets/components/arms/lkls73_arm/variants/left) by extensions ['colcon_pkg']
[0.133s] Level 1:colcon.colcon_core.package_identification:_identify(开发资源/assets/components/arms/lkls73_arm/variants/left) by extension 'colcon_pkg'
[0.133s] Level 1:colcon.colcon_core.package_identification:_identify(开发资源/assets/components/arms/lkls73_arm/variants/left) by extensions ['colcon_meta']
[0.133s] Level 1:colcon.colcon_core.package_identification:_identify(开发资源/assets/components/arms/lkls73_arm/variants/left) by extension 'colcon_meta'
[0.133s] Level 1:colcon.colcon_core.package_identification:_identify(开发资源/assets/components/arms/lkls73_arm/variants/left) by extensions ['ros']
[0.133s] Level 1:colcon.colcon_core.package_identification:_identify(开发资源/assets/components/arms/lkls73_arm/variants/left) by extension 'ros'
[0.133s] Level 1:colcon.colcon_core.package_identification:_identify(开发资源/assets/components/arms/lkls73_arm/variants/left) by extensions ['cmake', 'python']
[0.133s] Level 1:colcon.colcon_core.package_identification:_identify(开发资源/assets/components/arms/lkls73_arm/variants/left) by extension 'cmake'
[0.133s] Level 1:colcon.colcon_core.package_identification:_identify(开发资源/assets/components/arms/lkls73_arm/variants/left) by extension 'python'
[0.133s] Level 1:colcon.colcon_core.package_identification:_identify(开发资源/assets/components/arms/lkls73_arm/variants/left) by extensions ['python_setup_py']
[0.133s] Level 1:colcon.colcon_core.package_identification:_identify(开发资源/assets/components/arms/lkls73_arm/variants/left) by extension 'python_setup_py'
[0.133s] Level 1:colcon.colcon_core.package_identification:_identify(开发资源/assets/components/arms/lkls73_arm/variants/left/meshes) by extensions ['ignore', 'ignore_ament_install']
[0.133s] Level 1:colcon.colcon_core.package_identification:_identify(开发资源/assets/components/arms/lkls73_arm/variants/left/meshes) by extension 'ignore'
[0.133s] Level 1:colcon.colcon_core.package_identification:_identify(开发资源/assets/components/arms/lkls73_arm/variants/left/meshes) by extension 'ignore_ament_install'
[0.133s] Level 1:colcon.colcon_core.package_identification:_identify(开发资源/assets/components/arms/lkls73_arm/variants/left/meshes) by extensions ['colcon_pkg']
[0.133s] Level 1:colcon.colcon_core.package_identification:_identify(开发资源/assets/components/arms/lkls73_arm/variants/left/meshes) by extension 'colcon_pkg'
[0.133s] Level 1:colcon.colcon_core.package_identification:_identify(开发资源/assets/components/arms/lkls73_arm/variants/left/meshes) by extensions ['colcon_meta']
[0.133s] Level 1:colcon.colcon_core.package_identification:_identify(开发资源/assets/components/arms/lkls73_arm/variants/left/meshes) by extension 'colcon_meta'
[0.133s] Level 1:colcon.colcon_core.package_identification:_identify(开发资源/assets/components/arms/lkls73_arm/variants/left/meshes) by extensions ['ros']
[0.133s] Level 1:colcon.colcon_core.package_identification:_identify(开发资源/assets/components/arms/lkls73_arm/variants/left/meshes) by extension 'ros'
[0.133s] Level 1:colcon.colcon_core.package_identification:_identify(开发资源/assets/components/arms/lkls73_arm/variants/left/meshes) by extensions ['cmake', 'python']
[0.133s] Level 1:colcon.colcon_core.package_identification:_identify(开发资源/assets/components/arms/lkls73_arm/variants/left/meshes) by extension 'cmake'
[0.133s] Level 1:colcon.colcon_core.package_identification:_identify(开发资源/assets/components/arms/lkls73_arm/variants/left/meshes) by extension 'python'
[0.133s] Level 1:colcon.colcon_core.package_identification:_identify(开发资源/assets/components/arms/lkls73_arm/variants/left/meshes) by extensions ['python_setup_py']
[0.133s] Level 1:colcon.colcon_core.package_identification:_identify(开发资源/assets/components/arms/lkls73_arm/variants/left/meshes) by extension 'python_setup_py'
[0.133s] Level 1:colcon.colcon_core.package_identification:_identify(开发资源/assets/components/arms/lkls73_arm/variants/right) by extensions ['ignore', 'ignore_ament_install']
[0.133s] Level 1:colcon.colcon_core.package_identification:_identify(开发资源/assets/components/arms/lkls73_arm/variants/right) by extension 'ignore'
[0.133s] Level 1:colcon.colcon_core.package_identification:_identify(开发资源/assets/components/arms/lkls73_arm/variants/right) by extension 'ignore_ament_install'
[0.133s] Level 1:colcon.colcon_core.package_identification:_identify(开发资源/assets/components/arms/lkls73_arm/variants/right) by extensions ['colcon_pkg']
[0.133s] Level 1:colcon.colcon_core.package_identification:_identify(开发资源/assets/components/arms/lkls73_arm/variants/right) by extension 'colcon_pkg'
[0.133s] Level 1:colcon.colcon_core.package_identification:_identify(开发资源/assets/components/arms/lkls73_arm/variants/right) by extensions ['colcon_meta']
[0.133s] Level 1:colcon.colcon_core.package_identification:_identify(开发资源/assets/components/arms/lkls73_arm/variants/right) by extension 'colcon_meta'
[0.133s] Level 1:colcon.colcon_core.package_identification:_identify(开发资源/assets/components/arms/lkls73_arm/variants/right) by extensions ['ros']
[0.133s] Level 1:colcon.colcon_core.package_identification:_identify(开发资源/assets/components/arms/lkls73_arm/variants/right) by extension 'ros'
[0.133s] Level 1:colcon.colcon_core.package_identification:_identify(开发资源/assets/components/arms/lkls73_arm/variants/right) by extensions ['cmake', 'python']
[0.133s] Level 1:colcon.colcon_core.package_identification:_identify(开发资源/assets/components/arms/lkls73_arm/variants/right) by extension 'cmake'
[0.133s] Level 1:colcon.colcon_core.package_identification:_identify(开发资源/assets/components/arms/lkls73_arm/variants/right) by extension 'python'
[0.133s] Level 1:colcon.colcon_core.package_identification:_identify(开发资源/assets/components/arms/lkls73_arm/variants/right) by extensions ['python_setup_py']
[0.133s] Level 1:colcon.colcon_core.package_identification:_identify(开发资源/assets/components/arms/lkls73_arm/variants/right) by extension 'python_setup_py'
[0.133s] Level 1:colcon.colcon_core.package_identification:_identify(开发资源/assets/components/arms/lkls73_arm/variants/right/meshes) by extensions ['ignore', 'ignore_ament_install']
[0.134s] Level 1:colcon.colcon_core.package_identification:_identify(开发资源/assets/components/arms/lkls73_arm/variants/right/meshes) by extension 'ignore'
[0.134s] Level 1:colcon.colcon_core.package_identification:_identify(开发资源/assets/components/arms/lkls73_arm/variants/right/meshes) by extension 'ignore_ament_install'
[0.134s] Level 1:colcon.colcon_core.package_identification:_identify(开发资源/assets/components/arms/lkls73_arm/variants/right/meshes) by extensions ['colcon_pkg']
[0.134s] Level 1:colcon.colcon_core.package_identification:_identify(开发资源/assets/components/arms/lkls73_arm/variants/right/meshes) by extension 'colcon_pkg'
[0.134s] Level 1:colcon.colcon_core.package_identification:_identify(开发资源/assets/components/arms/lkls73_arm/variants/right/meshes) by extensions ['colcon_meta']
[0.134s] Level 1:colcon.colcon_core.package_identification:_identify(开发资源/assets/components/arms/lkls73_arm/variants/right/meshes) by extension 'colcon_meta'
[0.134s] Level 1:colcon.colcon_core.package_identification:_identify(开发资源/assets/components/arms/lkls73_arm/variants/right/meshes) by extensions ['ros']
[0.134s] Level 1:colcon.colcon_core.package_identification:_identify(开发资源/assets/components/arms/lkls73_arm/variants/right/meshes) by extension 'ros'
[0.134s] Level 1:colcon.colcon_core.package_identification:_identify(开发资源/assets/components/arms/lkls73_arm/variants/right/meshes) by extensions ['cmake', 'python']
[0.134s] Level 1:colcon.colcon_core.package_identification:_identify(开发资源/assets/components/arms/lkls73_arm/variants/right/meshes) by extension 'cmake'
[0.134s] Level 1:colcon.colcon_core.package_identification:_identify(开发资源/assets/components/arms/lkls73_arm/variants/right/meshes) by extension 'python'
[0.134s] Level 1:colcon.colcon_core.package_identification:_identify(开发资源/assets/components/arms/lkls73_arm/variants/right/meshes) by extensions ['python_setup_py']
[0.134s] Level 1:colcon.colcon_core.package_identification:_identify(开发资源/assets/components/arms/lkls73_arm/variants/right/meshes) by extension 'python_setup_py'
[0.134s] Level 1:colcon.colcon_core.package_identification:_identify(开发资源/assets/components/bases) by extensions ['ignore', 'ignore_ament_install']
[0.134s] Level 1:colcon.colcon_core.package_identification:_identify(开发资源/assets/components/bases) by extension 'ignore'
[0.134s] Level 1:colcon.colcon_core.package_identification:_identify(开发资源/assets/components/bases) by extension 'ignore_ament_install'
[0.134s] Level 1:colcon.colcon_core.package_identification:_identify(开发资源/assets/components/bases) by extensions ['colcon_pkg']
[0.134s] Level 1:colcon.colcon_core.package_identification:_identify(开发资源/assets/components/bases) by extension 'colcon_pkg'
[0.134s] Level 1:colcon.colcon_core.package_identification:_identify(开发资源/assets/components/bases) by extensions ['colcon_meta']
[0.134s] Level 1:colcon.colcon_core.package_identification:_identify(开发资源/assets/components/bases) by extension 'colcon_meta'
[0.134s] Level 1:colcon.colcon_core.package_identification:_identify(开发资源/assets/components/bases) by extensions ['ros']
[0.134s] Level 1:colcon.colcon_core.package_identification:_identify(开发资源/assets/components/bases) by extension 'ros'
[0.134s] Level 1:colcon.colcon_core.package_identification:_identify(开发资源/assets/components/bases) by extensions ['cmake', 'python']
[0.134s] Level 1:colcon.colcon_core.package_identification:_identify(开发资源/assets/components/bases) by extension 'cmake'
[0.134s] Level 1:colcon.colcon_core.package_identification:_identify(开发资源/assets/components/bases) by extension 'python'
[0.134s] Level 1:colcon.colcon_core.package_identification:_identify(开发资源/assets/components/bases) by extensions ['python_setup_py']
[0.134s] Level 1:colcon.colcon_core.package_identification:_identify(开发资源/assets/components/bases) by extension 'python_setup_py'
[0.134s] Level 1:colcon.colcon_core.package_identification:_identify(开发资源/assets/components/bases/lkls73_torso) by extensions ['ignore', 'ignore_ament_install']
[0.134s] Level 1:colcon.colcon_core.package_identification:_identify(开发资源/assets/components/bases/lkls73_torso) by extension 'ignore'
[0.134s] Level 1:colcon.colcon_core.package_identification:_identify(开发资源/assets/components/bases/lkls73_torso) by extension 'ignore_ament_install'
[0.134s] Level 1:colcon.colcon_core.package_identification:_identify(开发资源/assets/components/bases/lkls73_torso) by extensions ['colcon_pkg']
[0.134s] Level 1:colcon.colcon_core.package_identification:_identify(开发资源/assets/components/bases/lkls73_torso) by extension 'colcon_pkg'
[0.134s] Level 1:colcon.colcon_core.package_identification:_identify(开发资源/assets/components/bases/lkls73_torso) by extensions ['colcon_meta']
[0.134s] Level 1:colcon.colcon_core.package_identification:_identify(开发资源/assets/components/bases/lkls73_torso) by extension 'colcon_meta'
[0.134s] Level 1:colcon.colcon_core.package_identification:_identify(开发资源/assets/components/bases/lkls73_torso) by extensions ['ros']
[0.134s] Level 1:colcon.colcon_core.package_identification:_identify(开发资源/assets/components/bases/lkls73_torso) by extension 'ros'
[0.134s] Level 1:colcon.colcon_core.package_identification:_identify(开发资源/assets/components/bases/lkls73_torso) by extensions ['cmake', 'python']
[0.134s] Level 1:colcon.colcon_core.package_identification:_identify(开发资源/assets/components/bases/lkls73_torso) by extension 'cmake'
[0.134s] Level 1:colcon.colcon_core.package_identification:_identify(开发资源/assets/components/bases/lkls73_torso) by extension 'python'
[0.134s] Level 1:colcon.colcon_core.package_identification:_identify(开发资源/assets/components/bases/lkls73_torso) by extensions ['python_setup_py']
[0.134s] Level 1:colcon.colcon_core.package_identification:_identify(开发资源/assets/components/bases/lkls73_torso) by extension 'python_setup_py'
[0.134s] Level 1:colcon.colcon_core.package_identification:_identify(开发资源/assets/components/bases/lkls73_torso/variants) by extensions ['ignore', 'ignore_ament_install']
[0.134s] Level 1:colcon.colcon_core.package_identification:_identify(开发资源/assets/components/bases/lkls73_torso/variants) by extension 'ignore'
[0.134s] Level 1:colcon.colcon_core.package_identification:_identify(开发资源/assets/components/bases/lkls73_torso/variants) by extension 'ignore_ament_install'
[0.134s] Level 1:colcon.colcon_core.package_identification:_identify(开发资源/assets/components/bases/lkls73_torso/variants) by extensions ['colcon_pkg']
[0.134s] Level 1:colcon.colcon_core.package_identification:_identify(开发资源/assets/components/bases/lkls73_torso/variants) by extension 'colcon_pkg'
[0.134s] Level 1:colcon.colcon_core.package_identification:_identify(开发资源/assets/components/bases/lkls73_torso/variants) by extensions ['colcon_meta']
[0.134s] Level 1:colcon.colcon_core.package_identification:_identify(开发资源/assets/components/bases/lkls73_torso/variants) by extension 'colcon_meta'
[0.134s] Level 1:colcon.colcon_core.package_identification:_identify(开发资源/assets/components/bases/lkls73_torso/variants) by extensions ['ros']
[0.134s] Level 1:colcon.colcon_core.package_identification:_identify(开发资源/assets/components/bases/lkls73_torso/variants) by extension 'ros'
[0.134s] Level 1:colcon.colcon_core.package_identification:_identify(开发资源/assets/components/bases/lkls73_torso/variants) by extensions ['cmake', 'python']
[0.134s] Level 1:colcon.colcon_core.package_identification:_identify(开发资源/assets/components/bases/lkls73_torso/variants) by extension 'cmake'
[0.134s] Level 1:colcon.colcon_core.package_identification:_identify(开发资源/assets/components/bases/lkls73_torso/variants) by extension 'python'
[0.134s] Level 1:colcon.colcon_core.package_identification:_identify(开发资源/assets/components/bases/lkls73_torso/variants) by extensions ['python_setup_py']
[0.135s] Level 1:colcon.colcon_core.package_identification:_identify(开发资源/assets/components/bases/lkls73_torso/variants) by extension 'python_setup_py'
[0.135s] Level 1:colcon.colcon_core.package_identification:_identify(开发资源/assets/components/bases/lkls73_torso/variants/default) by extensions ['ignore', 'ignore_ament_install']
[0.135s] Level 1:colcon.colcon_core.package_identification:_identify(开发资源/assets/components/bases/lkls73_torso/variants/default) by extension 'ignore'
[0.135s] Level 1:colcon.colcon_core.package_identification:_identify(开发资源/assets/components/bases/lkls73_torso/variants/default) by extension 'ignore_ament_install'
[0.135s] Level 1:colcon.colcon_core.package_identification:_identify(开发资源/assets/components/bases/lkls73_torso/variants/default) by extensions ['colcon_pkg']
[0.135s] Level 1:colcon.colcon_core.package_identification:_identify(开发资源/assets/components/bases/lkls73_torso/variants/default) by extension 'colcon_pkg'
[0.135s] Level 1:colcon.colcon_core.package_identification:_identify(开发资源/assets/components/bases/lkls73_torso/variants/default) by extensions ['colcon_meta']
[0.135s] Level 1:colcon.colcon_core.package_identification:_identify(开发资源/assets/components/bases/lkls73_torso/variants/default) by extension 'colcon_meta'
[0.135s] Level 1:colcon.colcon_core.package_identification:_identify(开发资源/assets/components/bases/lkls73_torso/variants/default) by extensions ['ros']
[0.135s] Level 1:colcon.colcon_core.package_identification:_identify(开发资源/assets/components/bases/lkls73_torso/variants/default) by extension 'ros'
[0.135s] Level 1:colcon.colcon_core.package_identification:_identify(开发资源/assets/components/bases/lkls73_torso/variants/default) by extensions ['cmake', 'python']
[0.135s] Level 1:colcon.colcon_core.package_identification:_identify(开发资源/assets/components/bases/lkls73_torso/variants/default) by extension 'cmake'
[0.135s] Level 1:colcon.colcon_core.package_identification:_identify(开发资源/assets/components/bases/lkls73_torso/variants/default) by extension 'python'
[0.135s] Level 1:colcon.colcon_core.package_identification:_identify(开发资源/assets/components/bases/lkls73_torso/variants/default) by extensions ['python_setup_py']
[0.135s] Level 1:colcon.colcon_core.package_identification:_identify(开发资源/assets/components/bases/lkls73_torso/variants/default) by extension 'python_setup_py'
[0.135s] Level 1:colcon.colcon_core.package_identification:_identify(开发资源/assets/components/bases/lkls73_torso/variants/default/meshes) by extensions ['ignore', 'ignore_ament_install']
[0.135s] Level 1:colcon.colcon_core.package_identification:_identify(开发资源/assets/components/bases/lkls73_torso/variants/default/meshes) by extension 'ignore'
[0.135s] Level 1:colcon.colcon_core.package_identification:_identify(开发资源/assets/components/bases/lkls73_torso/variants/default/meshes) by extension 'ignore_ament_install'
[0.135s] Level 1:colcon.colcon_core.package_identification:_identify(开发资源/assets/components/bases/lkls73_torso/variants/default/meshes) by extensions ['colcon_pkg']
[0.135s] Level 1:colcon.colcon_core.package_identification:_identify(开发资源/assets/components/bases/lkls73_torso/variants/default/meshes) by extension 'colcon_pkg'
[0.135s] Level 1:colcon.colcon_core.package_identification:_identify(开发资源/assets/components/bases/lkls73_torso/variants/default/meshes) by extensions ['colcon_meta']
[0.135s] Level 1:colcon.colcon_core.package_identification:_identify(开发资源/assets/components/bases/lkls73_torso/variants/default/meshes) by extension 'colcon_meta'
[0.135s] Level 1:colcon.colcon_core.package_identification:_identify(开发资源/assets/components/bases/lkls73_torso/variants/default/meshes) by extensions ['ros']
[0.135s] Level 1:colcon.colcon_core.package_identification:_identify(开发资源/assets/components/bases/lkls73_torso/variants/default/meshes) by extension 'ros'
[0.135s] Level 1:colcon.colcon_core.package_identification:_identify(开发资源/assets/components/bases/lkls73_torso/variants/default/meshes) by extensions ['cmake', 'python']
[0.135s] Level 1:colcon.colcon_core.package_identification:_identify(开发资源/assets/components/bases/lkls73_torso/variants/default/meshes) by extension 'cmake'
[0.135s] Level 1:colcon.colcon_core.package_identification:_identify(开发资源/assets/components/bases/lkls73_torso/variants/default/meshes) by extension 'python'
[0.135s] Level 1:colcon.colcon_core.package_identification:_identify(开发资源/assets/components/bases/lkls73_torso/variants/default/meshes) by extensions ['python_setup_py']
[0.135s] Level 1:colcon.colcon_core.package_identification:_identify(开发资源/assets/components/bases/lkls73_torso/variants/default/meshes) by extension 'python_setup_py'
[0.135s] Level 1:colcon.colcon_core.package_identification:_identify(开发资源/assets/components/hands) by extensions ['ignore', 'ignore_ament_install']
[0.135s] Level 1:colcon.colcon_core.package_identification:_identify(开发资源/assets/components/hands) by extension 'ignore'
[0.135s] Level 1:colcon.colcon_core.package_identification:_identify(开发资源/assets/components/hands) by extension 'ignore_ament_install'
[0.135s] Level 1:colcon.colcon_core.package_identification:_identify(开发资源/assets/components/hands) by extensions ['colcon_pkg']
[0.135s] Level 1:colcon.colcon_core.package_identification:_identify(开发资源/assets/components/hands) by extension 'colcon_pkg'
[0.135s] Level 1:colcon.colcon_core.package_identification:_identify(开发资源/assets/components/hands) by extensions ['colcon_meta']
[0.135s] Level 1:colcon.colcon_core.package_identification:_identify(开发资源/assets/components/hands) by extension 'colcon_meta'
[0.135s] Level 1:colcon.colcon_core.package_identification:_identify(开发资源/assets/components/hands) by extensions ['ros']
[0.135s] Level 1:colcon.colcon_core.package_identification:_identify(开发资源/assets/components/hands) by extension 'ros'
[0.135s] Level 1:colcon.colcon_core.package_identification:_identify(开发资源/assets/components/hands) by extensions ['cmake', 'python']
[0.135s] Level 1:colcon.colcon_core.package_identification:_identify(开发资源/assets/components/hands) by extension 'cmake'
[0.135s] Level 1:colcon.colcon_core.package_identification:_identify(开发资源/assets/components/hands) by extension 'python'
[0.135s] Level 1:colcon.colcon_core.package_identification:_identify(开发资源/assets/components/hands) by extensions ['python_setup_py']
[0.135s] Level 1:colcon.colcon_core.package_identification:_identify(开发资源/assets/components/hands) by extension 'python_setup_py'
[0.136s] Level 1:colcon.colcon_core.package_identification:_identify(开发资源/assets/components/hands/linkerhand_o6) by extensions ['ignore', 'ignore_ament_install']
[0.136s] Level 1:colcon.colcon_core.package_identification:_identify(开发资源/assets/components/hands/linkerhand_o6) by extension 'ignore'
[0.136s] Level 1:colcon.colcon_core.package_identification:_identify(开发资源/assets/components/hands/linkerhand_o6) by extension 'ignore_ament_install'
[0.136s] Level 1:colcon.colcon_core.package_identification:_identify(开发资源/assets/components/hands/linkerhand_o6) by extensions ['colcon_pkg']
[0.136s] Level 1:colcon.colcon_core.package_identification:_identify(开发资源/assets/components/hands/linkerhand_o6) by extension 'colcon_pkg'
[0.136s] Level 1:colcon.colcon_core.package_identification:_identify(开发资源/assets/components/hands/linkerhand_o6) by extensions ['colcon_meta']
[0.136s] Level 1:colcon.colcon_core.package_identification:_identify(开发资源/assets/components/hands/linkerhand_o6) by extension 'colcon_meta'
[0.136s] Level 1:colcon.colcon_core.package_identification:_identify(开发资源/assets/components/hands/linkerhand_o6) by extensions ['ros']
[0.136s] Level 1:colcon.colcon_core.package_identification:_identify(开发资源/assets/components/hands/linkerhand_o6) by extension 'ros'
[0.136s] Level 1:colcon.colcon_core.package_identification:_identify(开发资源/assets/components/hands/linkerhand_o6) by extensions ['cmake', 'python']
[0.136s] Level 1:colcon.colcon_core.package_identification:_identify(开发资源/assets/components/hands/linkerhand_o6) by extension 'cmake'
[0.136s] Level 1:colcon.colcon_core.package_identification:_identify(开发资源/assets/components/hands/linkerhand_o6) by extension 'python'
[0.136s] Level 1:colcon.colcon_core.package_identification:_identify(开发资源/assets/components/hands/linkerhand_o6) by extensions ['python_setup_py']
[0.136s] Level 1:colcon.colcon_core.package_identification:_identify(开发资源/assets/components/hands/linkerhand_o6) by extension 'python_setup_py'
[0.136s] Level 1:colcon.colcon_core.package_identification:_identify(开发资源/assets/components/hands/linkerhand_o6/variants) by extensions ['ignore', 'ignore_ament_install']
[0.136s] Level 1:colcon.colcon_core.package_identification:_identify(开发资源/assets/components/hands/linkerhand_o6/variants) by extension 'ignore'
[0.136s] Level 1:colcon.colcon_core.package_identification:_identify(开发资源/assets/components/hands/linkerhand_o6/variants) by extension 'ignore_ament_install'
[0.136s] Level 1:colcon.colcon_core.package_identification:_identify(开发资源/assets/components/hands/linkerhand_o6/variants) by extensions ['colcon_pkg']
[0.136s] Level 1:colcon.colcon_core.package_identification:_identify(开发资源/assets/components/hands/linkerhand_o6/variants) by extension 'colcon_pkg'
[0.136s] Level 1:colcon.colcon_core.package_identification:_identify(开发资源/assets/components/hands/linkerhand_o6/variants) by extensions ['colcon_meta']
[0.136s] Level 1:colcon.colcon_core.package_identification:_identify(开发资源/assets/components/hands/linkerhand_o6/variants) by extension 'colcon_meta'
[0.136s] Level 1:colcon.colcon_core.package_identification:_identify(开发资源/assets/components/hands/linkerhand_o6/variants) by extensions ['ros']
[0.136s] Level 1:colcon.colcon_core.package_identification:_identify(开发资源/assets/components/hands/linkerhand_o6/variants) by extension 'ros'
[0.136s] Level 1:colcon.colcon_core.package_identification:_identify(开发资源/assets/components/hands/linkerhand_o6/variants) by extensions ['cmake', 'python']
[0.136s] Level 1:colcon.colcon_core.package_identification:_identify(开发资源/assets/components/hands/linkerhand_o6/variants) by extension 'cmake'
[0.136s] Level 1:colcon.colcon_core.package_identification:_identify(开发资源/assets/components/hands/linkerhand_o6/variants) by extension 'python'
[0.136s] Level 1:colcon.colcon_core.package_identification:_identify(开发资源/assets/components/hands/linkerhand_o6/variants) by extensions ['python_setup_py']
[0.136s] Level 1:colcon.colcon_core.package_identification:_identify(开发资源/assets/components/hands/linkerhand_o6/variants) by extension 'python_setup_py'
[0.136s] Level 1:colcon.colcon_core.package_identification:_identify(开发资源/assets/components/hands/linkerhand_o6/variants/left) by extensions ['ignore', 'ignore_ament_install']
[0.136s] Level 1:colcon.colcon_core.package_identification:_identify(开发资源/assets/components/hands/linkerhand_o6/variants/left) by extension 'ignore'
[0.136s] Level 1:colcon.colcon_core.package_identification:_identify(开发资源/assets/components/hands/linkerhand_o6/variants/left) by extension 'ignore_ament_install'
[0.136s] Level 1:colcon.colcon_core.package_identification:_identify(开发资源/assets/components/hands/linkerhand_o6/variants/left) by extensions ['colcon_pkg']
[0.136s] Level 1:colcon.colcon_core.package_identification:_identify(开发资源/assets/components/hands/linkerhand_o6/variants/left) by extension 'colcon_pkg'
[0.136s] Level 1:colcon.colcon_core.package_identification:_identify(开发资源/assets/components/hands/linkerhand_o6/variants/left) by extensions ['colcon_meta']
[0.136s] Level 1:colcon.colcon_core.package_identification:_identify(开发资源/assets/components/hands/linkerhand_o6/variants/left) by extension 'colcon_meta'
[0.136s] Level 1:colcon.colcon_core.package_identification:_identify(开发资源/assets/components/hands/linkerhand_o6/variants/left) by extensions ['ros']
[0.136s] Level 1:colcon.colcon_core.package_identification:_identify(开发资源/assets/components/hands/linkerhand_o6/variants/left) by extension 'ros'
[0.136s] Level 1:colcon.colcon_core.package_identification:_identify(开发资源/assets/components/hands/linkerhand_o6/variants/left) by extensions ['cmake', 'python']
[0.136s] Level 1:colcon.colcon_core.package_identification:_identify(开发资源/assets/components/hands/linkerhand_o6/variants/left) by extension 'cmake'
[0.136s] Level 1:colcon.colcon_core.package_identification:_identify(开发资源/assets/components/hands/linkerhand_o6/variants/left) by extension 'python'
[0.136s] Level 1:colcon.colcon_core.package_identification:_identify(开发资源/assets/components/hands/linkerhand_o6/variants/left) by extensions ['python_setup_py']
[0.136s] Level 1:colcon.colcon_core.package_identification:_identify(开发资源/assets/components/hands/linkerhand_o6/variants/left) by extension 'python_setup_py'
[0.136s] Level 1:colcon.colcon_core.package_identification:_identify(开发资源/assets/components/hands/linkerhand_o6/variants/left/meshes) by extensions ['ignore', 'ignore_ament_install']
[0.137s] Level 1:colcon.colcon_core.package_identification:_identify(开发资源/assets/components/hands/linkerhand_o6/variants/left/meshes) by extension 'ignore'
[0.137s] Level 1:colcon.colcon_core.package_identification:_identify(开发资源/assets/components/hands/linkerhand_o6/variants/left/meshes) by extension 'ignore_ament_install'
[0.137s] Level 1:colcon.colcon_core.package_identification:_identify(开发资源/assets/components/hands/linkerhand_o6/variants/left/meshes) by extensions ['colcon_pkg']
[0.137s] Level 1:colcon.colcon_core.package_identification:_identify(开发资源/assets/components/hands/linkerhand_o6/variants/left/meshes) by extension 'colcon_pkg'
[0.137s] Level 1:colcon.colcon_core.package_identification:_identify(开发资源/assets/components/hands/linkerhand_o6/variants/left/meshes) by extensions ['colcon_meta']
[0.137s] Level 1:colcon.colcon_core.package_identification:_identify(开发资源/assets/components/hands/linkerhand_o6/variants/left/meshes) by extension 'colcon_meta'
[0.137s] Level 1:colcon.colcon_core.package_identification:_identify(开发资源/assets/components/hands/linkerhand_o6/variants/left/meshes) by extensions ['ros']
[0.137s] Level 1:colcon.colcon_core.package_identification:_identify(开发资源/assets/components/hands/linkerhand_o6/variants/left/meshes) by extension 'ros'
[0.137s] Level 1:colcon.colcon_core.package_identification:_identify(开发资源/assets/components/hands/linkerhand_o6/variants/left/meshes) by extensions ['cmake', 'python']
[0.137s] Level 1:colcon.colcon_core.package_identification:_identify(开发资源/assets/components/hands/linkerhand_o6/variants/left/meshes) by extension 'cmake'
[0.137s] Level 1:colcon.colcon_core.package_identification:_identify(开发资源/assets/components/hands/linkerhand_o6/variants/left/meshes) by extension 'python'
[0.137s] Level 1:colcon.colcon_core.package_identification:_identify(开发资源/assets/components/hands/linkerhand_o6/variants/left/meshes) by extensions ['python_setup_py']
[0.137s] Level 1:colcon.colcon_core.package_identification:_identify(开发资源/assets/components/hands/linkerhand_o6/variants/left/meshes) by extension 'python_setup_py'
[0.137s] Level 1:colcon.colcon_core.package_identification:_identify(开发资源/assets/components/hands/linkerhand_o6/variants/right) by extensions ['ignore', 'ignore_ament_install']
[0.137s] Level 1:colcon.colcon_core.package_identification:_identify(开发资源/assets/components/hands/linkerhand_o6/variants/right) by extension 'ignore'
[0.137s] Level 1:colcon.colcon_core.package_identification:_identify(开发资源/assets/components/hands/linkerhand_o6/variants/right) by extension 'ignore_ament_install'
[0.137s] Level 1:colcon.colcon_core.package_identification:_identify(开发资源/assets/components/hands/linkerhand_o6/variants/right) by extensions ['colcon_pkg']
[0.137s] Level 1:colcon.colcon_core.package_identification:_identify(开发资源/assets/components/hands/linkerhand_o6/variants/right) by extension 'colcon_pkg'
[0.137s] Level 1:colcon.colcon_core.package_identification:_identify(开发资源/assets/components/hands/linkerhand_o6/variants/right) by extensions ['colcon_meta']
[0.137s] Level 1:colcon.colcon_core.package_identification:_identify(开发资源/assets/components/hands/linkerhand_o6/variants/right) by extension 'colcon_meta'
[0.137s] Level 1:colcon.colcon_core.package_identification:_identify(开发资源/assets/components/hands/linkerhand_o6/variants/right) by extensions ['ros']
[0.137s] Level 1:colcon.colcon_core.package_identification:_identify(开发资源/assets/components/hands/linkerhand_o6/variants/right) by extension 'ros'
[0.137s] Level 1:colcon.colcon_core.package_identification:_identify(开发资源/assets/components/hands/linkerhand_o6/variants/right) by extensions ['cmake', 'python']
[0.137s] Level 1:colcon.colcon_core.package_identification:_identify(开发资源/assets/components/hands/linkerhand_o6/variants/right) by extension 'cmake'
[0.137s] Level 1:colcon.colcon_core.package_identification:_identify(开发资源/assets/components/hands/linkerhand_o6/variants/right) by extension 'python'
[0.137s] Level 1:colcon.colcon_core.package_identification:_identify(开发资源/assets/components/hands/linkerhand_o6/variants/right) by extensions ['python_setup_py']
[0.137s] Level 1:colcon.colcon_core.package_identification:_identify(开发资源/assets/components/hands/linkerhand_o6/variants/right) by extension 'python_setup_py'
[0.137s] Level 1:colcon.colcon_core.package_identification:_identify(开发资源/assets/components/hands/linkerhand_o6/variants/right/meshes) by extensions ['ignore', 'ignore_ament_install']
[0.137s] Level 1:colcon.colcon_core.package_identification:_identify(开发资源/assets/components/hands/linkerhand_o6/variants/right/meshes) by extension 'ignore'
[0.137s] Level 1:colcon.colcon_core.package_identification:_identify(开发资源/assets/components/hands/linkerhand_o6/variants/right/meshes) by extension 'ignore_ament_install'
[0.137s] Level 1:colcon.colcon_core.package_identification:_identify(开发资源/assets/components/hands/linkerhand_o6/variants/right/meshes) by extensions ['colcon_pkg']
[0.137s] Level 1:colcon.colcon_core.package_identification:_identify(开发资源/assets/components/hands/linkerhand_o6/variants/right/meshes) by extension 'colcon_pkg'
[0.137s] Level 1:colcon.colcon_core.package_identification:_identify(开发资源/assets/components/hands/linkerhand_o6/variants/right/meshes) by extensions ['colcon_meta']
[0.137s] Level 1:colcon.colcon_core.package_identification:_identify(开发资源/assets/components/hands/linkerhand_o6/variants/right/meshes) by extension 'colcon_meta'
[0.137s] Level 1:colcon.colcon_core.package_identification:_identify(开发资源/assets/components/hands/linkerhand_o6/variants/right/meshes) by extensions ['ros']
[0.137s] Level 1:colcon.colcon_core.package_identification:_identify(开发资源/assets/components/hands/linkerhand_o6/variants/right/meshes) by extension 'ros'
[0.137s] Level 1:colcon.colcon_core.package_identification:_identify(开发资源/assets/components/hands/linkerhand_o6/variants/right/meshes) by extensions ['cmake', 'python']
[0.137s] Level 1:colcon.colcon_core.package_identification:_identify(开发资源/assets/components/hands/linkerhand_o6/variants/right/meshes) by extension 'cmake'
[0.137s] Level 1:colcon.colcon_core.package_identification:_identify(开发资源/assets/components/hands/linkerhand_o6/variants/right/meshes) by extension 'python'
[0.137s] Level 1:colcon.colcon_core.package_identification:_identify(开发资源/assets/components/hands/linkerhand_o6/variants/right/meshes) by extensions ['python_setup_py']
[0.137s] Level 1:colcon.colcon_core.package_identification:_identify(开发资源/assets/components/hands/linkerhand_o6/variants/right/meshes) by extension 'python_setup_py'
[0.137s] Level 1:colcon.colcon_core.package_identification:_identify(开发资源/assets/workstations) by extensions ['ignore', 'ignore_ament_install']
[0.137s] Level 1:colcon.colcon_core.package_identification:_identify(开发资源/assets/workstations) by extension 'ignore'
[0.137s] Level 1:colcon.colcon_core.package_identification:_identify(开发资源/assets/workstations) by extension 'ignore_ament_install'
[0.137s] Level 1:colcon.colcon_core.package_identification:_identify(开发资源/assets/workstations) by extensions ['colcon_pkg']
[0.137s] Level 1:colcon.colcon_core.package_identification:_identify(开发资源/assets/workstations) by extension 'colcon_pkg'
[0.137s] Level 1:colcon.colcon_core.package_identification:_identify(开发资源/assets/workstations) by extensions ['colcon_meta']
[0.137s] Level 1:colcon.colcon_core.package_identification:_identify(开发资源/assets/workstations) by extension 'colcon_meta'
[0.137s] Level 1:colcon.colcon_core.package_identification:_identify(开发资源/assets/workstations) by extensions ['ros']
[0.137s] Level 1:colcon.colcon_core.package_identification:_identify(开发资源/assets/workstations) by extension 'ros'
[0.137s] Level 1:colcon.colcon_core.package_identification:_identify(开发资源/assets/workstations) by extensions ['cmake', 'python']
[0.137s] Level 1:colcon.colcon_core.package_identification:_identify(开发资源/assets/workstations) by extension 'cmake'
[0.138s] Level 1:colcon.colcon_core.package_identification:_identify(开发资源/assets/workstations) by extension 'python'
[0.138s] Level 1:colcon.colcon_core.package_identification:_identify(开发资源/assets/workstations) by extensions ['python_setup_py']
[0.138s] Level 1:colcon.colcon_core.package_identification:_identify(开发资源/assets/workstations) by extension 'python_setup_py'
[0.138s] Level 1:colcon.colcon_core.package_identification:_identify(开发资源/assets/workstations/lkls73_i1_o6_bimanual) by extensions ['ignore', 'ignore_ament_install']
[0.138s] Level 1:colcon.colcon_core.package_identification:_identify(开发资源/assets/workstations/lkls73_i1_o6_bimanual) by extension 'ignore'
[0.138s] Level 1:colcon.colcon_core.package_identification:_identify(开发资源/assets/workstations/lkls73_i1_o6_bimanual) by extension 'ignore_ament_install'
[0.138s] Level 1:colcon.colcon_core.package_identification:_identify(开发资源/assets/workstations/lkls73_i1_o6_bimanual) by extensions ['colcon_pkg']
[0.138s] Level 1:colcon.colcon_core.package_identification:_identify(开发资源/assets/workstations/lkls73_i1_o6_bimanual) by extension 'colcon_pkg'
[0.138s] Level 1:colcon.colcon_core.package_identification:_identify(开发资源/assets/workstations/lkls73_i1_o6_bimanual) by extensions ['colcon_meta']
[0.138s] Level 1:colcon.colcon_core.package_identification:_identify(开发资源/assets/workstations/lkls73_i1_o6_bimanual) by extension 'colcon_meta'
[0.138s] Level 1:colcon.colcon_core.package_identification:_identify(开发资源/assets/workstations/lkls73_i1_o6_bimanual) by extensions ['ros']
[0.138s] Level 1:colcon.colcon_core.package_identification:_identify(开发资源/assets/workstations/lkls73_i1_o6_bimanual) by extension 'ros'
[0.138s] Level 1:colcon.colcon_core.package_identification:_identify(开发资源/assets/workstations/lkls73_i1_o6_bimanual) by extensions ['cmake', 'python']
[0.138s] Level 1:colcon.colcon_core.package_identification:_identify(开发资源/assets/workstations/lkls73_i1_o6_bimanual) by extension 'cmake'
[0.138s] Level 1:colcon.colcon_core.package_identification:_identify(开发资源/assets/workstations/lkls73_i1_o6_bimanual) by extension 'python'
[0.138s] Level 1:colcon.colcon_core.package_identification:_identify(开发资源/assets/workstations/lkls73_i1_o6_bimanual) by extensions ['python_setup_py']
[0.138s] Level 1:colcon.colcon_core.package_identification:_identify(开发资源/assets/workstations/lkls73_i1_o6_bimanual) by extension 'python_setup_py'
[0.138s] Level 1:colcon.colcon_core.package_discovery:discover_packages(recursive) using defaults
[0.138s] Level 1:colcon.colcon_core.package_discovery:discover_packages(ignore) discover
[0.138s] Level 1:colcon.colcon_core.package_discovery:discover_packages(ignore) using defaults
[0.138s] Level 1:colcon.colcon_core.package_discovery:discover_packages(path) discover
[0.138s] Level 1:colcon.colcon_core.package_discovery:discover_packages(path) using defaults
